Archive member included to satisfy reference by file (symbol)

/Applications/SEGGER Embedded Studio for ARM 4.52c/lib/libc_v7em_fpv4_sp_d16_hard_t_le_eabi.a(libc_asm.o)
                              Output/ipac_ble_central Release/Obj/bsp.o (__aeabi_uldivmod)
/Applications/SEGGER Embedded Studio for ARM 4.52c/lib/libc_v7em_fpv4_sp_d16_hard_t_le_eabi.a(libc2.o)
                              Output/ipac_ble_central Release/Obj/ble_advdata.o (memcmp)
/Applications/SEGGER Embedded Studio for ARM 4.52c/lib/libc_v7em_fpv4_sp_d16_hard_t_le_eabi.a(libc2_asm.o)
                              Output/ipac_ble_central Release/Obj/app_scheduler.o (memcpy)
/Applications/SEGGER Embedded Studio for ARM 4.52c/lib/libc_v7em_fpv4_sp_d16_hard_t_le_eabi.a(libc.o)
                              /Applications/SEGGER Embedded Studio for ARM 4.52c/lib/libc_v7em_fpv4_sp_d16_hard_t_le_eabi.a(libc2.o) (__heap_lock)
/Applications/SEGGER Embedded Studio for ARM 4.52c/lib/libdebugio_v7em_fpv4_sp_d16_hard_t_le_eabi.a(libdebugio.o)
                              Output/ipac_ble_central Release/Obj/thumb_crt0.o (debug_fopen)
/Applications/SEGGER Embedded Studio for ARM 4.52c/lib/libdebugio_mempoll_v7em_fpv4_sp_d16_hard_t_le_eabi.a(mempoll_debug_operations.o)
                              /Applications/SEGGER Embedded Studio for ARM 4.52c/lib/libdebugio_v7em_fpv4_sp_d16_hard_t_le_eabi.a(libdebugio.o) (__do_debug_operation)
/Applications/SEGGER Embedded Studio for ARM 4.52c/lib/libdebugio_mempoll_v7em_fpv4_sp_d16_hard_t_le_eabi.a(do_nv_debug_operation.o)
                              /Applications/SEGGER Embedded Studio for ARM 4.52c/lib/libdebugio_v7em_fpv4_sp_d16_hard_t_le_eabi.a(libdebugio.o) (__do_nvdebug_operation)
/Applications/SEGGER Embedded Studio for ARM 4.52c/lib/libm_v7em_fpv4_sp_d16_hard_t_le_eabi.a(libm_asm.o)
                              /Applications/SEGGER Embedded Studio for ARM 4.52c/lib/libc_v7em_fpv4_sp_d16_hard_t_le_eabi.a(libc2.o) (__aeabi_dadd)
/Applications/SEGGER Embedded Studio for ARM 4.52c/lib/libm_v7em_fpv4_sp_d16_hard_t_le_eabi.a(libm2.o)
                              /Applications/SEGGER Embedded Studio for ARM 4.52c/lib/libvfprintf_v7em_fpv4_sp_d16_hard_t_le_eabi.o (frexp)

Discarded input sections

 .text          0x0000000000000000        0x0 Output/ipac_ble_central Release/Obj/thumb_crt0.o
 .data          0x0000000000000000        0x0 Output/ipac_ble_central Release/Obj/thumb_crt0.o
 .bss           0x0000000000000000        0x0 Output/ipac_ble_central Release/Obj/thumb_crt0.o
 .text.__aeabi_read_tp
                0x0000000000000000        0x8 Output/ipac_ble_central Release/Obj/thumb_crt0.o
 .text.abort    0x0000000000000000        0x2 Output/ipac_ble_central Release/Obj/thumb_crt0.o
 .text.__assert
                0x0000000000000000        0x2 Output/ipac_ble_central Release/Obj/thumb_crt0.o
 .text.__assert_func
                0x0000000000000000        0x2 Output/ipac_ble_central Release/Obj/thumb_crt0.o
 .text.__aeabi_assert
                0x0000000000000000        0x2 Output/ipac_ble_central Release/Obj/thumb_crt0.o
 .text.__sync_synchronize
                0x0000000000000000        0x2 Output/ipac_ble_central Release/Obj/thumb_crt0.o
 .text.__getchar
                0x0000000000000000        0x4 Output/ipac_ble_central Release/Obj/thumb_crt0.o
 .text.__putchar
                0x0000000000000000        0x4 Output/ipac_ble_central Release/Obj/thumb_crt0.o
 .text.__open   0x0000000000000000        0x4 Output/ipac_ble_central Release/Obj/thumb_crt0.o
 .text.__close  0x0000000000000000        0x4 Output/ipac_ble_central Release/Obj/thumb_crt0.o
 .text.__write  0x0000000000000000        0xa Output/ipac_ble_central Release/Obj/thumb_crt0.o
 .text.__read   0x0000000000000000        0xa Output/ipac_ble_central Release/Obj/thumb_crt0.o
 .text.__seek   0x0000000000000000       0x1a Output/ipac_ble_central Release/Obj/thumb_crt0.o
 .bss.__user_locale_name_buffer
                0x0000000000000000        0x4 Output/ipac_ble_central Release/Obj/thumb_crt0.o
 .stack         0x0000000000000000        0x0 Output/ipac_ble_central Release/Obj/thumb_crt0.o
 .stack_process
                0x0000000000000000        0x0 Output/ipac_ble_central Release/Obj/thumb_crt0.o
 .heap          0x0000000000000000        0x0 Output/ipac_ble_central Release/Obj/thumb_crt0.o
 .group         0x0000000000000000        0xc Output/ipac_ble_central Release/Obj/nrf_log_backend_rtt.o
 .group         0x0000000000000000        0xc Output/ipac_ble_central Release/Obj/nrf_log_backend_rtt.o
 .group         0x0000000000000000        0xc Output/ipac_ble_central Release/Obj/nrf_log_backend_rtt.o
 .group         0x0000000000000000        0xc Output/ipac_ble_central Release/Obj/nrf_log_backend_rtt.o
 .group         0x0000000000000000        0xc Output/ipac_ble_central Release/Obj/nrf_log_backend_rtt.o
 .group         0x0000000000000000        0xc Output/ipac_ble_central Release/Obj/nrf_log_backend_rtt.o
[...]
Memory Configuration

Name             Origin             Length             Attributes
UNPLACED_SECTIONS 0x0000000100000000 0x0000000000000000 xw
RAM              0x0000000020000000 0x0000000000010000 xw
FLASH            0x0000000000000000 0x0000000000080000 xw
*default*        0x0000000000000000 0xffffffffffffffff

Linker script and memory map

                0x0000000000000000                __vfprintf = __vfprintf_long
                0x0000000000000000                __vfscanf = __vfscanf_long
                0x0000000020000000                __RAM_segment_start__ = 0x20000000
                0x0000000020010000                __RAM_segment_end__ = 0x20010000
                0x0000000000010000                __RAM_segment_size__ = 0x10000
                0x0000000000000000                __FLASH_segment_start__ = 0x0
                0x0000000000080000                __FLASH_segment_end__ = 0x80000
                0x0000000000080000                __FLASH_segment_size__ = 0x80000
                0x0000000000000000                __HEAPSIZE__ = 0x0
                0x0000000000000000                __STACKSIZE_PROCESS__ = 0x0
                0x0000000000002000                __STACKSIZE__ = 0x2000
                0x0000000020000000                __reserved_ram_load_start__ = 0x20000000

.reserved_ram   0x0000000020000000     0x4398
                0x0000000020000000                __reserved_ram_start__ = .
 *(.reserved_ram .reserved_ram.*)
                0x0000000020004398                . = MAX (((__reserved_ram_start__ + 0x20004398) - 0x20000000), .)
 *fill*         0x0000000020000000     0x4398 
                0x0000000020004398                __reserved_ram_end__ = (__reserved_ram_start__ + SIZEOF (.reserved_ram))
                0x0000000000004398                __reserved_ram_size__ = SIZEOF (.reserved_ram)
                0x0000000020004398                __reserved_ram_load_end__ = __reserved_ram_end__
                0x0000000000000001                . = ASSERT (((__reserved_ram_start__ == __reserved_ram_end__) || ((__reserved_ram_end__ - __RAM_segment_start__) <= __RAM_segment_size__)), error: .reserved_ram is too large to fit in RAM memory segment)
                0x0000000020004398                __vectors_ram_load_start__ = 0x20004398

.vectors_ram    0x0000000020004398        0x0
                0x0000000020004398                __vectors_ram_start__ = .
                0x0000000020004398                __app_ram_start__ = __vectors_ram_start__
 *(.vectors_ram .vectors_ram.*)
                0x0000000020004398                __vectors_ram_end__ = (__vectors_ram_start__ + SIZEOF (.vectors_ram))
                0x0000000000000000                __vectors_ram_size__ = SIZEOF (.vectors_ram)
                0x0000000020004398                __vectors_ram_load_end__ = __vectors_ram_end__
                0x0000000000000001                . = ASSERT (((__vectors_ram_start__ == __vectors_ram_end__) || ((__vectors_ram_end__ - __RAM_segment_start__) <= __RAM_segment_size__)), error: .vectors_ram is too large to fit in RAM memory segment)
                0x0000000000000001                . = ASSERT ((__reserved_ram_end__ <= __vectors_ram_start__), error: section .reserved_ram overlaps absolute placed section .vectors_ram)
                0x0000000020004398                __nrf_sections_run_load_start__ = ALIGN (__vectors_ram_end__, 0x4)

.nrf_sections_run
                0x0000000020004398        0x0
                0x0000000020004398                __nrf_sections_run_start__ = .
                0x0000000020004398                __start_nrf_sections_run = __nrf_sections_run_start__
 *(.nrf_sections_run .nrf_sections_run.*)
                0x0000000020004398                __nrf_sections_run_end__ = (__nrf_sections_run_start__ + SIZEOF (.nrf_sections_run))
                0x0000000000000000                __nrf_sections_run_size__ = SIZEOF (.nrf_sections_run)
                0x0000000020004398                __nrf_sections_run_load_end__ = __nrf_sections_run_end__
                0x0000000000000001                . = ASSERT (((__nrf_sections_run_start__ == __nrf_sections_run_end__) || ((__nrf_sections_run_end__ - __RAM_segment_start__) <= __RAM_segment_size__)), error: .nrf_sections_run is too large to fit in RAM memory segment)
                0x0000000000000000                __reserved_flash_load_start__ = 0x0

.reserved_flash
                0x0000000000000000    0x26000
                0x0000000000000000                __reserved_flash_start__ = .
 *(.reserved_flash .reserved_flash.*)
                0x0000000000026000                . = MAX (((__reserved_flash_start__ + 0x26000) - 0x0), .)
 *fill*         0x0000000000000000    0x26000 
                0x0000000000026000                __reserved_flash_end__ = (__reserved_flash_start__ + SIZEOF (.reserved_flash))
                0x0000000000026000                __reserved_flash_size__ = SIZEOF (.reserved_flash)
                0x0000000000026000                __reserved_flash_load_end__ = __reserved_flash_end__
                0x0000000000000001                . = ASSERT (((__reserved_flash_start__ == __reserved_flash_end__) || ((__reserved_flash_end__ - __FLASH_segment_start__) <= __FLASH_segment_size__)), error: .reserved_flash is too large to fit in FLASH memory segment)
                0x0000000000026000                __vectors_load_start__ = 0x26000

.vectors        0x0000000000026000      0x200
                0x0000000000026000                __vectors_start__ = .
 *(.vectors .vectors.*)
 .vectors       0x0000000000026000      0x200 Output/ipac_ble_central Release/Obj/ses_startup_nrf52.o
                0x0000000000026000                _vectors
                0x0000000000026200                __vectors_end__ = (__vectors_start__ + SIZEOF (.vectors))
                0x0000000000000200                __vectors_size__ = SIZEOF (.vectors)
                0x0000000000026200                __vectors_load_end__ = __vectors_end__
                0x0000000000000001                . = ASSERT (((__vectors_start__ == __vectors_end__) || ((__vectors_end__ - __FLASH_segment_start__) <= __FLASH_segment_size__)), error: .vectors is too large to fit in FLASH memory segment)
                0x0000000000000001                . = ASSERT ((__reserved_flash_end__ <= __vectors_start__), error: section .reserved_flash overlaps absolute placed section .vectors)
                0x0000000000026200                __init_load_start__ = ALIGN (__vectors_end__, 0x4)

.init           0x0000000000026200      0x1b8
                0x0000000000026200                __init_start__ = .
 *(.init .init.*)
 .init          0x0000000000026200      0x144 Output/ipac_ble_central Release/Obj/thumb_crt0.o
                0x0000000000026200                _start
                0x00000000000262a4                exit
 .init          0x0000000000026344       0x18 Output/ipac_ble_central Release/Obj/ses_startup_nrf52.o
                0x0000000000026344                NMI_Handler
                0x0000000000026346                HardFault_Handler
                0x0000000000026348                MemoryManagement_Handler
                0x000000000002634a                BusFault_Handler
                0x000000000002634c                UsageFault_Handler
                0x000000000002634e                SVC_Handler
                0x0000000000026350                DebugMon_Handler
                0x0000000000026352                PendSV_Handler
                0x0000000000026354                SysTick_Handler
                0x0000000000026356                FPU_IRQHandler
                0x0000000000026356                SPIM0_SPIS0_TWIM0_TWIS0_SPI0_TWI0_IRQHandler
                0x0000000000026356                TIMER4_IRQHandler
                0x0000000000026356                I2S_IRQHandler
                0x0000000000026356                SWI4_EGU4_IRQHandler
                0x0000000000026356                TIMER0_IRQHandler
                0x0000000000026356                Dummy_Handler
                0x0000000000026356                TIMER1_IRQHandler
                0x0000000000026356                PWM2_IRQHandler
                0x0000000000026356                ECB_IRQHandler
                0x0000000000026356                SPIM1_SPIS1_TWIM1_TWIS1_SPI1_TWI1_IRQHandler
                0x0000000000026356                SAADC_IRQHandler
                0x0000000000026356                CCM_AAR_IRQHandler
                0x0000000000026356                WDT_IRQHandler
                0x0000000000026356                SWI5_EGU5_IRQHandler
                0x0000000000026356                RNG_IRQHandler
                0x0000000000026356                RTC2_IRQHandler
                0x0000000000026356                PWM0_IRQHandler
                0x0000000000026356                SWI3_EGU3_IRQHandler
                0x0000000000026356                SWI1_EGU1_IRQHandler
                0x0000000000026356                SPIM2_SPIS2_SPI2_IRQHandler
                0x0000000000026356                NFCT_IRQHandler
                0x0000000000026356                MWU_IRQHandler
                0x0000000000026356                COMP_LPCOMP_IRQHandler
                0x0000000000026356                RTC0_IRQHandler
                0x0000000000026356                SWI0_EGU0_IRQHandler
                0x0000000000026356                PWM1_IRQHandler
                0x0000000000026356                RADIO_IRQHandler
                0x0000000000026356                PDM_IRQHandler
                0x0000000000026356                TEMP_IRQHandler
                0x0000000000026356                QDEC_IRQHandler
                0x0000000000026356                TIMER3_IRQHandler
                0x0000000000026356                TIMER2_IRQHandler
                0x0000000000026358                nRFInitialize
 .init          0x000000000002635c       0x5c Output/ipac_ble_central Release/Obj/ses_startup_nrf_common.o
                0x000000000002635c                Reset_Handler
                0x0000000000026360                afterInitialize
                0x0000000000026384                InitializeUserMemorySections
                0x00000000000263b8                __init_end__ = (__init_start__ + SIZEOF (.init))
                0x00000000000001b8                __init_size__ = SIZEOF (.init)
                0x00000000000263b8                __init_load_end__ = __init_end__
                0x0000000000000001                . = ASSERT (((__init_start__ == __init_end__) || ((__init_end__ - __FLASH_segment_start__) <= __FLASH_segment_size__)), error: .init is too large to fit in FLASH memory segment)
                0x00000000000263b8                __init_rodata_load_start__ = ALIGN (__init_end__, 0x4)

.init_rodata    0x00000000000263b8        0x0
                0x00000000000263b8                __init_rodata_start__ = .
 *(.init_rodata .init_rodata.*)
                0x00000000000263b8                __init_rodata_end__ = (__init_rodata_start__ + SIZEOF (.init_rodata))
                0x0000000000000000                __init_rodata_size__ = SIZEOF (.init_rodata)
                0x00000000000263b8                __init_rodata_load_end__ = __init_rodata_end__
                0x0000000000000001                . = ASSERT (((__init_rodata_start__ == __init_rodata_end__) || ((__init_rodata_end__ - __FLASH_segment_start__) <= __FLASH_segment_size__)), error: .init_rodata is too large to fit in FLASH memory segment)
                0x00000000000263b8                __text_load_start__ = ALIGN (__init_rodata_end__, 0x4)

.text           0x00000000000263b8     0x414c
                0x00000000000263b8                __text_start__ = .
 *(.text .text.* .glue_7t .glue_7 .gnu.linkonce.t.* .gcc_except_table .ARM.extab* .gnu.linkonce.armextab.*)
 .glue_7        0x00000000000263b8        0x0 linker stubs
 .glue_7t       0x00000000000263b8        0x0 linker stubs
 .text.state_set
                0x00000000000263b8       0x24 Output/ipac_ble_central Release/Obj/app_button.o
 .text.button_get
                0x00000000000263dc       0x30 Output/ipac_ble_central Release/Obj/app_button.o
 .text.usr_event
                0x000000000002640c       0x20 Output/ipac_ble_central Release/Obj/app_button.o
 .text.timer_start
                0x000000000002642c       0x18 Output/ipac_ble_central Release/Obj/app_button.o
 .text.gpiote_event_handler
                0x0000000000026444       0x34 Output/ipac_ble_central Release/Obj/app_button.o
 .text.evt_handle
                0x0000000000026478       0xe4 Output/ipac_ble_central Release/Obj/app_button.o
                0x0000000000026478                evt_handle
 .text.detection_delay_timeout_handler
                0x000000000002655c       0x5c Output/ipac_ble_central Release/Obj/app_button.o
 .text.app_button_init
                0x00000000000265b8       0xac Output/ipac_ble_central Release/Obj/app_button.o
                0x00000000000265b8                app_button_init
 .text.app_button_enable
                0x0000000000026664       0x2c Output/ipac_ble_central Release/Obj/app_button.o
                0x0000000000026664                app_button_enable
 .text.app_button_disable
                0x0000000000026690       0x58 Output/ipac_ble_central Release/Obj/app_button.o
                0x0000000000026690                app_button_disable
 .text.app_error_handler_bare
                0x00000000000266e8       0x1a Output/ipac_ble_central Release/Obj/app_error.o
                0x00000000000266e8                app_error_handler_bare
 *fill*         0x0000000000026702        0x2 
 .text.app_error_fault_handler
                0x0000000000026704       0x34 Output/ipac_ble_central Release/Obj/app_error_weak.o
                0x0000000000026704                app_error_fault_handler
 .text.compare_func
                0x0000000000026738       0x16 Output/ipac_ble_central Release/Obj/app_timer2.o
 *fill*         0x000000000002674e        0x2 
 .text.get_now  0x0000000000026750       0x3c Output/ipac_ble_central Release/Obj/app_timer2.o
 .text.timer_req_schedule
                0x000000000002678c       0x38 Output/ipac_ble_central Release/Obj/app_timer2.o
 .text.timer_expire
                0x00000000000267c4       0x6c Output/ipac_ble_central Release/Obj/app_timer2.o
 .text.app_timer_init
                0x0000000000026830       0x64 Output/ipac_ble_central Release/Obj/app_timer2.o
                0x0000000000026830                app_timer_init
 .text.app_timer_create
                0x0000000000026894       0x16 Output/ipac_ble_central Release/Obj/app_timer2.o
                0x0000000000026894                app_timer_create
 .text.app_timer_start
                0x00000000000268aa       0x30 Output/ipac_ble_central Release/Obj/app_timer2.o
                0x00000000000268aa                app_timer_start
 .text.app_timer_stop
                0x00000000000268da        0xc Output/ipac_ble_central Release/Obj/app_timer2.o
                0x00000000000268da                app_timer_stop
 *fill*         0x00000000000268e6        0x2 
 .text.app_timer_cnt_get
                0x00000000000268e8        0xc Output/ipac_ble_central Release/Obj/app_timer2.o
                0x00000000000268e8                app_timer_cnt_get
 .text.rtc_irq  0x00000000000268f4      0x198 Output/ipac_ble_central Release/Obj/app_timer2.o
 .text.app_util_critical_region_enter
                0x0000000000026a8c       0x48 Output/ipac_ble_central Release/Obj/app_util_platform.o
                0x0000000000026a8c                app_util_critical_region_enter
 .text.app_util_critical_region_exit
                0x0000000000026ad4       0x2c Output/ipac_ble_central Release/Obj/app_util_platform.o
                0x0000000000026ad4                app_util_critical_region_exit
 .text.evt_pending.isra.0
                0x0000000000026b00       0x1a Output/ipac_ble_central Release/Obj/drv_rtc.o
 *fill*         0x0000000000026b1a        0x2 
 .text.drv_rtc_init
                0x0000000000026b1c       0x74 Output/ipac_ble_central Release/Obj/drv_rtc.o
                0x0000000000026b1c                drv_rtc_init
 .text.drv_rtc_start
                0x0000000000026b90        0x8 Output/ipac_ble_central Release/Obj/drv_rtc.o
                0x0000000000026b90                drv_rtc_start
 .text.drv_rtc_stop
                0x0000000000026b98        0x8 Output/ipac_ble_central Release/Obj/drv_rtc.o
                0x0000000000026b98                drv_rtc_stop
 .text.drv_rtc_compare_set
                0x0000000000026ba0       0x3e Output/ipac_ble_central Release/Obj/drv_rtc.o
                0x0000000000026ba0                drv_rtc_compare_set
 *fill*         0x0000000000026bde        0x2 
 .text.drv_rtc_windowed_compare_set
                0x0000000000026be0       0xf0 Output/ipac_ble_central Release/Obj/drv_rtc.o
                0x0000000000026be0                drv_rtc_windowed_compare_set
 .text.drv_rtc_overflow_enable
                0x0000000000026cd0       0x10 Output/ipac_ble_central Release/Obj/drv_rtc.o
                0x0000000000026cd0                drv_rtc_overflow_enable
 .text.drv_rtc_overflow_pending
                0x0000000000026ce0        0xa Output/ipac_ble_central Release/Obj/drv_rtc.o
                0x0000000000026ce0                drv_rtc_overflow_pending
 .text.drv_rtc_compare_disable
                0x0000000000026cea       0x14 Output/ipac_ble_central Release/Obj/drv_rtc.o
                0x0000000000026cea                drv_rtc_compare_disable
 .text.drv_rtc_compare_pending
                0x0000000000026cfe        0xc Output/ipac_ble_central Release/Obj/drv_rtc.o
                0x0000000000026cfe                drv_rtc_compare_pending
 .text.drv_rtc_counter_get
                0x0000000000026d0a        0x8 Output/ipac_ble_central Release/Obj/drv_rtc.o
                0x0000000000026d0a                drv_rtc_counter_get
 *fill*         0x0000000000026d12        0x2 
 .text.drv_rtc_irq_trigger
                0x0000000000026d14       0x24 Output/ipac_ble_central Release/Obj/drv_rtc.o
                0x0000000000026d14                drv_rtc_irq_trigger
 .text.RTC1_IRQHandler
                0x0000000000026d38       0x14 Output/ipac_ble_central Release/Obj/drv_rtc.o
                0x0000000000026d38                RTC1_IRQHandler
 .text.nrf_atfifo_init
                0x0000000000026d4c       0x26 Output/ipac_ble_central Release/Obj/nrf_atfifo.o
                0x0000000000026d4c                nrf_atfifo_init
 .text.nrf_atfifo_item_alloc
                0x0000000000026d72       0x54 Output/ipac_ble_central Release/Obj/nrf_atfifo.o
                0x0000000000026d72                nrf_atfifo_item_alloc
 .text.nrf_atfifo_item_put
                0x0000000000026dc6       0x20 Output/ipac_ble_central Release/Obj/nrf_atfifo.o
                0x0000000000026dc6                nrf_atfifo_item_put
 .text.nrf_atfifo_item_get
                0x0000000000026de6       0x56 Output/ipac_ble_central Release/Obj/nrf_atfifo.o
                0x0000000000026de6                nrf_atfifo_item_get
 .text.nrf_atfifo_item_free
                0x0000000000026e3c       0x20 Output/ipac_ble_central Release/Obj/nrf_atfifo.o
                0x0000000000026e3c                nrf_atfifo_item_free
 .text.nrf_atflags_set
                0x0000000000026e5c       0x12 Output/ipac_ble_central Release/Obj/nrf_atflags.o
                0x0000000000026e5c                nrf_atflags_set
 .text.nrf_atflags_clear
                0x0000000000026e6e       0x14 Output/ipac_ble_central Release/Obj/nrf_atflags.o
                0x0000000000026e6e                nrf_atflags_clear
 .text.nrf_atflags_get
                0x0000000000026e82       0x12 Output/ipac_ble_central Release/Obj/nrf_atflags.o
                0x0000000000026e82                nrf_atflags_get
 .text.nrf_atomic_u32_or
                0x0000000000026e94       0x18 Output/ipac_ble_central Release/Obj/nrf_atomic.o
                0x0000000000026e94                nrf_atomic_u32_or
 .text.nrf_atomic_u32_and
                0x0000000000026eac       0x18 Output/ipac_ble_central Release/Obj/nrf_atomic.o
                0x0000000000026eac                nrf_atomic_u32_and
 .text.nrf_balloc_init
                0x0000000000026ec4       0x2e Output/ipac_ble_central Release/Obj/nrf_balloc.o
                0x0000000000026ec4                nrf_balloc_init
 .text.nrf_balloc_alloc
                0x0000000000026ef2       0x48 Output/ipac_ble_central Release/Obj/nrf_balloc.o
                0x0000000000026ef2                nrf_balloc_alloc
 .text.nrf_balloc_free
                0x0000000000026f3a       0x34 Output/ipac_ble_central Release/Obj/nrf_balloc.o
                0x0000000000026f3a                nrf_balloc_free
 .text.memobj_op
                0x0000000000026f6e       0x86 Output/ipac_ble_central Release/Obj/nrf_memobj.o
 .text.nrf_memobj_pool_init
                0x0000000000026ff4        0x4 Output/ipac_ble_central Release/Obj/nrf_memobj.o
                0x0000000000026ff4                nrf_memobj_pool_init
 .text.nrf_memobj_free
                0x0000000000026ff8       0x2c Output/ipac_ble_central Release/Obj/nrf_memobj.o
                0x0000000000026ff8                nrf_memobj_free
 .text.nrf_memobj_alloc
                0x0000000000027024       0x5e Output/ipac_ble_central Release/Obj/nrf_memobj.o
                0x0000000000027024                nrf_memobj_alloc
 .text.nrf_memobj_write
                0x0000000000027082       0x14 Output/ipac_ble_central Release/Obj/nrf_memobj.o
                0x0000000000027082                nrf_memobj_write
 .text.nrf_memobj_read
                0x0000000000027096       0x14 Output/ipac_ble_central Release/Obj/nrf_memobj.o
                0x0000000000027096                nrf_memobj_read
 .text.sd_app_evt_wait
                0x00000000000270aa        0x4 Output/ipac_ble_central Release/Obj/nrf_pwr_mgmt.o
 *fill*         0x00000000000270ae        0x2 
 .text.nrf_pwr_mgmt_init
                0x00000000000270b0       0x2c Output/ipac_ble_central Release/Obj/nrf_pwr_mgmt.o
                0x00000000000270b0                nrf_pwr_mgmt_init
 .text.nrf_pwr_mgmt_run
                0x00000000000270dc       0x4c Output/ipac_ble_central Release/Obj/nrf_pwr_mgmt.o
                0x00000000000270dc                nrf_pwr_mgmt_run
 .text.queue_utilization_get
                0x0000000000027128       0x18 Output/ipac_ble_central Release/Obj/nrf_queue.o
 .text.nrf_queue_is_full
                0x0000000000027140       0x18 Output/ipac_ble_central Release/Obj/nrf_queue.o
                0x0000000000027140                nrf_queue_is_full
 .text.nrf_queue_push
                0x0000000000027158       0xac Output/ipac_ble_central Release/Obj/nrf_queue.o
                0x0000000000027158                nrf_queue_push
 .text.nrf_queue_is_empty
                0x0000000000027204        0xe Output/ipac_ble_central Release/Obj/nrf_queue.o
                0x0000000000027204                nrf_queue_is_empty
 .text.nrf_queue_generic_pop
                0x0000000000027212       0x8a Output/ipac_ble_central Release/Obj/nrf_queue.o
                0x0000000000027212                nrf_queue_generic_pop
 .text.nrf_section_iter_init
                0x000000000002729c       0x14 Output/ipac_ble_central Release/Obj/nrf_section_iter.o
                0x000000000002729c                nrf_section_iter_init
 .text.nrf_section_iter_next
                0x00000000000272b0       0x18 Output/ipac_ble_central Release/Obj/nrf_section_iter.o
                0x00000000000272b0                nrf_section_iter_next
 .text.nrf_sortlist_add
                0x00000000000272c8       0x20 Output/ipac_ble_central Release/Obj/nrf_sortlist.o
                0x00000000000272c8                nrf_sortlist_add
 .text.nrf_sortlist_pop
                0x00000000000272e8        0xc Output/ipac_ble_central Release/Obj/nrf_sortlist.o
                0x00000000000272e8                nrf_sortlist_pop
 .text.nrf_sortlist_peek
                0x00000000000272f4        0x6 Output/ipac_ble_central Release/Obj/nrf_sortlist.o
                0x00000000000272f4                nrf_sortlist_peek
 .text.nrf_sortlist_remove
                0x00000000000272fa       0x1a Output/ipac_ble_central Release/Obj/nrf_sortlist.o
                0x00000000000272fa                nrf_sortlist_remove
 .text.app_fifo_init
                0x0000000000027314       0x1e Output/ipac_ble_central Release/Obj/app_fifo.o
                0x0000000000027314                app_fifo_init
 .text.app_fifo_put
                0x0000000000027332       0x24 Output/ipac_ble_central Release/Obj/app_fifo.o
                0x0000000000027332                app_fifo_put
 .text.app_fifo_get
                0x0000000000027356       0x22 Output/ipac_ble_central Release/Obj/app_fifo.o
                0x0000000000027356                app_fifo_get
 .text.nrf_drv_uart_rx.constprop.0
                0x0000000000027378       0x28 Output/ipac_ble_central Release/Obj/app_uart_fifo.o
 .text.nrf_drv_uart_tx.constprop.0
                0x00000000000273a0       0x28 Output/ipac_ble_central Release/Obj/app_uart_fifo.o
 .text.uart_event_handler
                0x00000000000273c8       0x9c Output/ipac_ble_central Release/Obj/app_uart_fifo.o
 .text.app_uart_init
                0x0000000000027464       0xb0 Output/ipac_ble_central Release/Obj/app_uart_fifo.o
                0x0000000000027464                app_uart_init
 .text.app_uart_get
                0x0000000000027514       0x2c Output/ipac_ble_central Release/Obj/app_uart_fifo.o
                0x0000000000027514                app_uart_get
 .text.app_uart_put
                0x0000000000027540       0x50 Output/ipac_ble_central Release/Obj/app_uart_fifo.o
                0x0000000000027540                app_uart_put
 .text.nrf52_errata_12
                0x0000000000027590       0x40 Output/ipac_ble_central Release/Obj/system_nrf52.o
 .text.nrf52_errata_16
                0x00000000000275d0       0x2c Output/ipac_ble_central Release/Obj/system_nrf52.o
 .text.SystemInit
                0x00000000000275fc      0x274 Output/ipac_ble_central Release/Obj/system_nrf52.o
                0x00000000000275fc                SystemInit
 .text.clock_clk_started_notify
                0x0000000000027870       0x24 Output/ipac_ble_central Release/Obj/nrf_drv_clock.o
 .text.clock_irq_handler
                0x0000000000027894       0x1c Output/ipac_ble_central Release/Obj/nrf_drv_clock.o
 .text.soc_evt_handler
                0x00000000000278b0       0x14 Output/ipac_ble_central Release/Obj/nrf_drv_clock.o
 .text.nrf_drv_clock_init
                0x00000000000278c4       0x48 Output/ipac_ble_central Release/Obj/nrf_drv_clock.o
                0x00000000000278c4                nrf_drv_clock_init
 .text.nrf_drv_clock_lfclk_release
                0x000000000002790c       0x40 Output/ipac_ble_central Release/Obj/nrf_drv_clock.o
                0x000000000002790c                nrf_drv_clock_lfclk_release
 .text.sd_state_evt_handler
                0x000000000002794c       0x60 Output/ipac_ble_central Release/Obj/nrf_drv_clock.o
 .text.uarte_evt_handler
                0x00000000000279ac       0x34 Output/ipac_ble_central Release/Obj/nrf_drv_uart.o
 .text.uart_evt_handler
                0x00000000000279e0       0x34 Output/ipac_ble_central Release/Obj/nrf_drv_uart.o
 .text.nrf_drv_uart_init
                0x0000000000027a14       0x7c Output/ipac_ble_central Release/Obj/nrf_drv_uart.o
                0x0000000000027a14                nrf_drv_uart_init
 .text.nrf_clock_event_clear
                0x0000000000027a90       0x14 Output/ipac_ble_central Release/Obj/nrfx_clock.o
 .text.nrfx_clock_init
                0x0000000000027aa4       0x18 Output/ipac_ble_central Release/Obj/nrfx_clock.o
                0x0000000000027aa4                nrfx_clock_init
 .text.nrfx_clock_enable
                0x0000000000027abc       0x24 Output/ipac_ble_central Release/Obj/nrfx_clock.o
                0x0000000000027abc                nrfx_clock_enable
 .text.nrfx_clock_lfclk_stop
                0x0000000000027ae0       0x28 Output/ipac_ble_central Release/Obj/nrfx_clock.o
                0x0000000000027ae0                nrfx_clock_lfclk_stop
 .text.POWER_CLOCK_IRQHandler
                0x0000000000027b08       0x58 Output/ipac_ble_central Release/Obj/nrfx_clock.o
                0x0000000000027b08                POWER_CLOCK_IRQHandler
 .text.nrf_gpiote_event_clear
                0x0000000000027b60       0x18 Output/ipac_ble_central Release/Obj/nrfx_gpiote.o
 .text.nrf_gpio_cfg_sense_set
                0x0000000000027b78       0x20 Output/ipac_ble_central Release/Obj/nrfx_gpiote.o
 .text.channel_free
                0x0000000000027b98       0x1c Output/ipac_ble_central Release/Obj/nrfx_gpiote.o
 .text.nrfx_gpiote_init
                0x0000000000027bb4       0x7c Output/ipac_ble_central Release/Obj/nrfx_gpiote.o
                0x0000000000027bb4                nrfx_gpiote_init
 .text.nrfx_gpiote_is_init
                0x0000000000027c30       0x14 Output/ipac_ble_central Release/Obj/nrfx_gpiote.o
                0x0000000000027c30                nrfx_gpiote_is_init
 .text.nrfx_gpiote_in_init
                0x0000000000027c44       0xe4 Output/ipac_ble_central Release/Obj/nrfx_gpiote.o
                0x0000000000027c44                nrfx_gpiote_in_init
 .text.nrfx_gpiote_in_event_enable
                0x0000000000027d28       0x88 Output/ipac_ble_central Release/Obj/nrfx_gpiote.o
                0x0000000000027d28                nrfx_gpiote_in_event_enable
 .text.nrfx_gpiote_in_event_disable
                0x0000000000027db0       0x44 Output/ipac_ble_central Release/Obj/nrfx_gpiote.o
                0x0000000000027db0                nrfx_gpiote_in_event_disable
 .text.nrfx_gpiote_in_is_set
                0x0000000000027df4       0x12 Output/ipac_ble_central Release/Obj/nrfx_gpiote.o
                0x0000000000027df4                nrfx_gpiote_in_is_set
 *fill*         0x0000000000027e06        0x2 
 .text.GPIOTE_IRQHandler
                0x0000000000027e08      0x150 Output/ipac_ble_central Release/Obj/nrfx_gpiote.o
                0x0000000000027e08                GPIOTE_IRQHandler
 .text.UARTE0_UART0_IRQHandler
                0x0000000000027f58        0xc Output/ipac_ble_central Release/Obj/nrfx_prs.o
                0x0000000000027f58                UARTE0_UART0_IRQHandler
 .text.nrfx_prs_acquire
                0x0000000000027f64       0x44 Output/ipac_ble_central Release/Obj/nrfx_prs.o
                0x0000000000027f64                nrfx_prs_acquire
 .text.nrf_uart_event_clear
                0x0000000000027fa8       0x10 Output/ipac_ble_central Release/Obj/nrfx_uart.o
 .text.tx_byte  0x0000000000027fb8       0x1e Output/ipac_ble_central Release/Obj/nrfx_uart.o
 .text.rx_enable.isra.0
                0x0000000000027fd6       0x20 Output/ipac_ble_central Release/Obj/nrfx_uart.o
 .text.rx_byte  0x0000000000027ff6       0x2c Output/ipac_ble_central Release/Obj/nrfx_uart.o
 *fill*         0x0000000000028022        0x2 
 .text.rx_done_event.constprop.0
                0x0000000000028024       0x20 Output/ipac_ble_central Release/Obj/nrfx_uart.o
 .text.nrfx_uart_0_irq_handler
                0x0000000000028044      0x13c Output/ipac_ble_central Release/Obj/nrfx_uart.o
                0x0000000000028044                nrfx_uart_0_irq_handler
 .text.nrfx_uart_init
                0x0000000000028180      0x16c Output/ipac_ble_central Release/Obj/nrfx_uart.o
                0x0000000000028180                nrfx_uart_init
 .text.nrfx_uart_tx
                0x00000000000282ec       0x8c Output/ipac_ble_central Release/Obj/nrfx_uart.o
                0x00000000000282ec                nrfx_uart_tx
 .text.nrfx_uart_tx_in_progress
                0x0000000000028378       0x18 Output/ipac_ble_central Release/Obj/nrfx_uart.o
                0x0000000000028378                nrfx_uart_tx_in_progress
 .text.nrfx_uart_rx
                0x0000000000028390       0xf0 Output/ipac_ble_central Release/Obj/nrfx_uart.o
                0x0000000000028390                nrfx_uart_rx
 .text.nrf_uarte_event_clear
                0x0000000000028480       0x10 Output/ipac_ble_central Release/Obj/nrfx_uarte.o
 .text.rx_done_event.constprop.0
                0x0000000000028490       0x20 Output/ipac_ble_central Release/Obj/nrfx_uarte.o
 .text.nrfx_uarte_0_irq_handler
                0x00000000000284b0      0x118 Output/ipac_ble_central Release/Obj/nrfx_uarte.o
                0x00000000000284b0                nrfx_uarte_0_irq_handler
 .text.nrfx_uarte_init
                0x00000000000285c8      0x188 Output/ipac_ble_central Release/Obj/nrfx_uarte.o
                0x00000000000285c8                nrfx_uarte_init
 .text.nrfx_uarte_tx
                0x0000000000028750       0x90 Output/ipac_ble_central Release/Obj/nrfx_uarte.o
                0x0000000000028750                nrfx_uarte_tx
 .text.nrfx_uarte_tx_in_progress
                0x00000000000287e0       0x18 Output/ipac_ble_central Release/Obj/nrfx_uarte.o
                0x00000000000287e0                nrfx_uarte_tx_in_progress
 .text.nrfx_uarte_rx
                0x00000000000287f8       0xd8 Output/ipac_ble_central Release/Obj/nrfx_uarte.o
                0x00000000000287f8                nrfx_uarte_rx
 .text.bsp_event_to_button_action_assign
                0x00000000000288d0       0x4c Output/ipac_ble_central Release/Obj/bsp.o
                0x00000000000288d0                bsp_event_to_button_action_assign
 .text.advertising_buttons_configure
                0x000000000002891c       0x36 Output/ipac_ble_central Release/Obj/bsp_btn_ble.o
 *fill*         0x0000000000028952        0x2 
 .text.ble_evt_handler
                0x0000000000028954       0x80 Output/ipac_ble_central Release/Obj/bsp_btn_ble.o
 .text.sd_ble_gap_conn_param_update
                0x00000000000289d4        0x4 Output/ipac_ble_central Release/Obj/main.o
 .text.sd_ble_gap_disconnect
                0x00000000000289d8        0x4 Output/ipac_ble_central Release/Obj/main.o
 .text.sd_ble_gap_phy_update
                0x00000000000289dc        0x4 Output/ipac_ble_central Release/Obj/main.o
 .text.gatt_evt_handler
                0x00000000000289e0       0x18 Output/ipac_ble_central Release/Obj/main.o
                0x00000000000289e0                gatt_evt_handler
 .text.nus_error_handler
                0x00000000000289f8        0x4 Output/ipac_ble_central Release/Obj/main.o
 .text.db_disc_handler
                0x00000000000289fc       0x14 Output/ipac_ble_central Release/Obj/main.o
 .text.scan_start
                0x0000000000028a10       0x20 Output/ipac_ble_central Release/Obj/main.o
 .text.ble_evt_handler
                0x0000000000028a30       0xec Output/ipac_ble_central Release/Obj/main.o
 .text.button_event_handler
                0x0000000000028b1c       0x1e Output/ipac_ble_central Release/Obj/main.o
 .text.scan_evt_handler
                0x0000000000028b3a       0x10 Output/ipac_ble_central Release/Obj/main.o
 *fill*         0x0000000000028b4a        0x2 
 .text.uart_event_handle
                0x0000000000028b4c       0x54 Output/ipac_ble_central Release/Obj/main.o
 .text.ble_nus_c_evt_handler
                0x0000000000028ba0       0x62 Output/ipac_ble_central Release/Obj/main.o
 *fill*         0x0000000000028c02        0x2 
 .text.startup.main
                0x0000000000028c04      0x1a0 Output/ipac_ble_central Release/Obj/main.o
                0x0000000000028c04                main
 .text.ble_advdata_search
                0x0000000000028da4       0x48 Output/ipac_ble_central Release/Obj/ble_advdata.o
                0x0000000000028da4                ble_advdata_search
 .text.ble_advdata_name_find
                0x0000000000028dec       0x48 Output/ipac_ble_central Release/Obj/ble_advdata.o
                0x0000000000028dec                ble_advdata_name_find
 .text.flag_toggle
                0x0000000000028e34        0xa Output/ipac_ble_central Release/Obj/ble_conn_state.o
 *fill*         0x0000000000028e3e        0x2 
 .text.bcs_internal_state_reset
                0x0000000000028e40       0x10 Output/ipac_ble_central Release/Obj/ble_conn_state.o
                0x0000000000028e40                bcs_internal_state_reset
 .text.conn_handle_list_get
                0x0000000000028e50       0x2e Output/ipac_ble_central Release/Obj/ble_conn_state.o
                0x0000000000028e50                conn_handle_list_get
 *fill*         0x0000000000028e7e        0x2 
 .text.ble_evt_handler
                0x0000000000028e80      0x104 Output/ipac_ble_central Release/Obj/ble_conn_state.o
 .text.active_flag_count
                0x0000000000028f84       0x20 Output/ipac_ble_central Release/Obj/ble_conn_state.o
                0x0000000000028f84                active_flag_count
 .text.ble_conn_state_init
                0x0000000000028fa4        0x4 Output/ipac_ble_central Release/Obj/ble_conn_state.o
                0x0000000000028fa4                ble_conn_state_init
 .text.ble_conn_state_central_conn_count
                0x0000000000028fa8       0x20 Output/ipac_ble_central Release/Obj/ble_conn_state.o
                0x0000000000028fa8                ble_conn_state_central_conn_count
 .text.registered_handler_get
                0x0000000000028fc8       0x3c Output/ipac_ble_central Release/Obj/ble_db_discovery.o
 .text.discovery_complete_evt_trigger
                0x0000000000029004       0x84 Output/ipac_ble_central Release/Obj/ble_db_discovery.o
 .text.discovery_available_evt_trigger
                0x0000000000029088       0x30 Output/ipac_ble_central Release/Obj/ble_db_discovery.o
 .text.discovery_error_handler
                0x00000000000290b8       0x4e Output/ipac_ble_central Release/Obj/ble_db_discovery.o
 *fill*         0x0000000000029106        0x2 
 .text.characteristics_discover
                0x0000000000029108       0x80 Output/ipac_ble_central Release/Obj/ble_db_discovery.o
 .text.on_srv_disc_completion
                0x0000000000029188       0xa0 Output/ipac_ble_central Release/Obj/ble_db_discovery.o
 .text.descriptors_discover
                0x0000000000029228       0xd0 Output/ipac_ble_central Release/Obj/ble_db_discovery.o
 .text.ble_db_discovery_init
                0x00000000000292f8       0x38 Output/ipac_ble_central Release/Obj/ble_db_discovery.o
                0x00000000000292f8                ble_db_discovery_init
 .text.ble_db_discovery_evt_register
                0x0000000000029330       0x44 Output/ipac_ble_central Release/Obj/ble_db_discovery.o
                0x0000000000029330                ble_db_discovery_evt_register
 .text.ble_db_discovery_start
                0x0000000000029374       0xa4 Output/ipac_ble_central Release/Obj/ble_db_discovery.o
                0x0000000000029374                ble_db_discovery_start
 .text.ble_db_discovery_on_ble_evt
                0x0000000000029418      0x1f8 Output/ipac_ble_central Release/Obj/ble_db_discovery.o
                0x0000000000029418                ble_db_discovery_on_ble_evt
 .text.sd_ble_gap_data_length_update
                0x0000000000029610        0x4 Output/ipac_ble_central Release/Obj/nrf_ble_gatt.o
 .text.sd_ble_gattc_exchange_mtu_request
                0x0000000000029614        0x4 Output/ipac_ble_central Release/Obj/nrf_ble_gatt.o
 .text.sd_ble_gatts_exchange_mtu_reply
                0x0000000000029618        0x4 Output/ipac_ble_central Release/Obj/nrf_ble_gatt.o
 .text.data_length_update
                0x000000000002961c       0x22 Output/ipac_ble_central Release/Obj/nrf_ble_gatt.o
 .text.nrf_ble_gatt_init
                0x000000000002963e       0x32 Output/ipac_ble_central Release/Obj/nrf_ble_gatt.o
                0x000000000002963e                nrf_ble_gatt_init
 .text.nrf_ble_gatt_att_mtu_central_set
                0x0000000000029670       0x14 Output/ipac_ble_central Release/Obj/nrf_ble_gatt.o
                0x0000000000029670                nrf_ble_gatt_att_mtu_central_set
 .text.nrf_ble_gatt_on_ble_evt
                0x0000000000029684      0x156 Output/ipac_ble_central Release/Obj/nrf_ble_gatt.o
                0x0000000000029684                nrf_ble_gatt_on_ble_evt
 .text.sd_ble_gattc_primary_services_discover
                0x00000000000297da        0x4 Output/ipac_ble_central Release/Obj/nrf_ble_gq.o
 .text.sd_ble_gattc_characteristics_discover
                0x00000000000297de        0x4 Output/ipac_ble_central Release/Obj/nrf_ble_gq.o
 .text.sd_ble_gattc_descriptors_discover
                0x00000000000297e2        0x4 Output/ipac_ble_central Release/Obj/nrf_ble_gq.o
 .text.sd_ble_gattc_read
                0x00000000000297e6        0x4 Output/ipac_ble_central Release/Obj/nrf_ble_gq.o
 .text.sd_ble_gattc_write
                0x00000000000297ea        0x4 Output/ipac_ble_central Release/Obj/nrf_ble_gq.o
 .text.sd_ble_gatts_hvx
                0x00000000000297ee        0x4 Output/ipac_ble_central Release/Obj/nrf_ble_gq.o
 .text.conn_handle_id_find
                0x00000000000297f2       0x1e Output/ipac_ble_central Release/Obj/nrf_ble_gq.o
 .text.gatts_hvx_alloc
                0x0000000000029810       0x3a Output/ipac_ble_central Release/Obj/nrf_ble_gq.o
 .text.gattc_write_alloc
                0x000000000002984a       0x28 Output/ipac_ble_central Release/Obj/nrf_ble_gq.o
 *fill*         0x0000000000029872        0x2 
 .text.queues_purge
                0x0000000000029874       0x5c Output/ipac_ble_central Release/Obj/nrf_ble_gq.o
 .text.queue_process
                0x00000000000298d0       0xf0 Output/ipac_ble_central Release/Obj/nrf_ble_gq.o
 .text.nrf_ble_gq_item_add
                0x00000000000299c0      0x11c Output/ipac_ble_central Release/Obj/nrf_ble_gq.o
                0x00000000000299c0                nrf_ble_gq_item_add
 .text.nrf_ble_gq_conn_handle_register
                0x0000000000029adc       0x6c Output/ipac_ble_central Release/Obj/nrf_ble_gq.o
                0x0000000000029adc                nrf_ble_gq_conn_handle_register
 .text.nrf_ble_gq_on_ble_evt
                0x0000000000029b48       0x5c Output/ipac_ble_central Release/Obj/nrf_ble_gq.o
                0x0000000000029b48                nrf_ble_gq_on_ble_evt
 .text.sd_ble_gap_scan_start
                0x0000000000029ba4        0x4 Output/ipac_ble_central Release/Obj/nrf_ble_scan.o
 .text.sd_ble_gap_scan_stop
                0x0000000000029ba8        0x4 Output/ipac_ble_central Release/Obj/nrf_ble_scan.o
 .text.sd_ble_gap_connect
                0x0000000000029bac        0x4 Output/ipac_ble_central Release/Obj/nrf_ble_scan.o
 .text.nrf_ble_scan_connect_with_target
                0x0000000000029bb0       0x48 Output/ipac_ble_central Release/Obj/nrf_ble_scan.o
 .text.nrf_ble_scan_filter_set
                0x0000000000029bf8       0x5c Output/ipac_ble_central Release/Obj/nrf_ble_scan.o
                0x0000000000029bf8                nrf_ble_scan_filter_set
 .text.nrf_ble_scan_filters_enable
                0x0000000000029c54       0x26 Output/ipac_ble_central Release/Obj/nrf_ble_scan.o
                0x0000000000029c54                nrf_ble_scan_filters_enable
 .text.is_whitelist_used
                0x0000000000029c7a        0xa Output/ipac_ble_central Release/Obj/nrf_ble_scan.o
                0x0000000000029c7a                is_whitelist_used
 .text.nrf_ble_scan_init
                0x0000000000029c84       0xa0 Output/ipac_ble_central Release/Obj/nrf_ble_scan.o
                0x0000000000029c84                nrf_ble_scan_init
 .text.nrf_ble_scan_start
                0x0000000000029d24       0x46 Output/ipac_ble_central Release/Obj/nrf_ble_scan.o
                0x0000000000029d24                nrf_ble_scan_start
 .text.nrf_ble_scan_on_ble_evt
                0x0000000000029d6a      0x132 Output/ipac_ble_central Release/Obj/nrf_ble_scan.o
                0x0000000000029d6a                nrf_ble_scan_on_ble_evt
 .text.sd_ble_uuid_vs_add
                0x0000000000029e9c        0x4 Output/ipac_ble_central Release/Obj/ble_nus_c.o
 .text.gatt_error_handler
                0x0000000000029ea0        0x8 Output/ipac_ble_central Release/Obj/ble_nus_c.o
 .text.ble_nus_c_on_db_disc_evt
                0x0000000000029ea8       0x94 Output/ipac_ble_central Release/Obj/ble_nus_c.o
                0x0000000000029ea8                ble_nus_c_on_db_disc_evt
 .text.ble_nus_c_init
                0x0000000000029f3c       0x68 Output/ipac_ble_central Release/Obj/ble_nus_c.o
                0x0000000000029f3c                ble_nus_c_init
 .text.ble_nus_c_on_ble_evt
                0x0000000000029fa4       0x62 Output/ipac_ble_central Release/Obj/ble_nus_c.o
                0x0000000000029fa4                ble_nus_c_on_ble_evt
 *fill*         0x000000000002a006        0x2 
 .text.ble_nus_c_tx_notif_enable
                0x000000000002a008       0x64 Output/ipac_ble_central Release/Obj/ble_nus_c.o
                0x000000000002a008                ble_nus_c_tx_notif_enable
 .text.ble_nus_c_handles_assign
                0x000000000002a06c       0x1c Output/ipac_ble_central Release/Obj/ble_nus_c.o
                0x000000000002a06c                ble_nus_c_handles_assign
 .text.sd_softdevice_enable
                0x000000000002a088        0x4 Output/ipac_ble_central Release/Obj/nrf_sdh.o
 .text.sdh_request_observer_notify
                0x000000000002a08c       0x30 Output/ipac_ble_central Release/Obj/nrf_sdh.o
 .text.sdh_state_observer_notify
                0x000000000002a0bc       0x28 Output/ipac_ble_central Release/Obj/nrf_sdh.o
 .text.softdevices_evt_irq_enable
                0x000000000002a0e4       0x38 Output/ipac_ble_central Release/Obj/nrf_sdh.o
 .text.nrf_sdh_enable_request
                0x000000000002a11c       0x7c Output/ipac_ble_central Release/Obj/nrf_sdh.o
                0x000000000002a11c                nrf_sdh_enable_request
 .text.nrf_sdh_is_enabled
                0x000000000002a198        0xc Output/ipac_ble_central Release/Obj/nrf_sdh.o
                0x000000000002a198                nrf_sdh_is_enabled
 .text.nrf_sdh_evts_poll
                0x000000000002a1a4       0x28 Output/ipac_ble_central Release/Obj/nrf_sdh.o
                0x000000000002a1a4                nrf_sdh_evts_poll
 .text.SWI2_EGU2_IRQHandler
                0x000000000002a1cc        0x4 Output/ipac_ble_central Release/Obj/nrf_sdh.o
                0x000000000002a1cc                SWI2_EGU2_IRQHandler
 .text.sd_ble_enable
                0x000000000002a1d0        0x4 Output/ipac_ble_central Release/Obj/nrf_sdh_ble.o
 .text.sd_ble_cfg_set
                0x000000000002a1d4        0x4 Output/ipac_ble_central Release/Obj/nrf_sdh_ble.o
 .text.sd_ble_evt_get
                0x000000000002a1d8        0x4 Output/ipac_ble_central Release/Obj/nrf_sdh_ble.o
 .text.nrf_sdh_ble_evts_poll
                0x000000000002a1dc       0x50 Output/ipac_ble_central Release/Obj/nrf_sdh_ble.o
 .text.nrf_sdh_ble_default_cfg_set
                0x000000000002a22c       0xb8 Output/ipac_ble_central Release/Obj/nrf_sdh_ble.o
                0x000000000002a22c                nrf_sdh_ble_default_cfg_set
 .text.nrf_sdh_ble_enable
                0x000000000002a2e4       0x14 Output/ipac_ble_central Release/Obj/nrf_sdh_ble.o
                0x000000000002a2e4                nrf_sdh_ble_enable
 .text.sd_evt_get
                0x000000000002a2f8        0x4 Output/ipac_ble_central Release/Obj/nrf_sdh_soc.o
 .text.nrf_sdh_soc_evts_poll
                0x000000000002a2fc       0x3c Output/ipac_ble_central Release/Obj/nrf_sdh_soc.o
 .text.libc.memcmp
                0x000000000002a338       0x66 /Applications/SEGGER Embedded Studio for ARM 4.52c/lib/libc_v7em_fpv4_sp_d16_hard_t_le_eabi.a(libc2.o)
                0x000000000002a338                memcmp
 .text.libc.memcpy
                0x000000000002a39e       0x52 /Applications/SEGGER Embedded Studio for ARM 4.52c/lib/libc_v7em_fpv4_sp_d16_hard_t_le_eabi.a(libc2_asm.o)
                0x000000000002a39e                memcpy
                0x000000000002a39e                __aeabi_memcpy
                0x000000000002a3aa                __aeabi_memcpy4
                0x000000000002a3aa                __aeabi_memcpy8
 .text.libc.memset
                0x000000000002a3f0       0x66 /Applications/SEGGER Embedded Studio for ARM 4.52c/lib/libc_v7em_fpv4_sp_d16_hard_t_le_eabi.a(libc2_asm.o)
                0x000000000002a3f0                memset
 .text.libc.strcmp
                0x000000000002a456       0x4e /Applications/SEGGER Embedded Studio for ARM 4.52c/lib/libc_v7em_fpv4_sp_d16_hard_t_le_eabi.a(libc2_asm.o)
                0x000000000002a456                strcmp
 .text.libc.strlen
                0x000000000002a4a4       0x60 /Applications/SEGGER Embedded Studio for ARM 4.52c/lib/libc_v7em_fpv4_sp_d16_hard_t_le_eabi.a(libc2_asm.o)
                0x000000000002a4a4                strlen
                0x000000000002a504                __text_end__ = (__text_start__ + SIZEOF (.text))
                0x000000000000414c                __text_size__ = SIZEOF (.text)
                0x000000000002a504                __text_load_end__ = __text_end__

.vfp11_veneer   0x0000000100000000        0x0
 .vfp11_veneer  0x0000000100000000        0x0 linker stubs

.v4_bx          0x0000000100000000        0x0
 .v4_bx         0x0000000100000000        0x0 linker stubs

.iplt           0x0000000100000000        0x0
 .iplt          0x0000000100000000        0x0 Output/ipac_ble_central Release/Obj/thumb_crt0.o
                0x0000000000000001                . = ASSERT (((__text_start__ == __text_end__) || ((__text_end__ - __FLASH_segment_start__) <= __FLASH_segment_size__)), error: .text is too large to fit in FLASH memory segment)
                0x000000000002a504                __sdh_soc_observers_load_start__ = ALIGN (__text_end__, 0x4)

.sdh_soc_observers
                0x000000000002a504        0x8
                0x000000000002a504                __sdh_soc_observers_start__ = .
                0x000000000002a504                __start_sdh_soc_observers = __sdh_soc_observers_start__
 *(SORT_BY_NAME(.sdh_soc_observers*))
 .sdh_soc_observers0
                0x000000000002a504        0x8 Output/ipac_ble_central Release/Obj/nrf_drv_clock.o
                0x000000000002a50c                __sdh_soc_observers_end__ = (__sdh_soc_observers_start__ + SIZEOF (.sdh_soc_observers))
                0x0000000000000008                __sdh_soc_observers_size__ = SIZEOF (.sdh_soc_observers)
                0x000000000002a50c                __stop_sdh_soc_observers = __sdh_soc_observers_end__
                0x000000000002a50c                __sdh_soc_observers_load_end__ = __sdh_soc_observers_end__
                0x0000000000000001                . = ASSERT (((__sdh_soc_observers_start__ == __sdh_soc_observers_end__) || ((__sdh_soc_observers_end__ - __FLASH_segment_start__) <= __FLASH_segment_size__)), error: .sdh_soc_observers is too large to fit in FLASH memory segment)
                0x000000000002a50c                __pwr_mgmt_data_load_start__ = ALIGN (__sdh_soc_observers_end__, 0x4)

.pwr_mgmt_data  0x000000000002a50c        0x0
                0x000000000002a50c                __pwr_mgmt_data_start__ = .
                0x000000000002a50c                __start_pwr_mgmt_data = __pwr_mgmt_data_start__
 *(SORT_BY_NAME(.pwr_mgmt_data*))
                0x000000000002a50c                __pwr_mgmt_data_end__ = (__pwr_mgmt_data_start__ + SIZEOF (.pwr_mgmt_data))
                0x0000000000000000                __pwr_mgmt_data_size__ = SIZEOF (.pwr_mgmt_data)
                0x000000000002a50c                __stop_pwr_mgmt_data = __pwr_mgmt_data_end__
                0x000000000002a50c                __pwr_mgmt_data_load_end__ = __pwr_mgmt_data_end__
                0x0000000000000001                . = ASSERT (((__pwr_mgmt_data_start__ == __pwr_mgmt_data_end__) || ((__pwr_mgmt_data_end__ - __FLASH_segment_start__) <= __FLASH_segment_size__)), error: .pwr_mgmt_data is too large to fit in FLASH memory segment)
                0x000000000002a50c                __sdh_ble_observers_load_start__ = ALIGN (__pwr_mgmt_data_end__, 0x4)

.sdh_ble_observers
                0x000000000002a50c       0xb0
                0x000000000002a50c                __sdh_ble_observers_start__ = .
                0x000000000002a50c                __start_sdh_ble_observers = __sdh_ble_observers_start__
 *(SORT_BY_NAME(.sdh_ble_observers*))
 .sdh_ble_observers0
                0x000000000002a50c        0x8 Output/ipac_ble_central Release/Obj/ble_conn_state.o
 .sdh_ble_observers1
                0x000000000002a514        0x8 Output/ipac_ble_central Release/Obj/bsp_btn_ble.o
 .sdh_ble_observers1
                0x000000000002a51c       0x58 Output/ipac_ble_central Release/Obj/main.o
 .sdh_ble_observers2
                0x000000000002a574       0x40 Output/ipac_ble_central Release/Obj/main.o
 .sdh_ble_observers3
                0x000000000002a5b4        0x8 Output/ipac_ble_central Release/Obj/main.o
                0x000000000002a5bc                __sdh_ble_observers_end__ = (__sdh_ble_observers_start__ + SIZEOF (.sdh_ble_observers))
                0x00000000000000b0                __sdh_ble_observers_size__ = SIZEOF (.sdh_ble_observers)
                0x000000000002a5bc                __stop_sdh_ble_observers = __sdh_ble_observers_end__
                0x000000000002a5bc                __sdh_ble_observers_load_end__ = __sdh_ble_observers_end__
                0x0000000000000001                . = ASSERT (((__sdh_ble_observers_start__ == __sdh_ble_observers_end__) || ((__sdh_ble_observers_end__ - __FLASH_segment_start__) <= __FLASH_segment_size__)), error: .sdh_ble_observers is too large to fit in FLASH memory segment)
                0x000000000002a5bc                __log_const_data_load_start__ = ALIGN (__sdh_ble_observers_end__, 0x4)

.log_const_data
                0x000000000002a5bc        0x0
                0x000000000002a5bc                __log_const_data_start__ = .
                0x000000000002a5bc                __start_log_const_data = __log_const_data_start__
 *(SORT_BY_NAME(.log_const_data*))
                0x000000000002a5bc                __log_const_data_end__ = (__log_const_data_start__ + SIZEOF (.log_const_data))
                0x0000000000000000                __log_const_data_size__ = SIZEOF (.log_const_data)
                0x000000000002a5bc                __stop_log_const_data = __log_const_data_end__
                0x000000000002a5bc                __log_const_data_load_end__ = __log_const_data_end__
                0x0000000000000001                . = ASSERT (((__log_const_data_start__ == __log_const_data_end__) || ((__log_const_data_end__ - __FLASH_segment_start__) <= __FLASH_segment_size__)), error: .log_const_data is too large to fit in FLASH memory segment)
                0x000000000002a5bc                __nrf_balloc_load_start__ = ALIGN (__log_const_data_end__, 0x4)

.nrf_balloc     0x000000000002a5bc       0x14
                0x000000000002a5bc                __nrf_balloc_start__ = .
                0x000000000002a5bc                __start_nrf_balloc = __nrf_balloc_start__
 *(.nrf_balloc*)
 .nrf_balloc    0x000000000002a5bc       0x14 Output/ipac_ble_central Release/Obj/main.o
                0x000000000002a5bc                m_ble_gatt_queuepool
                0x000000000002a5d0                __nrf_balloc_end__ = (__nrf_balloc_start__ + SIZEOF (.nrf_balloc))
                0x0000000000000014                __nrf_balloc_size__ = SIZEOF (.nrf_balloc)
                0x000000000002a5d0                __stop_nrf_balloc = __nrf_balloc_end__
                0x000000000002a5d0                __nrf_balloc_load_end__ = __nrf_balloc_end__
                0x0000000000000001                . = ASSERT (((__nrf_balloc_start__ == __nrf_balloc_end__) || ((__nrf_balloc_end__ - __FLASH_segment_start__) <= __FLASH_segment_size__)), error: .nrf_balloc is too large to fit in FLASH memory segment)
                0x000000000002a5d0                __nrf_queue_load_start__ = ALIGN (__nrf_balloc_end__, 0x4)

.nrf_queue      0x000000000002a5d0       0x14
                0x000000000002a5d0                __nrf_queue_start__ = .
                0x000000000002a5d0                __start_nrf_queue = __nrf_queue_start__
 *(.nrf_queue*)
 .nrf_queue     0x000000000002a5d0       0x14 Output/ipac_ble_central Release/Obj/main.o
                0x000000000002a5d0                m_ble_gatt_queuepurge_queue
                0x000000000002a5e4                __nrf_queue_end__ = (__nrf_queue_start__ + SIZEOF (.nrf_queue))
                0x0000000000000014                __nrf_queue_size__ = SIZEOF (.nrf_queue)
                0x000000000002a5e4                __stop_nrf_queue = __nrf_queue_end__
                0x000000000002a5e4                __nrf_queue_load_end__ = __nrf_queue_end__
                0x0000000000000001                . = ASSERT (((__nrf_queue_start__ == __nrf_queue_end__) || ((__nrf_queue_end__ - __FLASH_segment_start__) <= __FLASH_segment_size__)), error: .nrf_queue is too large to fit in FLASH memory segment)
                0x000000000002a5e4                __sdh_req_observers_load_start__ = ALIGN (__nrf_queue_end__, 0x4)

.sdh_req_observers
                0x000000000002a5e4        0x0
                0x000000000002a5e4                __sdh_req_observers_start__ = .
                0x000000000002a5e4                __start_sdh_req_observers = __sdh_req_observers_start__
 *(SORT_BY_NAME(.sdh_req_observers*))
                0x000000000002a5e4                __sdh_req_observers_end__ = (__sdh_req_observers_start__ + SIZEOF (.sdh_req_observers))
                0x0000000000000000                __sdh_req_observers_size__ = SIZEOF (.sdh_req_observers)
                0x000000000002a5e4                __stop_sdh_req_observers = __sdh_req_observers_end__
                0x000000000002a5e4                __sdh_req_observers_load_end__ = __sdh_req_observers_end__
                0x0000000000000001                . = ASSERT (((__sdh_req_observers_start__ == __sdh_req_observers_end__) || ((__sdh_req_observers_end__ - __FLASH_segment_start__) <= __FLASH_segment_size__)), error: .sdh_req_observers is too large to fit in FLASH memory segment)
                0x000000000002a5e4                __sdh_state_observers_load_start__ = ALIGN (__sdh_req_observers_end__, 0x4)

.sdh_state_observers
                0x000000000002a5e4        0x8
                0x000000000002a5e4                __sdh_state_observers_start__ = .
                0x000000000002a5e4                __start_sdh_state_observers = __sdh_state_observers_start__
 *(SORT_BY_NAME(.sdh_state_observers*))
 .sdh_state_observers0
                0x000000000002a5e4        0x8 Output/ipac_ble_central Release/Obj/nrf_drv_clock.o
                0x000000000002a5ec                __sdh_state_observers_end__ = (__sdh_state_observers_start__ + SIZEOF (.sdh_state_observers))
                0x0000000000000008                __sdh_state_observers_size__ = SIZEOF (.sdh_state_observers)
                0x000000000002a5ec                __stop_sdh_state_observers = __sdh_state_observers_end__
                0x000000000002a5ec                __sdh_state_observers_load_end__ = __sdh_state_observers_end__
                0x0000000000000001                . = ASSERT (((__sdh_state_observers_start__ == __sdh_state_observers_end__) || ((__sdh_state_observers_end__ - __FLASH_segment_start__) <= __FLASH_segment_size__)), error: .sdh_state_observers is too large to fit in FLASH memory segment)
                0x000000000002a5ec                __sdh_stack_observers_load_start__ = ALIGN (__sdh_state_observers_end__, 0x4)

.sdh_stack_observers
                0x000000000002a5ec       0x10
                0x000000000002a5ec                __sdh_stack_observers_start__ = .
                0x000000000002a5ec                __start_sdh_stack_observers = __sdh_stack_observers_start__
 *(SORT_BY_NAME(.sdh_stack_observers*))
 .sdh_stack_observers0
                0x000000000002a5ec        0x8 Output/ipac_ble_central Release/Obj/nrf_sdh_ble.o
 .sdh_stack_observers0
                0x000000000002a5f4        0x8 Output/ipac_ble_central Release/Obj/nrf_sdh_soc.o
                0x000000000002a5fc                __sdh_stack_observers_end__ = (__sdh_stack_observers_start__ + SIZEOF (.sdh_stack_observers))
                0x0000000000000010                __sdh_stack_observers_size__ = SIZEOF (.sdh_stack_observers)
                0x000000000002a5fc                __stop_sdh_stack_observers = __sdh_stack_observers_end__
                0x000000000002a5fc                __sdh_stack_observers_load_end__ = __sdh_stack_observers_end__
                0x0000000000000001                . = ASSERT (((__sdh_stack_observers_start__ == __sdh_stack_observers_end__) || ((__sdh_stack_observers_end__ - __FLASH_segment_start__) <= __FLASH_segment_size__)), error: .sdh_stack_observers is too large to fit in FLASH memory segment)
                0x000000000002a5fc                __cli_command_load_start__ = ALIGN (__sdh_stack_observers_end__, 0x4)

.cli_command    0x000000000002a5fc        0x0
                0x000000000002a5fc                __cli_command_start__ = .
                0x000000000002a5fc                __start_cli_command = __cli_command_start__
 *(.cli_command*)
                0x000000000002a5fc                __cli_command_end__ = (__cli_command_start__ + SIZEOF (.cli_command))
                0x0000000000000000                __cli_command_size__ = SIZEOF (.cli_command)
                0x000000000002a5fc                __stop_cli_command = __cli_command_end__
                0x000000000002a5fc                __cli_command_load_end__ = __cli_command_end__
                0x0000000000000001                . = ASSERT (((__cli_command_start__ == __cli_command_end__) || ((__cli_command_end__ - __FLASH_segment_start__) <= __FLASH_segment_size__)), error: .cli_command is too large to fit in FLASH memory segment)
                0x000000000002a5fc                __crypto_data_load_start__ = ALIGN (__cli_command_end__, 0x4)

.crypto_data    0x000000000002a5fc        0x0
                0x000000000002a5fc                __crypto_data_start__ = .
                0x000000000002a5fc                __start_crypto_data = __crypto_data_start__
 *(SORT_BY_NAME(.crypto_data*))
                0x000000000002a5fc                __crypto_data_end__ = (__crypto_data_start__ + SIZEOF (.crypto_data))
                0x0000000000000000                __crypto_data_size__ = SIZEOF (.crypto_data)
                0x000000000002a5fc                __stop_crypto_data = __crypto_data_end__
                0x000000000002a5fc                __crypto_data_load_end__ = __crypto_data_end__
                0x0000000000000001                . = ASSERT (((__crypto_data_start__ == __crypto_data_end__) || ((__crypto_data_end__ - __FLASH_segment_start__) <= __FLASH_segment_size__)), error: .crypto_data is too large to fit in FLASH memory segment)
                0x000000000002a5fc                __log_backends_load_start__ = ALIGN (__crypto_data_end__, 0x4)

.log_backends   0x000000000002a5fc        0x0
                0x000000000002a5fc                __log_backends_start__ = .
                0x000000000002a5fc                __start_log_backends = __log_backends_start__
 *(SORT_BY_NAME(.log_backends*))
                0x000000000002a5fc                __log_backends_end__ = (__log_backends_start__ + SIZEOF (.log_backends))
                0x0000000000000000                __log_backends_size__ = SIZEOF (.log_backends)
                0x000000000002a5fc                __stop_log_backends = __log_backends_end__
                0x000000000002a5fc                __log_backends_load_end__ = __log_backends_end__
                0x0000000000000001                . = ASSERT (((__log_backends_start__ == __log_backends_end__) || ((__log_backends_end__ - __FLASH_segment_start__) <= __FLASH_segment_size__)), error: .log_backends is too large to fit in FLASH memory segment)
                0x000000000002a5fc                __nrf_sections_load_start__ = ALIGN (__log_backends_end__, 0x4)

.nrf_sections   0x000000000002a5fc        0x0
                0x000000000002a5fc                __nrf_sections_start__ = .
                0x000000000002a5fc                __start_nrf_sections = __nrf_sections_start__
 *(.nrf_sections .nrf_sections.*)
                0x000000000002a5fc                __nrf_sections_end__ = (__nrf_sections_start__ + SIZEOF (.nrf_sections))
                0x0000000000000000                __nrf_sections_size__ = SIZEOF (.nrf_sections)
                0x000000000002a5fc                __nrf_sections_load_end__ = __nrf_sections_end__
                0x0000000000000001                . = ASSERT (((__nrf_sections_start__ == __nrf_sections_end__) || ((__nrf_sections_end__ - __FLASH_segment_start__) <= __FLASH_segment_size__)), error: .nrf_sections is too large to fit in FLASH memory segment)
                0x000000000002a5fc                __log_dynamic_data_load_start__ = ALIGN (__nrf_sections_end__, 0x4)

.log_dynamic_data
                0x0000000020004398        0x0 load address 0x000000000002a5fc
                0x0000000020004398                __log_dynamic_data_start__ = .
 *(SORT_BY_NAME(.log_dynamic_data*))
                0x0000000020004398                __log_dynamic_data_end__ = (__log_dynamic_data_start__ + SIZEOF (.log_dynamic_data))
                0x0000000000000000                __log_dynamic_data_size__ = SIZEOF (.log_dynamic_data)
                0x000000000002a5fc                __log_dynamic_data_load_end__ = (__log_dynamic_data_load_start__ + SIZEOF (.log_dynamic_data))
                0x0000000000000001                . = ASSERT (((__log_dynamic_data_load_start__ == __log_dynamic_data_load_end__) || ((__log_dynamic_data_load_end__ - __FLASH_segment_start__) <= __FLASH_segment_size__)), error: .log_dynamic_data is too large to fit in FLASH memory segment)

.log_dynamic_data_run
                0x0000000020004398        0x0
                0x0000000020004398                __log_dynamic_data_run_start__ = .
                0x0000000020004398                __start_log_dynamic_data = __log_dynamic_data_run_start__
                0x0000000020004398                . = MAX ((__log_dynamic_data_run_start__ + SIZEOF (.log_dynamic_data)), .)
                0x0000000020004398                __log_dynamic_data_run_end__ = (__log_dynamic_data_run_start__ + SIZEOF (.log_dynamic_data_run))
                0x0000000000000000                __log_dynamic_data_run_size__ = SIZEOF (.log_dynamic_data_run)
                0x0000000020004398                __stop_log_dynamic_data = __log_dynamic_data_run_end__
                0x0000000020004398                __log_dynamic_data_run_load_end__ = __log_dynamic_data_run_end__
                0x0000000000000001                . = ASSERT (((__log_dynamic_data_run_start__ == __log_dynamic_data_run_end__) || ((__log_dynamic_data_run_end__ - __RAM_segment_start__) <= __RAM_segment_size__)), error: .log_dynamic_data_run is too large to fit in RAM memory segment)
                0x000000000002a5fc                __log_filter_data_load_start__ = ALIGN ((__log_dynamic_data_load_start__ + SIZEOF (.log_dynamic_data)), 0x4)

.log_filter_data
                0x0000000020004398        0x0 load address 0x000000000002a5fc
                0x0000000020004398                __log_filter_data_start__ = .
 *(SORT_BY_NAME(.log_filter_data*))
                0x0000000020004398                __log_filter_data_end__ = (__log_filter_data_start__ + SIZEOF (.log_filter_data))
                0x0000000000000000                __log_filter_data_size__ = SIZEOF (.log_filter_data)
                0x000000000002a5fc                __log_filter_data_load_end__ = (__log_filter_data_load_start__ + SIZEOF (.log_filter_data))
                0x0000000000000001                . = ASSERT (((__log_filter_data_load_start__ == __log_filter_data_load_end__) || ((__log_filter_data_load_end__ - __FLASH_segment_start__) <= __FLASH_segment_size__)), error: .log_filter_data is too large to fit in FLASH memory segment)

.log_filter_data_run
                0x0000000020004398        0x0
                0x0000000020004398                __log_filter_data_run_start__ = .
                0x0000000020004398                __start_log_filter_data = __log_filter_data_run_start__
                0x0000000020004398                . = MAX ((__log_filter_data_run_start__ + SIZEOF (.log_filter_data)), .)
                0x0000000020004398                __log_filter_data_run_end__ = (__log_filter_data_run_start__ + SIZEOF (.log_filter_data_run))
                0x0000000000000000                __log_filter_data_run_size__ = SIZEOF (.log_filter_data_run)
                0x0000000020004398                __stop_log_filter_data = __log_filter_data_run_end__
                0x0000000020004398                __log_filter_data_run_load_end__ = __log_filter_data_run_end__
                0x0000000000000001                . = ASSERT (((__log_filter_data_run_start__ == __log_filter_data_run_end__) || ((__log_filter_data_run_end__ - __RAM_segment_start__) <= __RAM_segment_size__)), error: .log_filter_data_run is too large to fit in RAM memory segment)
                0x000000000002a5fc                __cli_sorted_cmd_ptrs_load_start__ = ALIGN ((__log_filter_data_load_start__ + SIZEOF (.log_filter_data)), 0x4)

.cli_sorted_cmd_ptrs
                0x0000000020004398        0x0 load address 0x000000000002a5fc
                0x0000000020004398                __cli_sorted_cmd_ptrs_start__ = .
 *(.cli_sorted_cmd_ptrs*)
                0x0000000020004398                __cli_sorted_cmd_ptrs_end__ = (__cli_sorted_cmd_ptrs_start__ + SIZEOF (.cli_sorted_cmd_ptrs))
                0x0000000000000000                __cli_sorted_cmd_ptrs_size__ = SIZEOF (.cli_sorted_cmd_ptrs)
                0x000000000002a5fc                __cli_sorted_cmd_ptrs_load_end__ = (__cli_sorted_cmd_ptrs_load_start__ + SIZEOF (.cli_sorted_cmd_ptrs))
                0x0000000000000001                . = ASSERT (((__cli_sorted_cmd_ptrs_load_start__ == __cli_sorted_cmd_ptrs_load_end__) || ((__cli_sorted_cmd_ptrs_load_end__ - __FLASH_segment_start__) <= __FLASH_segment_size__)), error: .cli_sorted_cmd_ptrs is too large to fit in FLASH memory segment)

.cli_sorted_cmd_ptrs_run
                0x0000000020004398        0x0
                0x0000000020004398                __cli_sorted_cmd_ptrs_run_start__ = .
                0x0000000020004398                __start_cli_sorted_cmd_ptrs = __cli_sorted_cmd_ptrs_run_start__
                0x0000000020004398                . = MAX ((__cli_sorted_cmd_ptrs_run_start__ + SIZEOF (.cli_sorted_cmd_ptrs)), .)
                0x0000000020004398                __cli_sorted_cmd_ptrs_run_end__ = (__cli_sorted_cmd_ptrs_run_start__ + SIZEOF (.cli_sorted_cmd_ptrs_run))
                0x0000000000000000                __cli_sorted_cmd_ptrs_run_size__ = SIZEOF (.cli_sorted_cmd_ptrs_run)
                0x0000000020004398                __stop_cli_sorted_cmd_ptrs = __cli_sorted_cmd_ptrs_run_end__
                0x0000000020004398                __cli_sorted_cmd_ptrs_run_load_end__ = __cli_sorted_cmd_ptrs_run_end__
                0x0000000000000001                . = ASSERT (((__cli_sorted_cmd_ptrs_run_start__ == __cli_sorted_cmd_ptrs_run_end__) || ((__cli_sorted_cmd_ptrs_run_end__ - __RAM_segment_start__) <= __RAM_segment_size__)), error: .cli_sorted_cmd_ptrs_run is too large to fit in RAM memory segment)
                0x000000000002a5fc                __fs_data_load_start__ = ALIGN ((__cli_sorted_cmd_ptrs_load_start__ + SIZEOF (.cli_sorted_cmd_ptrs)), 0x4)

.fs_data        0x0000000020004398        0x0 load address 0x000000000002a5fc
                0x0000000020004398                __fs_data_start__ = .
 *(.fs_data*)
                0x0000000020004398                __fs_data_end__ = (__fs_data_start__ + SIZEOF (.fs_data))
                0x0000000000000000                __fs_data_size__ = SIZEOF (.fs_data)
                0x000000000002a5fc                __fs_data_load_end__ = (__fs_data_load_start__ + SIZEOF (.fs_data))
                0x0000000000000001                . = ASSERT (((__fs_data_load_start__ == __fs_data_load_end__) || ((__fs_data_load_end__ - __FLASH_segment_start__) <= __FLASH_segment_size__)), error: .fs_data is too large to fit in FLASH memory segment)

.fs_data_run    0x0000000020004398        0x0
                0x0000000020004398                __fs_data_run_start__ = .
                0x0000000020004398                __start_fs_data = __fs_data_run_start__
                0x0000000020004398                . = MAX ((__fs_data_run_start__ + SIZEOF (.fs_data)), .)
                0x0000000020004398                __fs_data_run_end__ = (__fs_data_run_start__ + SIZEOF (.fs_data_run))
                0x0000000000000000                __fs_data_run_size__ = SIZEOF (.fs_data_run)
                0x0000000020004398                __stop_fs_data = __fs_data_run_end__
                0x0000000020004398                __fs_data_run_load_end__ = __fs_data_run_end__
                0x0000000000000001                . = ASSERT (((__fs_data_run_start__ == __fs_data_run_end__) || ((__fs_data_run_end__ - __RAM_segment_start__) <= __RAM_segment_size__)), error: .fs_data_run is too large to fit in RAM memory segment)
                0x0000000020004398                __nrf_sections_run_end_load_start__ = ALIGN (__fs_data_run_end__, 0x4)

.nrf_sections_run_end
                0x0000000020004398        0x0
                0x0000000020004398                __nrf_sections_run_end_start__ = .
                0x0000000020004398                __end_nrf_sections_run = __nrf_sections_run_end_start__
 *(.nrf_sections_run_end .nrf_sections_run_end.*)
                0x0000000020004398                __nrf_sections_run_end_end__ = (__nrf_sections_run_end_start__ + SIZEOF (.nrf_sections_run_end))
                0x0000000000000000                __nrf_sections_run_end_size__ = SIZEOF (.nrf_sections_run_end)
                0x0000000020004398                __nrf_sections_run_end_load_end__ = __nrf_sections_run_end_end__
                0x0000000000000001                . = ASSERT (((__nrf_sections_run_end_start__ == __nrf_sections_run_end_end__) || ((__nrf_sections_run_end_end__ - __RAM_segment_start__) <= __RAM_segment_size__)), error: .nrf_sections_run_end is too large to fit in RAM memory segment)
                0x000000000002a5fc                __dtors_load_start__ = ALIGN ((__fs_data_load_start__ + SIZEOF (.fs_data)), 0x4)

.dtors          0x000000000002a5fc        0x0
                0x000000000002a5fc                __dtors_start__ = .
 *(SORT_BY_NAME(.dtors.*))
 *(.dtors)
 *(.fini_array)
 *(SORT_BY_NAME(.fini_array.*))
                0x000000000002a5fc                __dtors_end__ = (__dtors_start__ + SIZEOF (.dtors))
                0x0000000000000000                __dtors_size__ = SIZEOF (.dtors)
                0x000000000002a5fc                __dtors_load_end__ = __dtors_end__
                0x0000000000000001                . = ASSERT (((__dtors_start__ == __dtors_end__) || ((__dtors_end__ - __FLASH_segment_start__) <= __FLASH_segment_size__)), error: .dtors is too large to fit in FLASH memory segment)
                0x000000000002a5fc                __ctors_load_start__ = ALIGN (__dtors_end__, 0x4)

.ctors          0x000000000002a5fc        0x0
                0x000000000002a5fc                __ctors_start__ = .
 *(SORT_BY_NAME(.ctors.*))
 *(.ctors)
 *(.init_array)
 *(SORT_BY_NAME(.init_array.*))
                0x000000000002a5fc                __ctors_end__ = (__ctors_start__ + SIZEOF (.ctors))
                0x0000000000000000                __ctors_size__ = SIZEOF (.ctors)
                0x000000000002a5fc                __ctors_load_end__ = __ctors_end__
                0x0000000000000001                . = ASSERT (((__ctors_start__ == __ctors_end__) || ((__ctors_end__ - __FLASH_segment_start__) <= __FLASH_segment_size__)), error: .ctors is too large to fit in FLASH memory segment)
                0x000000000002a5fc                __rodata_load_start__ = ALIGN (__ctors_end__, 0x4)

.rodata         0x000000000002a5fc      0x180
                0x000000000002a5fc                __rodata_start__ = .
 *(.rodata .rodata.* .gnu.linkonce.r.*)
 .rodata.m_detection_delay_timer_id
                0x000000000002a5fc        0x4 Output/ipac_ble_central Release/Obj/app_button.o
 .rodata        0x000000000002a600        0x4 Output/ipac_ble_central Release/Obj/app_timer2.o
 .rodata.m_app_timer_sortlist
                0x000000000002a604        0xc Output/ipac_ble_central Release/Obj/app_timer2.o
 .rodata.delay_machine_code.8135
                0x000000000002a610        0x6 Output/ipac_ble_central Release/Obj/drv_rtc.o
 *fill*         0x000000000002a616        0x2 
 .rodata.pwr_mgmt_data
                0x000000000002a618        0xc Output/ipac_ble_central Release/Obj/nrf_pwr_mgmt.o
 .rodata        0x000000000002a624       0x20 Output/ipac_ble_central Release/Obj/app_uart_fifo.o
 .rodata.CSWTCH.15
                0x000000000002a644        0x4 Output/ipac_ble_central Release/Obj/system_nrf52.o
 .rodata.CSWTCH.19
                0x000000000002a648        0x4 Output/ipac_ble_central Release/Obj/system_nrf52.o
 .rodata.CSWTCH.5
                0x000000000002a64c        0x4 Output/ipac_ble_central Release/Obj/system_nrf52.o
 .rodata        0x000000000002a650       0x18 Output/ipac_ble_central Release/Obj/main.o
 .rodata.m_ble_gatt_queuereq_queue
                0x000000000002a668       0xa0 Output/ipac_ble_central Release/Obj/main.o
 .rodata.m_target_periph_name
                0x000000000002a708        0xb Output/ipac_ble_central Release/Obj/main.o
 *fill*         0x000000000002a713        0x1 
 .rodata.m_req_data_alloc
                0x000000000002a714       0x18 Output/ipac_ble_central Release/Obj/nrf_ble_gq.o
 .rodata        0x000000000002a72c       0x10 Output/ipac_ble_central Release/Obj/ble_nus_c.o
 .rodata        0x000000000002a73c        0x4 Output/ipac_ble_central Release/Obj/nrf_sdh.o
 .rodata.sdh_req_observers
                0x000000000002a740        0xc Output/ipac_ble_central Release/Obj/nrf_sdh.o
 .rodata.sdh_stack_observers
                0x000000000002a74c        0xc Output/ipac_ble_central Release/Obj/nrf_sdh.o
 .rodata.sdh_state_observers
                0x000000000002a758        0xc Output/ipac_ble_central Release/Obj/nrf_sdh.o
 .rodata.sdh_ble_observers
                0x000000000002a764        0xc Output/ipac_ble_central Release/Obj/nrf_sdh_ble.o
 .rodata.sdh_soc_observers
                0x000000000002a770        0xc Output/ipac_ble_central Release/Obj/nrf_sdh_soc.o
                0x000000000002a77c                __rodata_end__ = (__rodata_start__ + SIZEOF (.rodata))
                0x0000000000000180                __rodata_size__ = SIZEOF (.rodata)
                0x000000000002a77c                __rodata_load_end__ = __rodata_end__

.rel.dyn        0x000000000002a77c        0x0
 .rel.iplt      0x000000000002a77c        0x0 Output/ipac_ble_central Release/Obj/thumb_crt0.o
                0x0000000000000001                . = ASSERT (((__rodata_start__ == __rodata_end__) || ((__rodata_end__ - __FLASH_segment_start__) <= __FLASH_segment_size__)), error: .rodata is too large to fit in FLASH memory segment)
                0x000000000002a77c                __ARM.exidx_load_start__ = ALIGN (__rodata_end__, 0x4)

.ARM.exidx      0x000000000002a77c        0x0
                0x000000000002a77c                __ARM.exidx_start__ = .
                0x000000000002a77c                __exidx_start = __ARM.exidx_start__
 *(.ARM.exidx .ARM.exidx.*)
                0x000000000002a77c                __ARM.exidx_end__ = (__ARM.exidx_start__ + SIZEOF (.ARM.exidx))
                0x0000000000000000                __ARM.exidx_size__ = SIZEOF (.ARM.exidx)
                0x000000000002a77c                __exidx_end = __ARM.exidx_end__
                0x000000000002a77c                __ARM.exidx_load_end__ = __ARM.exidx_end__
                0x0000000000000001                . = ASSERT (((__ARM.exidx_start__ == __ARM.exidx_end__) || ((__ARM.exidx_end__ - __FLASH_segment_start__) <= __FLASH_segment_size__)), error: .ARM.exidx is too large to fit in FLASH memory segment)
                0x000000000002a77c                __fast_load_start__ = ALIGN (__ARM.exidx_end__, 0x4)

.fast           0x0000000020004398        0x0 load address 0x000000000002a77c
                0x0000000020004398                __fast_start__ = .
 *(.fast .fast.*)
                0x0000000020004398                __fast_end__ = (__fast_start__ + SIZEOF (.fast))
                0x0000000000000000                __fast_size__ = SIZEOF (.fast)
                0x000000000002a77c                __fast_load_end__ = (__fast_load_start__ + SIZEOF (.fast))
                0x0000000000000001                . = ASSERT (((__fast_load_start__ == __fast_load_end__) || ((__fast_load_end__ - __FLASH_segment_start__) <= __FLASH_segment_size__)), error: .fast is too large to fit in FLASH memory segment)

.fast_run       0x0000000020004398        0x0
                0x0000000020004398                __fast_run_start__ = .
                0x0000000020004398                . = MAX ((__fast_run_start__ + SIZEOF (.fast)), .)
                0x0000000020004398                __fast_run_end__ = (__fast_run_start__ + SIZEOF (.fast_run))
                0x0000000000000000                __fast_run_size__ = SIZEOF (.fast_run)
                0x0000000020004398                __fast_run_load_end__ = __fast_run_end__
                0x0000000000000001                . = ASSERT (((__fast_run_start__ == __fast_run_end__) || ((__fast_run_end__ - __RAM_segment_start__) <= __RAM_segment_size__)), error: .fast_run is too large to fit in RAM memory segment)
                0x000000000002a77c                __data_load_start__ = ALIGN ((__fast_load_start__ + SIZEOF (.fast)), 0x4)

.data           0x0000000020004398     0x2ed0 load address 0x000000000002a77c
                0x0000000020004398                __data_start__ = .
 *(.data .data.* .gnu.linkonce.d.*)
 .data.m_rtc_inst
                0x0000000020004398        0x8 Output/ipac_ble_central Release/Obj/app_timer2.o
 .data.app_uart_inst
                0x00000000200043a0       0x14 Output/ipac_ble_central Release/Obj/app_uart_fifo.o
 .data.SystemCoreClock
                0x00000000200043b4        0x4 Output/ipac_ble_central Release/Obj/system_nrf52.o
                0x00000000200043b4                SystemCoreClock
 .data.buttons.11450
                0x00000000200043b8        0x8 Output/ipac_ble_central Release/Obj/main.o
 .data.m_ble_gatt_queue
                0x00000000200043c0       0x14 Output/ipac_ble_central Release/Obj/main.o
 .data.m_ble_gatt_queueconn_handles_arr
                0x00000000200043d4       0x10 Output/ipac_ble_central Release/Obj/main.o
 .data.m_ble_nus_max_data_len
                0x00000000200043e4        0x2 Output/ipac_ble_central Release/Obj/main.o
 *fill*         0x00000000200043e6        0x2 
 .data.m_db_disc
                0x00000000200043e8     0x2e80 Output/ipac_ble_central Release/Obj/main.o
                0x0000000020007268                __data_end__ = (__data_start__ + SIZEOF (.data))
                0x0000000000002ed0                __data_size__ = SIZEOF (.data)
                0x000000000002d64c                __data_load_end__ = (__data_load_start__ + SIZEOF (.data))

.igot.plt       0x0000000100000000        0x0
 .igot.plt      0x0000000100000000        0x0 Output/ipac_ble_central Release/Obj/thumb_crt0.o
                0x0000000000000001                . = ASSERT (((__data_load_start__ == __data_load_end__) || ((__data_load_end__ - __FLASH_segment_start__) <= __FLASH_segment_size__)), error: .data is too large to fit in FLASH memory segment)

.data_run       0x0000000020004398     0x2ed0 load address 0x000000000002a77c
                0x0000000020004398                __data_run_start__ = .
                0x0000000020007268                . = MAX ((__data_run_start__ + SIZEOF (.data)), .)
 *fill*         0x0000000020004398     0x2ed0 
                0x0000000020007268                __data_run_end__ = (__data_run_start__ + SIZEOF (.data_run))
                0x0000000000002ed0                __data_run_size__ = SIZEOF (.data_run)
                0x0000000020007268                __data_run_load_end__ = __data_run_end__
                0x0000000000000001                . = ASSERT (((__data_run_start__ == __data_run_end__) || ((__data_run_end__ - __RAM_segment_start__) <= __RAM_segment_size__)), error: .data_run is too large to fit in RAM memory segment)
                0x000000000002d64c                __tdata_load_start__ = ALIGN ((__data_load_start__ + SIZEOF (.data)), 0x4)

.tdata          0x0000000020007268        0x0 load address 0x000000000002d64c
                0x0000000020007268                __tdata_start__ = .
 *(.tdata .tdata.*)
                0x0000000020007268                __tdata_end__ = (__tdata_start__ + SIZEOF (.tdata))
                0x0000000000000000                __tdata_size__ = SIZEOF (.tdata)
                0x000000000002d64c                __tdata_load_end__ = (__tdata_load_start__ + SIZEOF (.tdata))
                0x000000000002d64c                __FLASH_segment_used_end__ = (ALIGN ((__data_load_start__ + SIZEOF (.data)), 0x4) + SIZEOF (.tdata))
                0x000000000002d64c                __FLASH_segment_used_size__ = (__FLASH_segment_used_end__ - __FLASH_segment_start__)
                0x0000000000000001                . = ASSERT (((__tdata_load_start__ == __tdata_load_end__) || ((__tdata_load_end__ - __FLASH_segment_start__) <= __FLASH_segment_size__)), error: .tdata is too large to fit in FLASH memory segment)

.tdata_run      0x0000000020007268        0x0
                0x0000000020007268                __tdata_run_start__ = .
                0x0000000020007268                . = MAX ((__tdata_run_start__ + SIZEOF (.tdata)), .)
                0x0000000020007268                __tdata_run_end__ = (__tdata_run_start__ + SIZEOF (.tdata_run))
                0x0000000000000000                __tdata_run_size__ = SIZEOF (.tdata_run)
                0x0000000020007268                __tdata_run_load_end__ = __tdata_run_end__
                0x0000000000000001                . = ASSERT (((__tdata_run_start__ == __tdata_run_end__) || ((__tdata_run_end__ - __RAM_segment_start__) <= __RAM_segment_size__)), error: .tdata_run is too large to fit in RAM memory segment)
                0x0000000020007268                __bss_load_start__ = ALIGN (__tdata_run_end__, 0x4)

.bss            0x0000000020007268      0xc94
                0x0000000020007268                __bss_start__ = .
 *(.bss .bss.* .gnu.linkonce.b.*)
 .bss.m_button_count
                0x0000000020007268        0x1 Output/ipac_ble_central Release/Obj/app_button.o
 *fill*         0x0000000020007269        0x3 
 .bss.m_detection_delay
                0x000000002000726c        0x4 Output/ipac_ble_central Release/Obj/app_button.o
 .bss.m_detection_delay_timer_id_data
                0x0000000020007270       0x20 Output/ipac_ble_central Release/Obj/app_button.o
 .bss.m_pin_active
                0x0000000020007290        0x8 Output/ipac_ble_central Release/Obj/app_button.o
 .bss.m_pin_states
                0x0000000020007298       0x10 Output/ipac_ble_central Release/Obj/app_button.o
 .bss.mp_buttons
                0x00000000200072a8        0x4 Output/ipac_ble_central Release/Obj/app_button.o
 .bss.m_app_timer_sortlist_sortlist_cb
                0x00000000200072ac        0x4 Output/ipac_ble_central Release/Obj/app_timer2.o
 .bss.m_base_counter
                0x00000000200072b0        0x8 Output/ipac_ble_central Release/Obj/app_timer2.o
 .bss.m_global_active
                0x00000000200072b8        0x1 Output/ipac_ble_central Release/Obj/app_timer2.o
 *fill*         0x00000000200072b9        0x3 
 .bss.m_req_fifo_data
                0x00000000200072bc       0x58 Output/ipac_ble_central Release/Obj/app_timer2.o
 .bss.m_req_fifo_inst
                0x0000000020007314       0x10 Output/ipac_ble_central Release/Obj/app_timer2.o
 *fill*         0x0000000020007324        0x4 
 .bss.m_stamp64
                0x0000000020007328        0x8 Output/ipac_ble_central Release/Obj/app_timer2.o
 .bss.mp_active_timer
                0x0000000020007330        0x4 Output/ipac_ble_central Release/Obj/app_timer2.o
 .bss.nrf_nvic_state
                0x0000000020007334        0xc Output/ipac_ble_central Release/Obj/app_util_platform.o
                0x0000000020007334                nrf_nvic_state
 .bss.m_cb      0x0000000020007340        0x8 Output/ipac_ble_central Release/Obj/drv_rtc.o
 .bss.m_handlers
                0x0000000020007348        0x4 Output/ipac_ble_central Release/Obj/drv_rtc.o
 .bss.m_handlers_iter
                0x000000002000734c        0x8 Output/ipac_ble_central Release/Obj/nrf_pwr_mgmt.o
 .bss.m_shutdown_started
                0x0000000020007354        0x1 Output/ipac_ble_central Release/Obj/nrf_pwr_mgmt.o
 *fill*         0x0000000020007355        0x3 
 .bss.m_sysoff_mtx
                0x0000000020007358        0x4 Output/ipac_ble_central Release/Obj/nrf_pwr_mgmt.o
 .bss.m_event_handler
                0x000000002000735c        0x4 Output/ipac_ble_central Release/Obj/app_uart_fifo.o
 .bss.m_rx_fifo
                0x0000000020007360       0x10 Output/ipac_ble_central Release/Obj/app_uart_fifo.o
 .bss.m_rx_ovf  0x0000000020007370        0x1 Output/ipac_ble_central Release/Obj/app_uart_fifo.o
 *fill*         0x0000000020007371        0x3 
 .bss.m_tx_fifo
                0x0000000020007374       0x10 Output/ipac_ble_central Release/Obj/app_uart_fifo.o
 .bss.rx_buffer
                0x0000000020007384        0x1 Output/ipac_ble_central Release/Obj/app_uart_fifo.o
 .bss.tx_buffer
                0x0000000020007385        0x1 Output/ipac_ble_central Release/Obj/app_uart_fifo.o
 *fill*         0x0000000020007386        0x2 
 .bss.m_clock_cb
                0x0000000020007388       0x14 Output/ipac_ble_central Release/Obj/nrf_drv_clock.o
 .bss.m_contexts
                0x000000002000739c        0x4 Output/ipac_ble_central Release/Obj/nrf_drv_uart.o
 .bss.m_handlers
                0x00000000200073a0        0x4 Output/ipac_ble_central Release/Obj/nrf_drv_uart.o
 .bss.nrf_drv_uart_use_easy_dma
                0x00000000200073a4        0x1 Output/ipac_ble_central Release/Obj/nrf_drv_uart.o
                0x00000000200073a4                nrf_drv_uart_use_easy_dma
 *fill*         0x00000000200073a5        0x3 
 .bss.m_clock_cb
                0x00000000200073a8        0x8 Output/ipac_ble_central Release/Obj/nrfx_clock.o
 .bss.m_cb      0x00000000200073b0       0x5c Output/ipac_ble_central Release/Obj/nrfx_gpiote.o
 .bss.m_prs_box_4
                0x000000002000740c        0x8 Output/ipac_ble_central Release/Obj/nrfx_prs.o
 .bss.m_cb      0x0000000020007414       0x2c Output/ipac_ble_central Release/Obj/nrfx_uart.o
 .bss.m_cb      0x0000000020007440       0x24 Output/ipac_ble_central Release/Obj/nrfx_uarte.o
 .bss.m_events_list
                0x0000000020007464        0xc Output/ipac_ble_central Release/Obj/bsp.o
 .bss.m_error_handler
                0x0000000020007470        0x4 Output/ipac_ble_central Release/Obj/bsp_btn_ble.o
 .bss.m_num_connections
                0x0000000020007474        0x4 Output/ipac_ble_central Release/Obj/bsp_btn_ble.o
 .bss.data_array.11496
                0x0000000020007478       0x14 Output/ipac_ble_central Release/Obj/main.o
 .bss.index.11497
                0x000000002000748c        0x2 Output/ipac_ble_central Release/Obj/main.o
 *fill*         0x000000002000748e        0x2 
 .bss.m_ble_gatt_queuepool_nrf_balloc_cb
                0x0000000020007490        0x8 Output/ipac_ble_central Release/Obj/main.o
 .bss.m_ble_gatt_queuepool_nrf_balloc_pool_mem
                0x0000000020007498       0xc0 Output/ipac_ble_central Release/Obj/main.o
 .bss.m_ble_gatt_queuepool_nrf_balloc_pool_stack
                0x0000000020007558        0x8 Output/ipac_ble_central Release/Obj/main.o
 .bss.m_ble_gatt_queuepurge_queue_nrf_queue_buffer
                0x0000000020007560       0x12 Output/ipac_ble_central Release/Obj/main.o
 *fill*         0x0000000020007572        0x2 
 .bss.m_ble_gatt_queuepurge_queue_nrf_queue_cb
                0x0000000020007574        0xc Output/ipac_ble_central Release/Obj/main.o
 .bss.m_ble_gatt_queuereq_queue0_nrf_queue_buffer
                0x0000000020007580       0xa0 Output/ipac_ble_central Release/Obj/main.o
 .bss.m_ble_gatt_queuereq_queue0_nrf_queue_cb
                0x0000000020007620        0xc Output/ipac_ble_central Release/Obj/main.o
 .bss.m_ble_gatt_queuereq_queue1_nrf_queue_buffer
                0x000000002000762c       0xa0 Output/ipac_ble_central Release/Obj/main.o
 .bss.m_ble_gatt_queuereq_queue1_nrf_queue_cb
                0x00000000200076cc        0xc Output/ipac_ble_central Release/Obj/main.o
 .bss.m_ble_gatt_queuereq_queue2_nrf_queue_buffer
                0x00000000200076d8       0xa0 Output/ipac_ble_central Release/Obj/main.o
 .bss.m_ble_gatt_queuereq_queue2_nrf_queue_cb
                0x0000000020007778        0xc Output/ipac_ble_central Release/Obj/main.o
 .bss.m_ble_gatt_queuereq_queue3_nrf_queue_buffer
                0x0000000020007784       0xa0 Output/ipac_ble_central Release/Obj/main.o
 .bss.m_ble_gatt_queuereq_queue3_nrf_queue_cb
                0x0000000020007824        0xc Output/ipac_ble_central Release/Obj/main.o
 .bss.m_ble_gatt_queuereq_queue4_nrf_queue_buffer
                0x0000000020007830       0xa0 Output/ipac_ble_central Release/Obj/main.o
 .bss.m_ble_gatt_queuereq_queue4_nrf_queue_cb
                0x00000000200078d0        0xc Output/ipac_ble_central Release/Obj/main.o
 .bss.m_ble_gatt_queuereq_queue5_nrf_queue_buffer
                0x00000000200078dc       0xa0 Output/ipac_ble_central Release/Obj/main.o
 .bss.m_ble_gatt_queuereq_queue5_nrf_queue_cb
                0x000000002000797c        0xc Output/ipac_ble_central Release/Obj/main.o
 .bss.m_ble_gatt_queuereq_queue6_nrf_queue_buffer
                0x0000000020007988       0xa0 Output/ipac_ble_central Release/Obj/main.o
 .bss.m_ble_gatt_queuereq_queue6_nrf_queue_cb
                0x0000000020007a28        0xc Output/ipac_ble_central Release/Obj/main.o
 .bss.m_ble_gatt_queuereq_queue7_nrf_queue_buffer