Archive member included to satisfy reference by file (symbol)

/usr/local/Cellar/arm-none-eabi-gcc/9-2019-q4-major/gcc/bin/../lib/gcc/arm-none-eabi/9.2.1/../../../../arm-none-eabi/lib/thumb/v7e-m+fp/hard/libc_nano.a(lib_a-ctype_.o)
                              _build/nrf52832_xxaa/nrf_log_str_formatter.c.o (_ctype_)
/usr/local/Cellar/arm-none-eabi-gcc/9-2019-q4-major/gcc/bin/../lib/gcc/arm-none-eabi/9.2.1/../../../../arm-none-eabi/lib/thumb/v7e-m+fp/hard/libc_nano.a(lib_a-exit.o)
                              /usr/local/Cellar/arm-none-eabi-gcc/9-2019-q4-major/gcc/bin/../lib/gcc/arm-none-eabi/9.2.1/../../../../arm-none-eabi/lib/thumb/v7e-m+fp/hard/crt0.o (exit)
/usr/local/Cellar/arm-none-eabi-gcc/9-2019-q4-major/gcc/bin/../lib/gcc/arm-none-eabi/9.2.1/../../../../arm-none-eabi/lib/thumb/v7e-m+fp/hard/libc_nano.a(lib_a-impure.o)
                              /usr/local/Cellar/arm-none-eabi-gcc/9-2019-q4-major/gcc/bin/../lib/gcc/arm-none-eabi/9.2.1/../../../../arm-none-eabi/lib/thumb/v7e-m+fp/hard/libc_nano.a(lib_a-exit.o) (_global_impure_ptr)
/usr/local/Cellar/arm-none-eabi-gcc/9-2019-q4-major/gcc/bin/../lib/gcc/arm-none-eabi/9.2.1/../../../../arm-none-eabi/lib/thumb/v7e-m+fp/hard/libc_nano.a(lib_a-init.o)
                              /usr/local/Cellar/arm-none-eabi-gcc/9-2019-q4-major/gcc/bin/../lib/gcc/arm-none-eabi/9.2.1/../../../../arm-none-eabi/lib/thumb/v7e-m+fp/hard/crt0.o (__libc_init_array)
/usr/local/Cellar/arm-none-eabi-gcc/9-2019-q4-major/gcc/bin/../lib/gcc/arm-none-eabi/9.2.1/../../../../arm-none-eabi/lib/thumb/v7e-m+fp/hard/libc_nano.a(lib_a-memcmp.o)
                              _build/nrf52832_xxaa/ble_advdata.c.o (memcmp)
/usr/local/Cellar/arm-none-eabi-gcc/9-2019-q4-major/gcc/bin/../lib/gcc/arm-none-eabi/9.2.1/../../../../arm-none-eabi/lib/thumb/v7e-m+fp/hard/libc_nano.a(lib_a-memcpy-stub.o)
                              _build/nrf52832_xxaa/nrf_log_frontend.c.o (memcpy)
/usr/local/Cellar/arm-none-eabi-gcc/9-2019-q4-major/gcc/bin/../lib/gcc/arm-none-eabi/9.2.1/../../../../arm-none-eabi/lib/thumb/v7e-m+fp/hard/libc_nano.a(lib_a-memset.o)
                              /usr/local/Cellar/arm-none-eabi-gcc/9-2019-q4-major/gcc/bin/../lib/gcc/arm-none-eabi/9.2.1/../../../../arm-none-eabi/lib/thumb/v7e-m+fp/hard/crt0.o (memset)
/usr/local/Cellar/arm-none-eabi-gcc/9-2019-q4-major/gcc/bin/../lib/gcc/arm-none-eabi/9.2.1/../../../../arm-none-eabi/lib/thumb/v7e-m+fp/hard/libc_nano.a(lib_a-strcmp.o)
                              _build/nrf52832_xxaa/nrf_ble_scan.c.o (strcmp)
/usr/local/Cellar/arm-none-eabi-gcc/9-2019-q4-major/gcc/bin/../lib/gcc/arm-none-eabi/9.2.1/../../../../arm-none-eabi/lib/thumb/v7e-m+fp/hard/libc_nano.a(lib_a-strcpy.o)
                              _build/nrf52832_xxaa/SEGGER_RTT.c.o (strcpy)
/usr/local/Cellar/arm-none-eabi-gcc/9-2019-q4-major/gcc/bin/../lib/gcc/arm-none-eabi/9.2.1/../../../../arm-none-eabi/lib/thumb/v7e-m+fp/hard/libc_nano.a(lib_a-strlen.o)
                              _build/nrf52832_xxaa/nrf_log_frontend.c.o (strlen)
/usr/local/Cellar/arm-none-eabi-gcc/9-2019-q4-major/gcc/bin/../lib/gcc/arm-none-eabi/9.2.1/../../../../arm-none-eabi/lib/thumb/v7e-m+fp/hard/libnosys.a(_exit.o)
                              /usr/local/Cellar/arm-none-eabi-gcc/9-2019-q4-major/gcc/bin/../lib/gcc/arm-none-eabi/9.2.1/../../../../arm-none-eabi/lib/thumb/v7e-m+fp/hard/libc_nano.a(lib_a-exit.o) (_exit)
/usr/local/Cellar/arm-none-eabi-gcc/9-2019-q4-major/gcc/bin/../lib/gcc/arm-none-eabi/9.2.1/thumb/v7e-m+fp/hard/libgcc.a(_aeabi_ldivmod.o)
                              _build/nrf52832_xxaa/bsp.c.o (__aeabi_ldivmod)
/usr/local/Cellar/arm-none-eabi-gcc/9-2019-q4-major/gcc/bin/../lib/gcc/arm-none-eabi/9.2.1/thumb/v7e-m+fp/hard/libgcc.a(_aeabi_uldivmod.o)
                              _build/nrf52832_xxaa/bsp.c.o (__aeabi_uldivmod)
/usr/local/Cellar/arm-none-eabi-gcc/9-2019-q4-major/gcc/bin/../lib/gcc/arm-none-eabi/9.2.1/thumb/v7e-m+fp/hard/libgcc.a(_udivmoddi4.o)
                              /usr/local/Cellar/arm-none-eabi-gcc/9-2019-q4-major/gcc/bin/../lib/gcc/arm-none-eabi/9.2.1/thumb/v7e-m+fp/hard/libgcc.a(_aeabi_ldivmod.o) (__udivmoddi4)
/usr/local/Cellar/arm-none-eabi-gcc/9-2019-q4-major/gcc/bin/../lib/gcc/arm-none-eabi/9.2.1/thumb/v7e-m+fp/hard/libgcc.a(_dvmd_tls.o)
                              /usr/local/Cellar/arm-none-eabi-gcc/9-2019-q4-major/gcc/bin/../lib/gcc/arm-none-eabi/9.2.1/thumb/v7e-m+fp/hard/libgcc.a(_aeabi_ldivmod.o) (__aeabi_ldiv0)

Allocating common symbols
Common symbol       size              file

nrf_nvic_state      0xc               _build/nrf52832_xxaa/app_util_platform.c.o
nrf_drv_uart_use_easy_dma
                    0x1               _build/nrf52832_xxaa/nrf_drv_uart.c.o
_SEGGER_RTT         0x78              _build/nrf52832_xxaa/SEGGER_RTT.c.o

Discarded input sections

 .text          0x0000000000000000        0x0 /usr/local/Cellar/arm-none-eabi-gcc/9-2019-q4-major/gcc/bin/../lib/gcc/arm-none-eabi/9.2.1/thumb/v7e-m+fp/hard/crti.o
[...]
Memory Configuration

Name             Origin             Length             Attributes
FLASH            0x0000000000026000 0x000000000005a000 xr
RAM              0x0000000020004398 0x000000000000bc68 xrw
*default*        0x0000000000000000 0xffffffffffffffff

Linker script and memory map


.text           0x0000000000026000     0x8758
 *(.isr_vector)
 .isr_vector    0x0000000000026000      0x200 _build/nrf52832_xxaa/gcc_startup_nrf52.S.o
                0x0000000000026000                __isr_vector
 *(.text*)
 .text          0x0000000000026200       0x40 /usr/local/Cellar/arm-none-eabi-gcc/9-2019-q4-major/gcc/bin/../lib/gcc/arm-none-eabi/9.2.1/thumb/v7e-m+fp/hard/crtbegin.o
 .text          0x0000000000026240       0x74 /usr/local/Cellar/arm-none-eabi-gcc/9-2019-q4-major/gcc/bin/../lib/gcc/arm-none-eabi/9.2.1/../../../../arm-none-eabi/lib/thumb/v7e-m+fp/hard/crt0.o
                0x0000000000026240                _mainCRTStartup
                0x0000000000026240                _start
 .text          0x00000000000262b4       0x3c _build/nrf52832_xxaa/gcc_startup_nrf52.S.o
                0x00000000000262b4                Reset_Handler
                0x00000000000262dc                NMI_Handler
                0x00000000000262de                HardFault_Handler
                0x00000000000262e0                MemoryManagement_Handler
                0x00000000000262e2                BusFault_Handler
                0x00000000000262e4                UsageFault_Handler
                0x00000000000262e6                SVC_Handler
                0x00000000000262e8                DebugMon_Handler
                0x00000000000262ea                PendSV_Handler
                0x00000000000262ec                SysTick_Handler
                0x00000000000262ee                SPIM0_SPIS0_TWIM0_TWIS0_SPI0_TWI0_IRQHandler
                0x00000000000262ee                TIMER4_IRQHandler
                0x00000000000262ee                I2S_IRQHandler
                0x00000000000262ee                SWI4_EGU4_IRQHandler
                0x00000000000262ee                TIMER0_IRQHandler
                0x00000000000262ee                TIMER1_IRQHandler
                0x00000000000262ee                PWM2_IRQHandler
                0x00000000000262ee                ECB_IRQHandler
                0x00000000000262ee                SPIM1_SPIS1_TWIM1_TWIS1_SPI1_TWI1_IRQHandler
                0x00000000000262ee                Default_Handler
                0x00000000000262ee                SAADC_IRQHandler
                0x00000000000262ee                CCM_AAR_IRQHandler
                0x00000000000262ee                WDT_IRQHandler
                0x00000000000262ee                SWI5_EGU5_IRQHandler
                0x00000000000262ee                RNG_IRQHandler
                0x00000000000262ee                RTC2_IRQHandler
                0x00000000000262ee                PWM0_IRQHandler
                0x00000000000262ee                SWI3_EGU3_IRQHandler
                0x00000000000262ee                SWI1_EGU1_IRQHandler
                0x00000000000262ee                SPIM2_SPIS2_SPI2_IRQHandler
                0x00000000000262ee                NFCT_IRQHandler
                0x00000000000262ee                MWU_IRQHandler
                0x00000000000262ee                TIMER2_IRQHandler
                0x00000000000262ee                COMP_LPCOMP_IRQHandler
                0x00000000000262ee                RTC0_IRQHandler
                0x00000000000262ee                SWI0_EGU0_IRQHandler
                0x00000000000262ee                PWM1_IRQHandler
                0x00000000000262ee                RADIO_IRQHandler
                0x00000000000262ee                PDM_IRQHandler
                0x00000000000262ee                TEMP_IRQHandler
                0x00000000000262ee                QDEC_IRQHandler
                0x00000000000262ee                TIMER3_IRQHandler
                0x00000000000262ee                FPU_IRQHandler
 .text.nrf_log_backend_serial_put
                0x00000000000262f0       0xd8 _build/nrf52832_xxaa/nrf_log_backend_serial.c.o
                0x00000000000262f0                nrf_log_backend_serial_put
 .text.uart_evt_handler
                0x00000000000263c8        0xc _build/nrf52832_xxaa/nrf_log_backend_uart.c.o
 .text.nrf_log_backend_uart_flush
                0x00000000000263d4        0x4 _build/nrf52832_xxaa/nrf_log_backend_uart.c.o
 .text.nrf_log_backend_uart_put
                0x00000000000263d8       0x20 _build/nrf52832_xxaa/nrf_log_backend_uart.c.o
 .text.serial_tx
                0x00000000000263f8       0x4c _build/nrf52832_xxaa/nrf_log_backend_uart.c.o
 .text.nrf_log_backend_uart_panic_set
                0x0000000000026444       0x7c _build/nrf52832_xxaa/nrf_log_backend_uart.c.o
 .text.nrf_log_backend_uart_init
                0x00000000000264c0       0x68 _build/nrf52832_xxaa/nrf_log_backend_uart.c.o
                0x00000000000264c0                nrf_log_backend_uart_init
 .text.nrf_log_default_backends_init
                0x0000000000026528       0x20 _build/nrf52832_xxaa/nrf_log_default_backends.c.o
                0x0000000000026528                nrf_log_default_backends_init
 .text.nrf_log_init
                0x0000000000026548       0x28 _build/nrf52832_xxaa/nrf_log_frontend.c.o
                0x0000000000026548                nrf_log_init
 .text.nrf_log_module_name_get
                0x0000000000026570       0x48 _build/nrf52832_xxaa/nrf_log_frontend.c.o
                0x0000000000026570                nrf_log_module_name_get
 .text.nrf_log_color_id_get
                0x00000000000265b8       0x2c _build/nrf52832_xxaa/nrf_log_frontend.c.o
                0x00000000000265b8                nrf_log_color_id_get
 .text.nrf_log_frontend_dequeue
                0x00000000000265e4      0x250 _build/nrf52832_xxaa/nrf_log_frontend.c.o
                0x00000000000265e4                nrf_log_frontend_dequeue
 .text.nrf_log_frontend_std_0
                0x0000000000026834      0x188 _build/nrf52832_xxaa/nrf_log_frontend.c.o
                0x0000000000026834                nrf_log_frontend_std_0
 .text.nrf_log_frontend_std_1
                0x00000000000269bc      0x19c _build/nrf52832_xxaa/nrf_log_frontend.c.o
                0x00000000000269bc                nrf_log_frontend_std_1
 .text.nrf_log_frontend_std_2
                0x0000000000026b58      0x1b0 _build/nrf52832_xxaa/nrf_log_frontend.c.o
                0x0000000000026b58                nrf_log_frontend_std_2
 .text.nrf_log_frontend_std_3
                0x0000000000026d08      0x1bc _build/nrf52832_xxaa/nrf_log_frontend.c.o
                0x0000000000026d08                nrf_log_frontend_std_3
 .text.nrf_log_backend_add
                0x0000000000026ec4       0x5c _build/nrf52832_xxaa/nrf_log_frontend.c.o
                0x0000000000026ec4                nrf_log_backend_add
 .text.nrf_log_panic
                0x0000000000026f20       0x28 _build/nrf52832_xxaa/nrf_log_frontend.c.o
                0x0000000000026f20                nrf_log_panic
 .text.prefix_process
                0x0000000000026f48       0x80 _build/nrf52832_xxaa/nrf_log_str_formatter.c.o
 .text.nrf_log_std_entry_process
                0x0000000000026fc8       0xf0 _build/nrf52832_xxaa/nrf_log_str_formatter.c.o
                0x0000000000026fc8                nrf_log_std_entry_process
 .text.nrf_log_hexdump_entry_process
                0x00000000000270b8       0xfc _build/nrf52832_xxaa/nrf_log_str_formatter.c.o
                0x00000000000270b8                nrf_log_hexdump_entry_process
 .text.gpiote_event_handler
                0x00000000000271b4       0x74 _build/nrf52832_xxaa/app_button.c.o
 .text.detection_delay_timeout_handler
                0x0000000000027228      0x264 _build/nrf52832_xxaa/app_button.c.o
 .text.app_button_init
                0x000000000002748c       0xc0 _build/nrf52832_xxaa/app_button.c.o
                0x000000000002748c                app_button_init
 .text.app_button_enable
                0x000000000002754c       0x2c _build/nrf52832_xxaa/app_button.c.o
                0x000000000002754c                app_button_enable
 .text.app_button_disable
                0x0000000000027578       0x5c _build/nrf52832_xxaa/app_button.c.o
                0x0000000000027578                app_button_disable
 .text.app_error_handler_bare
                0x00000000000275d4       0x20 _build/nrf52832_xxaa/app_error.c.o
                0x00000000000275d4                app_error_handler_bare
 .text.app_error_fault_handler
                0x00000000000275f4       0x70 _build/nrf52832_xxaa/app_error_weak.c.o
                0x00000000000275f4                app_error_fault_handler
 .text.compare_func
                0x0000000000027664       0x18 _build/nrf52832_xxaa/app_timer2.c.o
 .text.rtc_irq  0x000000000002767c      0x318 _build/nrf52832_xxaa/app_timer2.c.o
 .text.app_timer_init
                0x0000000000027994       0x6c _build/nrf52832_xxaa/app_timer2.c.o
                0x0000000000027994                app_timer_init
 .text.app_timer_create
                0x0000000000027a00       0x1c _build/nrf52832_xxaa/app_timer2.c.o
                0x0000000000027a00                app_timer_create
 .text.app_timer_start
                0x0000000000027a1c       0x8c _build/nrf52832_xxaa/app_timer2.c.o
                0x0000000000027a1c                app_timer_start
 .text.app_timer_stop
                0x0000000000027aa8       0x44 _build/nrf52832_xxaa/app_timer2.c.o
                0x0000000000027aa8                app_timer_stop
 .text.app_util_critical_region_enter
                0x0000000000027aec       0x4c _build/nrf52832_xxaa/app_util_platform.c.o
                0x0000000000027aec                app_util_critical_region_enter
 .text.app_util_critical_region_exit
                0x0000000000027b38       0x30 _build/nrf52832_xxaa/app_util_platform.c.o
                0x0000000000027b38                app_util_critical_region_exit
 .text.drv_rtc_init
                0x0000000000027b68       0xc0 _build/nrf52832_xxaa/drv_rtc.c.o
                0x0000000000027b68                drv_rtc_init
 .text.drv_rtc_start
                0x0000000000027c28        0x8 _build/nrf52832_xxaa/drv_rtc.c.o
                0x0000000000027c28                drv_rtc_start
 .text.drv_rtc_stop
                0x0000000000027c30        0x8 _build/nrf52832_xxaa/drv_rtc.c.o
                0x0000000000027c30                drv_rtc_stop
 .text.drv_rtc_compare_set
                0x0000000000027c38       0x4c _build/nrf52832_xxaa/drv_rtc.c.o
                0x0000000000027c38                drv_rtc_compare_set
 .text.drv_rtc_windowed_compare_set
                0x0000000000027c84       0xf8 _build/nrf52832_xxaa/drv_rtc.c.o
                0x0000000000027c84                drv_rtc_windowed_compare_set
 .text.drv_rtc_overflow_enable
                0x0000000000027d7c       0x14 _build/nrf52832_xxaa/drv_rtc.c.o
                0x0000000000027d7c                drv_rtc_overflow_enable
 .text.drv_rtc_overflow_pending
                0x0000000000027d90       0x20 _build/nrf52832_xxaa/drv_rtc.c.o
                0x0000000000027d90                drv_rtc_overflow_pending
 .text.drv_rtc_compare_disable
                0x0000000000027db0       0x18 _build/nrf52832_xxaa/drv_rtc.c.o
                0x0000000000027db0                drv_rtc_compare_disable
 .text.drv_rtc_compare_pending
                0x0000000000027dc8       0x20 _build/nrf52832_xxaa/drv_rtc.c.o
                0x0000000000027dc8                drv_rtc_compare_pending
 .text.drv_rtc_counter_get
                0x0000000000027de8        0x8 _build/nrf52832_xxaa/drv_rtc.c.o
                0x0000000000027de8                drv_rtc_counter_get
 .text.drv_rtc_irq_trigger
                0x0000000000027df0       0x24 _build/nrf52832_xxaa/drv_rtc.c.o
                0x0000000000027df0                drv_rtc_irq_trigger
 .text.RTC1_IRQHandler
                0x0000000000027e14       0x14 _build/nrf52832_xxaa/drv_rtc.c.o
                0x0000000000027e14                RTC1_IRQHandler
 .text.nrf_atfifo_init
                0x0000000000027e28       0x30 _build/nrf52832_xxaa/nrf_atfifo.c.o
                0x0000000000027e28                nrf_atfifo_init
 .text.nrf_atfifo_item_alloc
                0x0000000000027e58       0x5c _build/nrf52832_xxaa/nrf_atfifo.c.o
                0x0000000000027e58                nrf_atfifo_item_alloc
 .text.nrf_atfifo_item_put
                0x0000000000027eb4       0x20 _build/nrf52832_xxaa/nrf_atfifo.c.o
                0x0000000000027eb4                nrf_atfifo_item_put
 .text.nrf_atfifo_item_get
                0x0000000000027ed4       0x60 _build/nrf52832_xxaa/nrf_atfifo.c.o
                0x0000000000027ed4                nrf_atfifo_item_get
 .text.nrf_atfifo_item_free
                0x0000000000027f34       0x20 _build/nrf52832_xxaa/nrf_atfifo.c.o
                0x0000000000027f34                nrf_atfifo_item_free
 .text.nrf_atflags_set
                0x0000000000027f54       0x14 _build/nrf52832_xxaa/nrf_atflags.c.o
                0x0000000000027f54                nrf_atflags_set
 .text.nrf_atflags_clear
                0x0000000000027f68       0x14 _build/nrf52832_xxaa/nrf_atflags.c.o
                0x0000000000027f68                nrf_atflags_clear
 .text.nrf_atflags_get
                0x0000000000027f7c       0x14 _build/nrf52832_xxaa/nrf_atflags.c.o
                0x0000000000027f7c                nrf_atflags_get
 .text.nrf_atomic_u32_fetch_store
                0x0000000000027f90       0x1c _build/nrf52832_xxaa/nrf_atomic.c.o
                0x0000000000027f90                nrf_atomic_u32_fetch_store
 .text.nrf_atomic_u32_or
                0x0000000000027fac       0x1c _build/nrf52832_xxaa/nrf_atomic.c.o
                0x0000000000027fac                nrf_atomic_u32_or
 .text.nrf_atomic_u32_and
                0x0000000000027fc8       0x1c _build/nrf52832_xxaa/nrf_atomic.c.o
                0x0000000000027fc8                nrf_atomic_u32_and
 .text.nrf_atomic_u32_add
                0x0000000000027fe4       0x1c _build/nrf52832_xxaa/nrf_atomic.c.o
                0x0000000000027fe4                nrf_atomic_u32_add
 .text.nrf_atomic_u32_sub
                0x0000000000028000       0x1c _build/nrf52832_xxaa/nrf_atomic.c.o
                0x0000000000028000                nrf_atomic_u32_sub
 .text.nrf_atomic_flag_set
                0x000000000002801c       0x20 _build/nrf52832_xxaa/nrf_atomic.c.o
                0x000000000002801c                nrf_atomic_flag_set
 .text.nrf_atomic_flag_clear_fetch
                0x000000000002803c       0x20 _build/nrf52832_xxaa/nrf_atomic.c.o
                0x000000000002803c                nrf_atomic_flag_clear_fetch
 .text.nrf_balloc_init
                0x000000000002805c       0x38 _build/nrf52832_xxaa/nrf_balloc.c.o
                0x000000000002805c                nrf_balloc_init
 .text.nrf_balloc_alloc
                0x0000000000028094       0x50 _build/nrf52832_xxaa/nrf_balloc.c.o
                0x0000000000028094                nrf_balloc_alloc
 .text.nrf_balloc_free
                0x00000000000280e4       0x38 _build/nrf52832_xxaa/nrf_balloc.c.o
                0x00000000000280e4                nrf_balloc_free
 .text.nrf_fprintf_buffer_flush
                0x000000000002811c       0x18 _build/nrf52832_xxaa/nrf_fprintf.c.o
                0x000000000002811c                nrf_fprintf_buffer_flush
 .text.nrf_fprintf
                0x0000000000028134       0x20 _build/nrf52832_xxaa/nrf_fprintf.c.o
                0x0000000000028134                nrf_fprintf
 .text.unsigned_print
                0x0000000000028154      0x14c _build/nrf52832_xxaa/nrf_fprintf_format.c.o
 .text.nrf_fprintf_fmt
                0x00000000000282a0      0x5cc _build/nrf52832_xxaa/nrf_fprintf_format.c.o
                0x00000000000282a0                nrf_fprintf_fmt
 .text.nrf_memobj_pool_init
                0x000000000002886c        0x4 _build/nrf52832_xxaa/nrf_memobj.c.o
                0x000000000002886c                nrf_memobj_pool_init
 .text.nrf_memobj_alloc
                0x0000000000028870       0x94 _build/nrf52832_xxaa/nrf_memobj.c.o
                0x0000000000028870                nrf_memobj_alloc
 .text.nrf_memobj_free
                0x0000000000028904       0x3c _build/nrf52832_xxaa/nrf_memobj.c.o
                0x0000000000028904                nrf_memobj_free
 .text.nrf_memobj_get
                0x0000000000028940        0x8 _build/nrf52832_xxaa/nrf_memobj.c.o
                0x0000000000028940                nrf_memobj_get
 .text.nrf_memobj_put
                0x0000000000028948       0x58 _build/nrf52832_xxaa/nrf_memobj.c.o
                0x0000000000028948                nrf_memobj_put
 .text.nrf_memobj_write
                0x00000000000289a0       0x68 _build/nrf52832_xxaa/nrf_memobj.c.o
                0x00000000000289a0                nrf_memobj_write
 .text.nrf_memobj_read
                0x0000000000028a08       0x68 _build/nrf52832_xxaa/nrf_memobj.c.o
                0x0000000000028a08                nrf_memobj_read
 .text.sd_app_evt_wait
                0x0000000000028a70        0x4 _build/nrf52832_xxaa/nrf_pwr_mgmt.c.o
 .text.nrf_pwr_mgmt_init
                0x0000000000028a74       0x2c _build/nrf52832_xxaa/nrf_pwr_mgmt.c.o
                0x0000000000028a74                nrf_pwr_mgmt_init
 .text.nrf_pwr_mgmt_run
                0x0000000000028aa0       0x54 _build/nrf52832_xxaa/nrf_pwr_mgmt.c.o
                0x0000000000028aa0                nrf_pwr_mgmt_run
 .text.nrf_queue_push
                0x0000000000028af4       0xe8 _build/nrf52832_xxaa/nrf_queue.c.o
                0x0000000000028af4                nrf_queue_push
 .text.nrf_queue_generic_pop
                0x0000000000028bdc       0xd8 _build/nrf52832_xxaa/nrf_queue.c.o
                0x0000000000028bdc                nrf_queue_generic_pop
 .text.nrf_queue_is_empty
                0x0000000000028cb4       0x10 _build/nrf52832_xxaa/nrf_queue.c.o
                0x0000000000028cb4                nrf_queue_is_empty
 .text.nrf_ringbuf_init
                0x0000000000028cc4       0x1c _build/nrf52832_xxaa/nrf_ringbuf.c.o
                0x0000000000028cc4                nrf_ringbuf_init
 .text.nrf_section_iter_init
                0x0000000000028ce0       0x14 _build/nrf52832_xxaa/nrf_section_iter.c.o
                0x0000000000028ce0                nrf_section_iter_init
 .text.nrf_section_iter_next
                0x0000000000028cf4       0x18 _build/nrf52832_xxaa/nrf_section_iter.c.o
                0x0000000000028cf4                nrf_section_iter_next
 .text.nrf_sortlist_add
                0x0000000000028d0c       0x28 _build/nrf52832_xxaa/nrf_sortlist.c.o
                0x0000000000028d0c                nrf_sortlist_add
 .text.nrf_sortlist_pop
                0x0000000000028d34        0xc _build/nrf52832_xxaa/nrf_sortlist.c.o
                0x0000000000028d34                nrf_sortlist_pop
 .text.nrf_sortlist_peek
                0x0000000000028d40        0x8 _build/nrf52832_xxaa/nrf_sortlist.c.o
                0x0000000000028d40                nrf_sortlist_peek
 .text.nrf_sortlist_remove
                0x0000000000028d48       0x1c _build/nrf52832_xxaa/nrf_sortlist.c.o
                0x0000000000028d48                nrf_sortlist_remove
 .text.nrf_strerror_get
                0x0000000000028d64       0x50 _build/nrf52832_xxaa/nrf_strerror.c.o
                0x0000000000028d64                nrf_strerror_get
 .text.SystemInit
                0x0000000000028db4      0x410 _build/nrf52832_xxaa/system_nrf52.c.o
                0x0000000000028db4                SystemInit
 .text.clock_irq_handler
                0x00000000000291c4       0x44 _build/nrf52832_xxaa/nrf_drv_clock.c.o
 .text.soc_evt_handler
                0x0000000000029208       0x28 _build/nrf52832_xxaa/nrf_drv_clock.c.o
 .text.sd_state_evt_handler
                0x0000000000029230       0xc8 _build/nrf52832_xxaa/nrf_drv_clock.c.o
 .text.uarte_evt_handler
                0x00000000000292f8       0x34 _build/nrf52832_xxaa/nrf_drv_uart.c.o
 .text.uart_evt_handler
                0x000000000002932c       0x34 _build/nrf52832_xxaa/nrf_drv_uart.c.o
 .text.nrf_drv_uart_init
                0x0000000000029360       0x80 _build/nrf52832_xxaa/nrf_drv_uart.c.o
                0x0000000000029360                nrf_drv_uart_init
 .text.nrfx_clock_init
                0x00000000000293e0       0x18 _build/nrf52832_xxaa/nrfx_clock.c.o
                0x00000000000293e0                nrfx_clock_init
 .text.nrfx_clock_enable
                0x00000000000293f8       0x24 _build/nrf52832_xxaa/nrfx_clock.c.o
                0x00000000000293f8                nrfx_clock_enable
 .text.nrfx_clock_lfclk_stop
                0x000000000002941c       0x38 _build/nrf52832_xxaa/nrfx_clock.c.o
                0x000000000002941c                nrfx_clock_lfclk_stop
 .text.POWER_CLOCK_IRQHandler
                0x0000000000029454       0x6c _build/nrf52832_xxaa/nrfx_clock.c.o
                0x0000000000029454                POWER_CLOCK_IRQHandler
 .text.nrfx_gpiote_init
                0x00000000000294c0       0xa0 _build/nrf52832_xxaa/nrfx_gpiote.c.o
                0x00000000000294c0                nrfx_gpiote_init
 .text.nrfx_gpiote_is_init
                0x0000000000029560       0x14 _build/nrf52832_xxaa/nrfx_gpiote.c.o
                0x0000000000029560                nrfx_gpiote_is_init
 .text.nrfx_gpiote_in_init
                0x0000000000029574      0x1c8 _build/nrf52832_xxaa/nrfx_gpiote.c.o
                0x0000000000029574                nrfx_gpiote_in_init
 .text.nrfx_gpiote_in_event_enable
                0x000000000002973c       0xbc _build/nrf52832_xxaa/nrfx_gpiote.c.o
                0x000000000002973c                nrfx_gpiote_in_event_enable
 .text.nrfx_gpiote_in_event_disable
                0x00000000000297f8       0x64 _build/nrf52832_xxaa/nrfx_gpiote.c.o
                0x00000000000297f8                nrfx_gpiote_in_event_disable
 .text.nrfx_gpiote_in_is_set
                0x000000000002985c       0x14 _build/nrf52832_xxaa/nrfx_gpiote.c.o
                0x000000000002985c                nrfx_gpiote_in_is_set
 .text.GPIOTE_IRQHandler
                0x0000000000029870      0x444 _build/nrf52832_xxaa/nrfx_gpiote.c.o
                0x0000000000029870                GPIOTE_IRQHandler
 .text.UARTE0_UART0_IRQHandler
                0x0000000000029cb4        0xc _build/nrf52832_xxaa/nrfx_prs.c.o
                0x0000000000029cb4                UARTE0_UART0_IRQHandler
 .text.nrfx_prs_acquire
                0x0000000000029cc0       0x50 _build/nrf52832_xxaa/nrfx_prs.c.o
                0x0000000000029cc0                nrfx_prs_acquire
 .text.nrfx_prs_release
                0x0000000000029d10       0x18 _build/nrf52832_xxaa/nrfx_prs.c.o
                0x0000000000029d10                nrfx_prs_release
 .text.nrfx_uart_0_irq_handler
                0x0000000000029d28      0x1c4 _build/nrf52832_xxaa/nrfx_uart.c.o
                0x0000000000029d28                nrfx_uart_0_irq_handler
 .text.nrfx_uart_init
                0x0000000000029eec      0x1a4 _build/nrf52832_xxaa/nrfx_uart.c.o
                0x0000000000029eec                nrfx_uart_init
 .text.nrfx_uart_uninit
                0x000000000002a090       0xdc _build/nrf52832_xxaa/nrfx_uart.c.o
                0x000000000002a090                nrfx_uart_uninit
 .text.nrfx_uart_tx
                0x000000000002a16c       0xd0 _build/nrf52832_xxaa/nrfx_uart.c.o
                0x000000000002a16c                nrfx_uart_tx
 .text.nrfx_uart_rx
                0x000000000002a23c      0x148 _build/nrf52832_xxaa/nrfx_uart.c.o
                0x000000000002a23c                nrfx_uart_rx
 .text.nrfx_uarte_0_irq_handler
                0x000000000002a384      0x168 _build/nrf52832_xxaa/nrfx_uarte.c.o
                0x000000000002a384                nrfx_uarte_0_irq_handler
 .text.nrfx_uarte_init
                0x000000000002a4ec      0x1dc _build/nrf52832_xxaa/nrfx_uarte.c.o
                0x000000000002a4ec                nrfx_uarte_init
 .text.nrfx_uarte_uninit
                0x000000000002a6c8      0x140 _build/nrf52832_xxaa/nrfx_uarte.c.o
                0x000000000002a6c8                nrfx_uarte_uninit
 .text.nrfx_uarte_tx
                0x000000000002a808       0xb4 _build/nrf52832_xxaa/nrfx_uarte.c.o
                0x000000000002a808                nrfx_uarte_tx
 .text.nrfx_uarte_rx
                0x000000000002a8bc      0x130 _build/nrf52832_xxaa/nrfx_uarte.c.o
                0x000000000002a8bc                nrfx_uarte_rx
 .text.bsp_event_to_button_action_assign
                0x000000000002a9ec       0x54 _build/nrf52832_xxaa/bsp.c.o
                0x000000000002a9ec                bsp_event_to_button_action_assign
 .text.ble_evt_handler
                0x000000000002aa40       0xac _build/nrf52832_xxaa/bsp_btn_ble.c.o
 .text.sd_ble_gap_conn_param_update
                0x000000000002aaec        0x4 _build/nrf52832_xxaa/main.c.o
 .text.sd_ble_gap_disconnect
                0x000000000002aaf0        0x4 _build/nrf52832_xxaa/main.c.o
 .text.sd_ble_gap_phy_update
                0x000000000002aaf4        0x4 _build/nrf52832_xxaa/main.c.o
 .text.nus_error_handler
                0x000000000002aaf8        0x4 _build/nrf52832_xxaa/main.c.o
 .text.db_disc_handler
                0x000000000002aafc       0x18 _build/nrf52832_xxaa/main.c.o
 .text.button_event_handler
                0x000000000002ab14       0x20 _build/nrf52832_xxaa/main.c.o
 .text.scan_evt_handler
                0x000000000002ab34       0x14 _build/nrf52832_xxaa/main.c.o
 .text.uart_event_handle
                0x000000000002ab48       0x50 _build/nrf52832_xxaa/main.c.o
 .text.ble_nus_c_evt_handler
                0x000000000002ab98      0x15c _build/nrf52832_xxaa/main.c.o
 .text.ble_evt_handler
                0x000000000002acf4      0x1a4 _build/nrf52832_xxaa/main.c.o
 .text.startup.main
                0x000000000002ae98      0x23c _build/nrf52832_xxaa/main.c.o
                0x000000000002ae98                main
 .text.ble_advdata_name_find
                0x000000000002b0d4       0x68 _build/nrf52832_xxaa/ble_advdata.c.o
                0x000000000002b0d4                ble_advdata_name_find
 .text.ble_evt_handler
                0x000000000002b13c      0x160 _build/nrf52832_xxaa/ble_conn_state.c.o
 .text.ble_conn_state_init
                0x000000000002b29c       0x10 _build/nrf52832_xxaa/ble_conn_state.c.o
                0x000000000002b29c                ble_conn_state_init
 .text.ble_conn_state_central_conn_count
                0x000000000002b2ac       0x38 _build/nrf52832_xxaa/ble_conn_state.c.o
                0x000000000002b2ac                ble_conn_state_central_conn_count
 .text.discovery_complete_evt_trigger
                0x000000000002b2e4      0x1b4 _build/nrf52832_xxaa/ble_db_discovery.c.o
 .text.descriptors_discover
                0x000000000002b498       0xe8 _build/nrf52832_xxaa/ble_db_discovery.c.o
 .text.discovery_error_handler
                0x000000000002b580      0x110 _build/nrf52832_xxaa/ble_db_discovery.c.o
 .text.on_srv_disc_completion
                0x000000000002b690      0x1ac _build/nrf52832_xxaa/ble_db_discovery.c.o
 .text.ble_db_discovery_init
                0x000000000002b83c       0x38 _build/nrf52832_xxaa/ble_db_discovery.c.o
                0x000000000002b83c                ble_db_discovery_init
 .text.ble_db_discovery_evt_register
                0x000000000002b874       0xcc _build/nrf52832_xxaa/ble_db_discovery.c.o
                0x000000000002b874                ble_db_discovery_evt_register
 .text.ble_db_discovery_start
                0x000000000002b940       0xa4 _build/nrf52832_xxaa/ble_db_discovery.c.o
                0x000000000002b940                ble_db_discovery_start
 .text.ble_db_discovery_on_ble_evt
                0x000000000002b9e4      0x7b0 _build/nrf52832_xxaa/ble_db_discovery.c.o
                0x000000000002b9e4                ble_db_discovery_on_ble_evt
 .text.sd_ble_gap_data_length_update
                0x000000000002c194        0x4 _build/nrf52832_xxaa/nrf_ble_gatt.c.o
 .text.sd_ble_gattc_exchange_mtu_request
                0x000000000002c198        0x4 _build/nrf52832_xxaa/nrf_ble_gatt.c.o
 .text.sd_ble_gatts_exchange_mtu_reply
                0x000000000002c19c        0x4 _build/nrf52832_xxaa/nrf_ble_gatt.c.o
 .text.data_length_update
                0x000000000002c1a0       0x8c _build/nrf52832_xxaa/nrf_ble_gatt.c.o
 .text.nrf_ble_gatt_init
                0x000000000002c22c       0x50 _build/nrf52832_xxaa/nrf_ble_gatt.c.o
                0x000000000002c22c                nrf_ble_gatt_init
 .text.nrf_ble_gatt_on_ble_evt
                0x000000000002c27c      0x208 _build/nrf52832_xxaa/nrf_ble_gatt.c.o
                0x000000000002c27c                nrf_ble_gatt_on_ble_evt
 .text.sd_ble_gattc_primary_services_discover
                0x000000000002c484        0x4 _build/nrf52832_xxaa/nrf_ble_gq.c.o
 .text.sd_ble_gattc_characteristics_discover
                0x000000000002c488        0x4 _build/nrf52832_xxaa/nrf_ble_gq.c.o
 .text.sd_ble_gattc_descriptors_discover
                0x000000000002c48c        0x4 _build/nrf52832_xxaa/nrf_ble_gq.c.o
 .text.sd_ble_gattc_read
                0x000000000002c490        0x4 _build/nrf52832_xxaa/nrf_ble_gq.c.o
 .text.sd_ble_gattc_write
                0x000000000002c494        0x4 _build/nrf52832_xxaa/nrf_ble_gq.c.o
 .text.sd_ble_gatts_hvx
                0x000000000002c498        0x4 _build/nrf52832_xxaa/nrf_ble_gq.c.o
 .text.gatts_hvx_alloc
                0x000000000002c49c       0x3c _build/nrf52832_xxaa/nrf_ble_gq.c.o
 .text.gattc_write_alloc
                0x000000000002c4d8       0x28 _build/nrf52832_xxaa/nrf_ble_gq.c.o
 .text.queues_purge.isra.0
                0x000000000002c500       0x70 _build/nrf52832_xxaa/nrf_ble_gq.c.o
 .text.queue_process
                0x000000000002c570      0x17c _build/nrf52832_xxaa/nrf_ble_gq.c.o
 .text.nrf_ble_gq_item_add
                0x000000000002c6ec      0x1c0 _build/nrf52832_xxaa/nrf_ble_gq.c.o
                0x000000000002c6ec                nrf_ble_gq_item_add
 .text.nrf_ble_gq_conn_handle_register
                0x000000000002c8ac       0x9c _build/nrf52832_xxaa/nrf_ble_gq.c.o
                0x000000000002c8ac                nrf_ble_gq_conn_handle_register
 .text.nrf_ble_gq_on_ble_evt
                0x000000000002c948       0x94 _build/nrf52832_xxaa/nrf_ble_gq.c.o
                0x000000000002c948                nrf_ble_gq_on_ble_evt
 .text.sd_ble_gap_scan_start
                0x000000000002c9dc        0x4 _build/nrf52832_xxaa/nrf_ble_scan.c.o
 .text.sd_ble_gap_scan_stop
                0x000000000002c9e0        0x4 _build/nrf52832_xxaa/nrf_ble_scan.c.o
 .text.sd_ble_gap_connect
                0x000000000002c9e4        0x4 _build/nrf52832_xxaa/nrf_ble_scan.c.o
 .text.nrf_ble_scan_filter_set
                0x000000000002c9e8       0x64 _build/nrf52832_xxaa/nrf_ble_scan.c.o
                0x000000000002c9e8                nrf_ble_scan_filter_set
 .text.nrf_ble_scan_filters_enable
                0x000000000002ca4c       0x28 _build/nrf52832_xxaa/nrf_ble_scan.c.o
                0x000000000002ca4c                nrf_ble_scan_filters_enable
 .text.nrf_ble_scan_init
                0x000000000002ca74       0xac _build/nrf52832_xxaa/nrf_ble_scan.c.o
                0x000000000002ca74                nrf_ble_scan_init
 .text.nrf_ble_scan_start
                0x000000000002cb20       0x74 _build/nrf52832_xxaa/nrf_ble_scan.c.o
                0x000000000002cb20                nrf_ble_scan_start
 .text.nrf_ble_scan_on_ble_evt
                0x000000000002cb94      0x1cc _build/nrf52832_xxaa/nrf_ble_scan.c.o
                0x000000000002cb94                nrf_ble_scan_on_ble_evt
 .text.sd_softdevice_enable
                0x000000000002cd60        0x4 _build/nrf52832_xxaa/nrf_sdh.c.o
 .text.nrf_sdh_enable_request
                0x000000000002cd64      0x118 _build/nrf52832_xxaa/nrf_sdh.c.o
                0x000000000002cd64                nrf_sdh_enable_request
 .text.nrf_sdh_is_enabled
                0x000000000002ce7c        0xc _build/nrf52832_xxaa/nrf_sdh.c.o
                0x000000000002ce7c                nrf_sdh_is_enabled
 .text.SWI2_EGU2_IRQHandler
                0x000000000002ce88       0x2c _build/nrf52832_xxaa/nrf_sdh.c.o
                0x000000000002ce88                SWI2_EGU2_IRQHandler
 .text.sd_ble_enable
                0x000000000002ceb4        0x4 _build/nrf52832_xxaa/nrf_sdh_ble.c.o
 .text.sd_ble_cfg_set
                0x000000000002ceb8        0x4 _build/nrf52832_xxaa/nrf_sdh_ble.c.o
 .text.sd_ble_evt_get
                0x000000000002cebc        0x4 _build/nrf52832_xxaa/nrf_sdh_ble.c.o
 .text.nrf_sdh_ble_evts_poll
                0x000000000002cec0       0x5c _build/nrf52832_xxaa/nrf_sdh_ble.c.o
 .text.nrf_sdh_ble_default_cfg_set
                0x000000000002cf1c      0x17c _build/nrf52832_xxaa/nrf_sdh_ble.c.o
                0x000000000002cf1c                nrf_sdh_ble_default_cfg_set
 .text.nrf_sdh_ble_enable
                0x000000000002d098       0xa0 _build/nrf52832_xxaa/nrf_sdh_ble.c.o
                0x000000000002d098                nrf_sdh_ble_enable
 .text.sd_evt_get
                0x000000000002d138        0x4 _build/nrf52832_xxaa/nrf_sdh_soc.c.o
 .text.nrf_sdh_soc_evts_poll
                0x000000000002d13c       0x4c _build/nrf52832_xxaa/nrf_sdh_soc.c.o
 .text.uart_event_handler
                0x000000000002d188       0xb0 _build/nrf52832_xxaa/app_uart.c.o
 .text.app_uart_init
                0x000000000002d238       0xd0 _build/nrf52832_xxaa/app_uart.c.o
                0x000000000002d238                app_uart_init
 .text.app_uart_get
                0x000000000002d308       0x20 _build/nrf52832_xxaa/app_uart.c.o
                0x000000000002d308                app_uart_get
 .text.app_uart_put
                0x000000000002d328       0x44 _build/nrf52832_xxaa/app_uart.c.o
                0x000000000002d328                app_uart_put
 .text.sd_ble_uuid_vs_add
                0x000000000002d36c        0x4 _build/nrf52832_xxaa/ble_nus_c.c.o
 .text.gatt_error_handler
                0x000000000002d370        0x8 _build/nrf52832_xxaa/ble_nus_c.c.o
 .text.ble_nus_c_on_db_disc_evt
                0x000000000002d378       0x90 _build/nrf52832_xxaa/ble_nus_c.c.o
                0x000000000002d378                ble_nus_c_on_db_disc_evt
 .text.ble_nus_c_init
                0x000000000002d408       0x60 _build/nrf52832_xxaa/ble_nus_c.c.o
                0x000000000002d408                ble_nus_c_init
 .text.ble_nus_c_on_ble_evt
                0x000000000002d468       0x6c _build/nrf52832_xxaa/ble_nus_c.c.o
                0x000000000002d468                ble_nus_c_on_ble_evt
 .text.ble_nus_c_tx_notif_enable
                0x000000000002d4d4       0x64 _build/nrf52832_xxaa/ble_nus_c.c.o
                0x000000000002d4d4                ble_nus_c_tx_notif_enable
 .text.ble_nus_c_string_send
                0x000000000002d538       0xa0 _build/nrf52832_xxaa/ble_nus_c.c.o
                0x000000000002d538                ble_nus_c_string_send
 .text.ble_nus_c_handles_assign
                0x000000000002d5d8       0x1c _build/nrf52832_xxaa/ble_nus_c.c.o
                0x000000000002d5d8                ble_nus_c_handles_assign
 .text.exit     0x000000000002d5f4       0x28 /usr/local/Cellar/arm-none-eabi-gcc/9-2019-q4-major/gcc/bin/../lib/gcc/arm-none-eabi/9.2.1/../../../../arm-none-eabi/lib/thumb/v7e-m+fp/hard/libc_nano.a(lib_a-exit.o)
                0x000000000002d5f4                exit
 .text.__libc_init_array
                0x000000000002d61c       0x48 /usr/local/Cellar/arm-none-eabi-gcc/9-2019-q4-major/gcc/bin/../lib/gcc/arm-none-eabi/9.2.1/../../../../arm-none-eabi/lib/thumb/v7e-m+fp/hard/libc_nano.a(lib_a-init.o)
                0x000000000002d61c                __libc_init_array
 .text.memcmp   0x000000000002d664       0x1c /usr/local/Cellar/arm-none-eabi-gcc/9-2019-q4-major/gcc/bin/../lib/gcc/arm-none-eabi/9.2.1/../../../../arm-none-eabi/lib/thumb/v7e-m+fp/hard/libc_nano.a(lib_a-memcmp.o)
                0x000000000002d664                memcmp
 .text.memcpy   0x000000000002d680       0x1c /usr/local/Cellar/arm-none-eabi-gcc/9-2019-q4-major/gcc/bin/../lib/gcc/arm-none-eabi/9.2.1/../../../../arm-none-eabi/lib/thumb/v7e-m+fp/hard/libc_nano.a(lib_a-memcpy-stub.o)
                0x000000000002d680                memcpy
 .text.memset   0x000000000002d69c       0x10 /usr/local/Cellar/arm-none-eabi-gcc/9-2019-q4-major/gcc/bin/../lib/gcc/arm-none-eabi/9.2.1/../../../../arm-none-eabi/lib/thumb/v7e-m+fp/hard/libc_nano.a(lib_a-memset.o)
                0x000000000002d69c                memset
 .text          0x000000000002d6ac       0x14 /usr/local/Cellar/arm-none-eabi-gcc/9-2019-q4-major/gcc/bin/../lib/gcc/arm-none-eabi/9.2.1/../../../../arm-none-eabi/lib/thumb/v7e-m+fp/hard/libc_nano.a(lib_a-strcmp.o)
                0x000000000002d6ac                strcmp
 .text          0x000000000002d6c0       0x10 /usr/local/Cellar/arm-none-eabi-gcc/9-2019-q4-major/gcc/bin/../lib/gcc/arm-none-eabi/9.2.1/../../../../arm-none-eabi/lib/thumb/v7e-m+fp/hard/libc_nano.a(lib_a-strlen.o)
                0x000000000002d6c0                strlen
 .text._exit    0x000000000002d6d0        0x4 /usr/local/Cellar/arm-none-eabi-gcc/9-2019-q4-major/gcc/bin/../lib/gcc/arm-none-eabi/9.2.1/../../../../arm-none-eabi/lib/thumb/v7e-m+fp/hard/libnosys.a(_exit.o)
                0x000000000002d6d0                _exit
 *(.init)
 .init          0x000000000002d6d4        0x4 /usr/local/Cellar/arm-none-eabi-gcc/9-2019-q4-major/gcc/bin/../lib/gcc/arm-none-eabi/9.2.1/thumb/v7e-m+fp/hard/crti.o
                0x000000000002d6d4                _init
 .init          0x000000000002d6d8        0x8 /usr/local/Cellar/arm-none-eabi-gcc/9-2019-q4-major/gcc/bin/../lib/gcc/arm-none-eabi/9.2.1/thumb/v7e-m+fp/hard/crtn.o
 *(.fini)
 .fini          0x000000000002d6e0        0x4 /usr/local/Cellar/arm-none-eabi-gcc/9-2019-q4-major/gcc/bin/../lib/gcc/arm-none-eabi/9.2.1/thumb/v7e-m+fp/hard/crti.o
                0x000000000002d6e0                _fini
 .fini          0x000000000002d6e4        0x8 /usr/local/Cellar/arm-none-eabi-gcc/9-2019-q4-major/gcc/bin/../lib/gcc/arm-none-eabi/9.2.1/thumb/v7e-m+fp/hard/crtn.o
 *crtbegin.o(.ctors)
 *crtbegin?.o(.ctors)
 *(EXCLUDE_FILE(*crtend.o *crtend?.o) .ctors)
 *(SORT_BY_NAME(.ctors.*))
 *(.ctors)
 *crtbegin.o(.dtors)
 *crtbegin?.o(.dtors)
 *(EXCLUDE_FILE(*crtend.o *crtend?.o) .dtors)
 *(SORT_BY_NAME(.dtors.*))
 *(.dtors)
 *(.rodata*)
 .rodata        0x000000000002d6ec       0x20 _build/nrf52832_xxaa/nrf_log_backend_uart.c.o
 .rodata.nrf_log_backend_uart_api
                0x000000000002d70c        0xc _build/nrf52832_xxaa/nrf_log_backend_uart.c.o
                0x000000000002d70c                nrf_log_backend_uart_api
 .rodata.str1.4
                0x000000000002d718       0x11 _build/nrf52832_xxaa/nrf_log_default_backends.c.o
 *fill*         0x000000000002d729        0x3 
 .rodata.nrf_log_frontend_dequeue.str1.4
                0x000000000002d72c       0x11 _build/nrf52832_xxaa/nrf_log_frontend.c.o
 *fill*         0x000000000002d73d        0x3 
 .rodata.str1.4
                0x000000000002d740        0x4 _build/nrf52832_xxaa/nrf_log_frontend.c.o
 .rodata.m_log_push_ringbuf
                0x000000000002d744        0xc _build/nrf52832_xxaa/nrf_log_frontend.c.o
 .rodata.prefix_process.str1.4
                0x000000000002d750       0x36 _build/nrf52832_xxaa/nrf_log_str_formatter.c.o
 *fill*         0x000000000002d786        0x2 
 .rodata.nrf_log_std_entry_process.str1.4
                0x000000000002d788        0x3 _build/nrf52832_xxaa/nrf_log_str_formatter.c.o
 *fill*         0x000000000002d78b        0x1 
 .rodata.nrf_log_hexdump_entry_process.str1.4
                0x000000000002d78c       0x13 _build/nrf52832_xxaa/nrf_log_str_formatter.c.o
                                         0x16 (size before relaxing)
 *fill*         0x000000000002d79f        0x1 
 .rodata.str1.4
                0x000000000002d7a0       0x56 _build/nrf52832_xxaa/nrf_log_str_formatter.c.o
 *fill*         0x000000000002d7f6        0x2 
 .rodata.m_colors
                0x000000000002d7f8       0x24 _build/nrf52832_xxaa/nrf_log_str_formatter.c.o
 .rodata.severity_names
                0x000000000002d81c       0x14 _build/nrf52832_xxaa/nrf_log_str_formatter.c.o
 .rodata.str1.4
                0x000000000002d830        0xb _build/nrf52832_xxaa/app_button.c.o
 *fill*         0x000000000002d83b        0x1 
 .rodata.m_detection_delay_timer_id
                0x000000000002d83c        0x4 _build/nrf52832_xxaa/app_button.c.o
 .rodata.app_error_fault_handler.str1.4
                0x000000000002d840       0x19 _build/nrf52832_xxaa/app_error_weak.c.o
 *fill*         0x000000000002d859        0x3 
 .rodata.str1.4
                0x000000000002d85c        0xa _build/nrf52832_xxaa/app_timer2.c.o
 *fill*         0x000000000002d866        0x2 
 .rodata        0x000000000002d868        0x4 _build/nrf52832_xxaa/app_timer2.c.o
 .rodata.m_app_timer_sortlist
                0x000000000002d86c        0xc _build/nrf52832_xxaa/app_timer2.c.o
 .rodata.drv_rtc_init.str1.4
                0x000000000002d878       0x36 _build/nrf52832_xxaa/drv_rtc.c.o
 *fill*         0x000000000002d8ae        0x2 
 .rodata.delay_machine_code.8550
                0x000000000002d8b0        0x6 _build/nrf52832_xxaa/drv_rtc.c.o
 *fill*         0x000000000002d8b6        0x2 
 .rodata._aV2C.7647
                0x000000000002d8b8       0x10 _build/nrf52832_xxaa/nrf_fprintf_format.c.o
 .rodata.str1.4
                0x000000000002d8c8        0x9 _build/nrf52832_xxaa/nrf_pwr_mgmt.c.o
 *fill*         0x000000000002d8d1        0x3 
 .rodata.pwr_mgmt_data
                0x000000000002d8d4        0xc _build/nrf52832_xxaa/nrf_pwr_mgmt.c.o
 .rodata.str1.4
                0x000000000002d8e0        0x9 _build/nrf52832_xxaa/nrf_sortlist.c.o
 *fill*         0x000000000002d8e9        0x3 
 .rodata.str1.4
                0x000000000002d8ec      0x3e9 _build/nrf52832_xxaa/nrf_strerror.c.o
 *fill*         0x000000000002dcd5        0x3 
 .rodata.m_unknown_str
                0x000000000002dcd8       0x13 _build/nrf52832_xxaa/nrf_strerror.c.o
 *fill*         0x000000000002dceb        0x1 
 .rodata.nrf_strerror_array
                0x000000000002dcec      0x128 _build/nrf52832_xxaa/nrf_strerror.c.o
 .rodata.CSWTCH.15
                0x000000000002de14        0x4 _build/nrf52832_xxaa/system_nrf52.c.o
 .rodata.CSWTCH.19
                0x000000000002de18        0x4 _build/nrf52832_xxaa/system_nrf52.c.o
 .rodata.CSWTCH.5
                0x000000000002de1c        0x4 _build/nrf52832_xxaa/system_nrf52.c.o
 .rodata.str1.4
                0x000000000002de20        0x6 _build/nrf52832_xxaa/nrf_drv_clock.c.o
 *fill*         0x000000000002de26        0x2 
 .rodata.str1.4
                0x000000000002de28        0x6 _build/nrf52832_xxaa/nrfx_clock.c.o
 *fill*         0x000000000002de2e        0x2 
 .rodata.str1.4
                0x000000000002de30        0x7 _build/nrf52832_xxaa/nrfx_gpiote.c.o
 *fill*         0x000000000002de37        0x1 
 .rodata.str1.4
                0x000000000002de38        0x4 _build/nrf52832_xxaa/nrfx_prs.c.o
 .rodata.str1.4
                0x000000000002de3c        0x5 _build/nrf52832_xxaa/nrfx_uart.c.o
 *fill*         0x000000000002de41        0x3 
 .rodata.str1.4
                0x000000000002de44        0x6 _build/nrf52832_xxaa/nrfx_uarte.c.o
 *fill*         0x000000000002de4a        0x2 
 .rodata.ble_nus_c_evt_handler.str1.4
                0x000000000002de4c       0xa3 _build/nrf52832_xxaa/main.c.o
 *fill*         0x000000000002deef        0x1 
 .rodata.ble_evt_handler.str1.4
                0x000000000002def0       0x62 _build/nrf52832_xxaa/main.c.o
 *fill*         0x000000000002df52        0x2 
 .rodata        0x000000000002df54       0x18 _build/nrf52832_xxaa/main.c.o
 .rodata.m_ble_gatt_queuereq_queue
                0x000000000002df6c       0xa0 _build/nrf52832_xxaa/main.c.o
 .rodata.m_nus_uuid
                0x000000000002e00c        0x4 _build/nrf52832_xxaa/main.c.o
 .rodata.m_target_periph_name
                0x000000000002e010        0xb _build/nrf52832_xxaa/main.c.o
 *fill*         0x000000000002e01b        0x1 
 .rodata.ble_db_discovery_on_ble_evt.str1.4
                0x000000000002e01c      0x10a _build/nrf52832_xxaa/ble_db_discovery.c.o
 *fill*         0x000000000002e126        0x2 
 .rodata.str1.4
                0x000000000002e128        0xc _build/nrf52832_xxaa/ble_db_discovery.c.o
 .rodata.data_length_update.str1.4
                0x000000000002e134       0xe2 _build/nrf52832_xxaa/nrf_ble_gatt.c.o
 *fill*         0x000000000002e216        0x2 
 .rodata.nrf_ble_gatt_on_ble_evt.str1.4
                0x000000000002e218       0x63 _build/nrf52832_xxaa/nrf_ble_gatt.c.o
 *fill*         0x000000000002e27b        0x1 
 .rodata.str1.4
                0x000000000002e27c        0xd _build/nrf52832_xxaa/nrf_ble_gatt.c.o
 *fill*         0x000000000002e289        0x3 
 .rodata.queue_process.str1.4
                0x000000000002e28c       0x66 _build/nrf52832_xxaa/nrf_ble_gq.c.o
 *fill*         0x000000000002e2f2        0x2 
 .rodata.str1.4
                0x000000000002e2f4        0xb _build/nrf52832_xxaa/nrf_ble_gq.c.o
 *fill*         0x000000000002e2ff        0x1 
 .rodata.m_req_data_alloc
                0x000000000002e300       0x18 _build/nrf52832_xxaa/nrf_ble_gq.c.o
 .rodata.nrf_ble_scan_start.str1.4
                0x000000000002e318       0x24 _build/nrf52832_xxaa/nrf_ble_scan.c.o
 .rodata.str1.4
                0x000000000002e33c        0x9 _build/nrf52832_xxaa/nrf_ble_scan.c.o
 *fill*         0x000000000002e345        0x3 
 .rodata.str1.4
                0x000000000002e348        0x8 _build/nrf52832_xxaa/nrf_sdh.c.o
 .rodata        0x000000000002e350        0x4 _build/nrf52832_xxaa/nrf_sdh.c.o
 .rodata.sdh_req_observers
                0x000000000002e354        0xc _build/nrf52832_xxaa/nrf_sdh.c.o
 .rodata.sdh_stack_observers
                0x000000000002e360        0xc _build/nrf52832_xxaa/nrf_sdh.c.o
 .rodata.sdh_state_observers
                0x000000000002e36c        0xc _build/nrf52832_xxaa/nrf_sdh.c.o
 .rodata.nrf_sdh_ble_default_cfg_set.str1.4
                0x000000000002e378      0x187 _build/nrf52832_xxaa/nrf_sdh_ble.c.o
 *fill*         0x000000000002e4ff        0x1 
 .rodata.nrf_sdh_ble_enable.str1.4
                0x000000000002e500       0xad _build/nrf52832_xxaa/nrf_sdh_ble.c.o
 *fill*         0x000000000002e5ad        0x3 
 .rodata.str1.4
                0x000000000002e5b0        0xc _build/nrf52832_xxaa/nrf_sdh_ble.c.o
 .rodata.sdh_ble_observers
                0x000000000002e5bc        0xc _build/nrf52832_xxaa/nrf_sdh_ble.c.o
 .rodata.str1.4
                0x000000000002e5c8        0xc _build/nrf52832_xxaa/nrf_sdh_soc.c.o
 .rodata.sdh_soc_observers
                0x000000000002e5d4        0xc _build/nrf52832_xxaa/nrf_sdh_soc.c.o
 .rodata        0x000000000002e5e0       0x20 _build/nrf52832_xxaa/app_uart.c.o
 .rodata.ble_nus_c_string_send.str1.4
                0x000000000002e600       0x2f _build/nrf52832_xxaa/ble_nus_c.c.o
 *fill*         0x000000000002e62f        0x1 
 .rodata.str1.4
                0x000000000002e630        0xa _build/nrf52832_xxaa/ble_nus_c.c.o
 *fill*         0x000000000002e63a        0x2 
 .rodata        0x000000000002e63c       0x10 _build/nrf52832_xxaa/ble_nus_c.c.o
 .rodata._ctype_
                0x000000000002e64c      0x101 /usr/local/Cellar/arm-none-eabi-gcc/9-2019-q4-major/gcc/bin/../lib/gcc/arm-none-eabi/9.2.1/../../../../arm-none-eabi/lib/thumb/v7e-m+fp/hard/libc_nano.a(lib_a-ctype_.o)
                0x000000000002e64c                _ctype_
 *fill*         0x000000000002e74d        0x3 
 .rodata._global_impure_ptr
                0x000000000002e750        0x4 /usr/local/Cellar/arm-none-eabi-gcc/9-2019-q4-major/gcc/bin/../lib/gcc/arm-none-eabi/9.2.1/../../../../arm-none-eabi/lib/thumb/v7e-m+fp/hard/libc_nano.a(lib_a-impure.o)
                0x000000000002e750                _global_impure_ptr
 *(.eh_frame*)
 .eh_frame      0x000000000002e754        0x0 /usr/local/Cellar/arm-none-eabi-gcc/9-2019-q4-major/gcc/bin/../lib/gcc/arm-none-eabi/9.2.1/thumb/v7e-m+fp/hard/crtbegin.o
 .eh_frame      0x000000000002e754        0x4 /usr/local/Cellar/arm-none-eabi-gcc/9-2019-q4-major/gcc/bin/../lib/gcc/arm-none-eabi/9.2.1/thumb/v7e-m+fp/hard/crtend.o

.glue_7         0x000000000002e758        0x0
 .glue_7        0x000000000002e758        0x0 linker stubs

.glue_7t        0x000000000002e758        0x0
 .glue_7t       0x000000000002e758        0x0 linker stubs

.vfp11_veneer   0x000000000002e758        0x0
 .vfp11_veneer  0x000000000002e758        0x0 linker stubs

.v4_bx          0x000000000002e758        0x0
 .v4_bx         0x000000000002e758        0x0 linker stubs

.iplt           0x000000000002e758        0x0
 .iplt          0x000000000002e758        0x0 /usr/local/Cellar/arm-none-eabi-gcc/9-2019-q4-major/gcc/bin/../lib/gcc/arm-none-eabi/9.2.1/thumb/v7e-m+fp/hard/crtbegin.o

.mem_section_dummy_rom

.sdh_soc_observers
                0x000000000002e758        0x8
                0x000000000002e758                PROVIDE (__start_sdh_soc_observers = .)
 *(SORT_BY_NAME(.sdh_soc_observers*))
 .sdh_soc_observers0
                0x000000000002e758        0x8 _build/nrf52832_xxaa/nrf_drv_clock.c.o
                0x000000000002e760                PROVIDE (__stop_sdh_soc_observers = .)

.pwr_mgmt_data  0x000000000002e760        0x0
                0x000000000002e760                PROVIDE (__start_pwr_mgmt_data = .)
 *(SORT_BY_NAME(.pwr_mgmt_data*))
                0x000000000002e760                PROVIDE (__stop_pwr_mgmt_data = .)

.sdh_ble_observers
                0x000000000002e760       0xb0
                0x000000000002e760                PROVIDE (__start_sdh_ble_observers = .)
 *(SORT_BY_NAME(.sdh_ble_observers*))
 .sdh_ble_observers0
                0x000000000002e760        0x8 _build/nrf52832_xxaa/ble_conn_state.c.o
 .sdh_ble_observers1
                0x000000000002e768        0x8 _build/nrf52832_xxaa/bsp_btn_ble.c.o
 .sdh_ble_observers1
                0x000000000002e770       0x58 _build/nrf52832_xxaa/main.c.o
 .sdh_ble_observers2
                0x000000000002e7c8       0x40 _build/nrf52832_xxaa/main.c.o
 .sdh_ble_observers3
                0x000000000002e808        0x8 _build/nrf52832_xxaa/main.c.o
                0x000000000002e810                PROVIDE (__stop_sdh_ble_observers = .)

.log_const_data
                0x000000000002e810       0x98
                0x000000000002e810                PROVIDE (__start_log_const_data = .)
 *(SORT_BY_NAME(.log_const_data*))
 .log_const_data_CLOCK
                0x000000000002e810        0x8 _build/nrf52832_xxaa/nrfx_clock.c.o
                0x000000000002e810                m_nrf_log_CLOCK_logs_data_const
 .log_const_data_GPIOTE
                0x000000000002e818        0x8 _build/nrf52832_xxaa/nrfx_gpiote.c.o
                0x000000000002e818                m_nrf_log_GPIOTE_logs_data_const
 .log_const_data_PRS
                0x000000000002e820        0x8 _build/nrf52832_xxaa/nrfx_prs.c.o
                0x000000000002e820                m_nrf_log_PRS_logs_data_const
 .log_const_data_UART
                0x000000000002e828        0x8 _build/nrf52832_xxaa/nrfx_uart.c.o
                0x000000000002e828                m_nrf_log_UART_logs_data_const
 .log_const_data_UARTE
                0x000000000002e830        0x8 _build/nrf52832_xxaa/nrfx_uarte.c.o
                0x000000000002e830                m_nrf_log_UARTE_logs_data_const
 .log_const_data_app
                0x000000000002e838        0x8 _build/nrf52832_xxaa/nrf_log_frontend.c.o
                0x000000000002e838                m_nrf_log_app_logs_data_const
 .log_const_data_app_button
                0x000000000002e840        0x8 _build/nrf52832_xxaa/app_button.c.o
                0x000000000002e840                m_nrf_log_app_button_logs_data_const
 .log_const_data_app_timer
                0x000000000002e848        0x8 _build/nrf52832_xxaa/app_timer2.c.o
                0x000000000002e848                m_nrf_log_app_timer_logs_data_const
 .log_const_data_ble_db_disc
                0x000000000002e850        0x8 _build/nrf52832_xxaa/ble_db_discovery.c.o
                0x000000000002e850                m_nrf_log_ble_db_disc_logs_data_const
 .log_const_data_ble_nus_c
                0x000000000002e858        0x8 _build/nrf52832_xxaa/ble_nus_c.c.o
                0x000000000002e858                m_nrf_log_ble_nus_c_logs_data_const
 .log_const_data_ble_scan
                0x000000000002e860        0x8 _build/nrf52832_xxaa/nrf_ble_scan.c.o
                0x000000000002e860                m_nrf_log_ble_scan_logs_data_const
 .log_const_data_clock
                0x000000000002e868        0x8 _build/nrf52832_xxaa/nrf_drv_clock.c.o
                0x000000000002e868                m_nrf_log_clock_logs_data_const
 .log_const_data_nrf_ble_gatt
                0x000000000002e870        0x8 _build/nrf52832_xxaa/nrf_ble_gatt.c.o
                0x000000000002e870                m_nrf_log_nrf_ble_gatt_logs_data_const
 .log_const_data_nrf_ble_gq
                0x000000000002e878        0x8 _build/nrf52832_xxaa/nrf_ble_gq.c.o
                0x000000000002e878                m_nrf_log_nrf_ble_gq_logs_data_const
 .log_const_data_nrf_sdh
                0x000000000002e880        0x8 _build/nrf52832_xxaa/nrf_sdh.c.o
                0x000000000002e880                m_nrf_log_nrf_sdh_logs_data_const
 .log_const_data_nrf_sdh_ble
                0x000000000002e888        0x8 _build/nrf52832_xxaa/nrf_sdh_ble.c.o
                0x000000000002e888                m_nrf_log_nrf_sdh_ble_logs_data_const
 .log_const_data_nrf_sdh_soc
                0x000000000002e890        0x8 _build/nrf52832_xxaa/nrf_sdh_soc.c.o
                0x000000000002e890                m_nrf_log_nrf_sdh_soc_logs_data_const
 .log_const_data_pwr_mgmt
                0x000000000002e898        0x8 _build/nrf52832_xxaa/nrf_pwr_mgmt.c.o
                0x000000000002e898                m_nrf_log_pwr_mgmt_logs_data_const
 .log_const_data_sortlist
                0x000000000002e8a0        0x8 _build/nrf52832_xxaa/nrf_sortlist.c.o
                0x000000000002e8a0                m_nrf_log_sortlist_logs_data_const
                0x000000000002e8a8                PROVIDE (__stop_log_const_data = .)

.nrf_balloc     0x000000000002e8a8       0x28
                [!provide]                        PROVIDE (__start_nrf_balloc = .)
 *(.nrf_balloc)
 .nrf_balloc    0x000000000002e8a8       0x14 _build/nrf52832_xxaa/nrf_log_frontend.c.o
                0x000000000002e8a8                log_mempool
 .nrf_balloc    0x000000000002e8bc       0x14 _build/nrf52832_xxaa/main.c.o
                0x000000000002e8bc                m_ble_gatt_queuepool
                [!provide]                        PROVIDE (__stop_nrf_balloc = .)

.nrf_queue      0x000000000002e8d0       0x14
                [!provide]                        PROVIDE (__start_nrf_queue = .)
 *(.nrf_queue)
 .nrf_queue     0x000000000002e8d0       0x14 _build/nrf52832_xxaa/main.c.o
                0x000000000002e8d0                m_ble_gatt_queuepurge_queue
                [!provide]                        PROVIDE (__stop_nrf_queue = .)

.sdh_req_observers
                0x000000000002e8e4        0x0
                0x000000000002e8e4                PROVIDE (__start_sdh_req_observers = .)
 *(SORT_BY_NAME(.sdh_req_observers*))
                0x000000000002e8e4                PROVIDE (__stop_sdh_req_observers = .)

.sdh_state_observers
                0x000000000002e8e4        0x8
                0x000000000002e8e4                PROVIDE (__start_sdh_state_observers = .)
 *(SORT_BY_NAME(.sdh_state_observers*))
 .sdh_state_observers0
                0x000000000002e8e4        0x8 _build/nrf52832_xxaa/nrf_drv_clock.c.o
                0x000000000002e8ec                PROVIDE (__stop_sdh_state_observers = .)

.sdh_stack_observers
                0x000000000002e8ec       0x10
                0x000000000002e8ec                PROVIDE (__start_sdh_stack_observers = .)
 *(SORT_BY_NAME(.sdh_stack_observers*))
 .sdh_stack_observers0
                0x000000000002e8ec        0x8 _build/nrf52832_xxaa/nrf_sdh_ble.c.o
 .sdh_stack_observers0
                0x000000000002e8f4        0x8 _build/nrf52832_xxaa/nrf_sdh_soc.c.o
                0x000000000002e8fc                PROVIDE (__stop_sdh_stack_observers = .)

.cli_command    0x000000000002e8fc        0x0
                [!provide]                        PROVIDE (__start_cli_command = .)
 *(.cli_command)
                [!provide]                        PROVIDE (__stop_cli_command = .)

.crypto_data    0x000000000002e8fc        0x0
                [!provide]                        PROVIDE (__start_crypto_data = .)
 *(SORT_BY_NAME(.crypto_data*))
                [!provide]                        PROVIDE (__stop_crypto_data = .)

.log_backends   0x000000000002e8fc       0x10
                [!provide]                        PROVIDE (__start_log_backends = .)
 *(SORT_BY_NAME(.log_backends*))
 .log_backends  0x000000000002e8fc       0x10 _build/nrf52832_xxaa/nrf_log_default_backends.c.o
                [!provide]                        PROVIDE (__stop_log_backends = .)

.ARM.extab
 *(.ARM.extab* .gnu.linkonce.armextab.*)
                0x000000000002e90c                __exidx_start = .

.ARM.exidx      0x000000000002e90c        0x8
 *(.ARM.exidx* .gnu.linkonce.armexidx.*)
 .ARM.exidx     0x000000000002e90c        0x8 /usr/local/Cellar/arm-none-eabi-gcc/9-2019-q4-major/gcc/bin/../lib/gcc/arm-none-eabi/9.2.1/../../../../arm-none-eabi/lib/thumb/v7e-m+fp/hard/crt0.o
                0x000000000002e914                __exidx_end = .
                0x000000000002e914                __etext = .

.rel.dyn        0x000000000002e914        0x0
 .rel.iplt      0x000000000002e914        0x0 /usr/local/Cellar/arm-none-eabi-gcc/9-2019-q4-major/gcc/bin/../lib/gcc/arm-none-eabi/9.2.1/thumb/v7e-m+fp/hard/crtbegin.o

.data           0x0000000020004398     0x2f50 load address 0x000000000002e914
                0x0000000020004398                __data_start__ = .
 *(vtable)
 *(.data*)
 .data.m_uart   0x0000000020004398       0x14 _build/nrf52832_xxaa/nrf_log_backend_uart.c.o
                0x0000000020004398                m_uart
 .data.log_backend_cb_uart_log_backend
                0x00000000200043ac        0x8 _build/nrf52832_xxaa/nrf_log_default_backends.c.o
 .data.m_rtc_inst
                0x00000000200043b4        0x8 _build/nrf52832_xxaa/app_timer2.c.o
 .data.SystemCoreClock
                0x00000000200043bc        0x4 _build/nrf52832_xxaa/system_nrf52.c.o
                0x00000000200043bc                SystemCoreClock
 .data.buttons.12126
                0x00000000200043c0        0x8 _build/nrf52832_xxaa/main.c.o
 .data.m_ble_gatt_queue
                0x00000000200043c8       0x14 _build/nrf52832_xxaa/main.c.o
 .data.m_ble_gatt_queueconn_handles_arr
                0x00000000200043dc       0x10 _build/nrf52832_xxaa/main.c.o
 .data.m_db_disc
                0x00000000200043ec     0x2e80 _build/nrf52832_xxaa/main.c.o
 .data.app_uart_inst
                0x000000002000726c       0x14 _build/nrf52832_xxaa/app_uart.c.o
 .data.impure_data
                0x0000000020007280       0x60 /usr/local/Cellar/arm-none-eabi-gcc/9-2019-q4-major/gcc/bin/../lib/gcc/arm-none-eabi/9.2.1/../../../../arm-none-eabi/lib/thumb/v7e-m+fp/hard/libc_nano.a(lib_a-impure.o)
                0x00000000200072e0                . = ALIGN (0x4)
                0x00000000200072e0                PROVIDE (__preinit_array_start = .)
 *(.preinit_array)
                0x00000000200072e0                PROVIDE (__preinit_array_end = .)
                0x00000000200072e0                . = ALIGN (0x4)
                0x00000000200072e0                PROVIDE (__init_array_start = .)
 *(SORT_BY_NAME(.init_array.*))
 *(.init_array)
 .init_array    0x00000000200072e0        0x4 /usr/local/Cellar/arm-none-eabi-gcc/9-2019-q4-major/gcc/bin/../lib/gcc/arm-none-eabi/9.2.1/thumb/v7e-m+fp/hard/crtbegin.o
                0x00000000200072e4                PROVIDE (__init_array_end = .)
                0x00000000200072e4                . = ALIGN (0x4)
                [!provide]                        PROVIDE (__fini_array_start = .)
 *(SORT_BY_NAME(.fini_array.*))
 *(.fini_array)
 .fini_array    0x00000000200072e4        0x4 /usr/local/Cellar/arm-none-eabi-gcc/9-2019-q4-major/gcc/bin/../lib/gcc/arm-none-eabi/9.2.1/thumb/v7e-m+fp/hard/crtbegin.o
                [!provide]                        PROVIDE (__fini_array_end = .)
 *(.jcr*)
                0x00000000200072e8                . = ALIGN (0x4)
                0x00000000200072e8                __data_end__ = .
LOAD /usr/local/Cellar/arm-none-eabi-gcc/9-2019-q4-major/gcc/bin/../lib/gcc/arm-none-eabi/9.2.1/thumb/v7e-m+fp/hard/crti.o
LOAD /usr/local/Cellar/arm-none-eabi-gcc/9-2019-q4-major/gcc/bin/../lib/gcc/arm-none-eabi/9.2.1/thumb/v7e-m+fp/hard/crtbegin.o
LOAD /usr/local/Cellar/arm-none-eabi-gcc/9-2019-q4-major/gcc/bin/../lib/gcc/arm-none-eabi/9.2.1/../../../../arm-none-eabi/lib/thumb/v7e-m+fp/hard/crt0.o
LOAD _build/nrf52832_xxaa/gcc_startup_nrf52.S.o
LOAD _build/nrf52832_xxaa/nrf_log_backend_rtt.c.o
LOAD _build/nrf52832_xxaa/nrf_log_backend_serial.c.o
LOAD _build/nrf52832_xxaa/nrf_log_backend_uart.c.o
LOAD _build/nrf52832_xxaa/nrf_log_default_backends.c.o
LOAD _build/nrf52832_xxaa/nrf_log_frontend.c.o
LOAD _build/nrf52832_xxaa/nrf_log_str_formatter.c.o
LOAD _build/nrf52832_xxaa/app_button.c.o
LOAD _build/nrf52832_xxaa/app_error.c.o
LOAD _build/nrf52832_xxaa/app_error_handler_gcc.c.o
LOAD _build/nrf52832_xxaa/app_error_weak.c.o
LOAD _build/nrf52832_xxaa/app_scheduler.c.o
LOAD _build/nrf52832_xxaa/app_timer2.c.o
LOAD _build/nrf52832_xxaa/app_util_platform.c.o
LOAD _build/nrf52832_xxaa/drv_rtc.c.o
LOAD _build/nrf52832_xxaa/hardfault_implementation.c.o
LOAD _build/nrf52832_xxaa/nrf_assert.c.o
LOAD _build/nrf52832_xxaa/nrf_atfifo.c.o
LOAD _build/nrf52832_xxaa/nrf_atflags.c.o
LOAD _build/nrf52832_xxaa/nrf_atomic.c.o
LOAD _build/nrf52832_xxaa/nrf_balloc.c.o
LOAD _build/nrf52832_xxaa/nrf_fprintf.c.o
LOAD _build/nrf52832_xxaa/nrf_fprintf_format.c.o
LOAD _build/nrf52832_xxaa/nrf_memobj.c.o
LOAD _build/nrf52832_xxaa/nrf_pwr_mgmt.c.o
LOAD _build/nrf52832_xxaa/nrf_queue.c.o
LOAD _build/nrf52832_xxaa/nrf_ringbuf.c.o
LOAD _build/nrf52832_xxaa/nrf_section_iter.c.o
LOAD _build/nrf52832_xxaa/nrf_sortlist.c.o
LOAD _build/nrf52832_xxaa/nrf_strerror.c.o
LOAD _build/nrf52832_xxaa/system_nrf52.c.o
LOAD _build/nrf52832_xxaa/boards.c.o
LOAD _build/nrf52832_xxaa/nrf_drv_clock.c.o
LOAD _build/nrf52832_xxaa/nrf_drv_uart.c.o
LOAD _build/nrf52832_xxaa/nrfx_atomic.c.o
LOAD _build/nrf52832_xxaa/nrfx_clock.c.o
LOAD _build/nrf52832_xxaa/nrfx_gpiote.c.o
LOAD _build/nrf52832_xxaa/nrfx_prs.c.o
LOAD _build/nrf52832_xxaa/nrfx_uart.c.o
LOAD _build/nrf52832_xxaa/nrfx_uarte.c.o
LOAD _build/nrf52832_xxaa/bsp.c.o
LOAD _build/nrf52832_xxaa/bsp_btn_ble.c.o
LOAD _build/nrf52832_xxaa/main.c.o
LOAD _build/nrf52832_xxaa/SEGGER_RTT.c.o
LOAD _build/nrf52832_xxaa/SEGGER_RTT_Syscalls_GCC.c.o
LOAD _build/nrf52832_xxaa/SEGGER_RTT_printf.c.o
LOAD _build/nrf52832_xxaa/ble_advdata.c.o
LOAD _build/nrf52832_xxaa/ble_advertising.c.o
LOAD _build/nrf52832_xxaa/ble_conn_state.c.o
LOAD _build/nrf52832_xxaa/ble_db_discovery.c.o
LOAD _build/nrf52832_xxaa/ble_srv_common.c.o
LOAD _build/nrf52832_xxaa/nrf_ble_gatt.c.o
LOAD _build/nrf52832_xxaa/nrf_ble_gq.c.o
LOAD _build/nrf52832_xxaa/nrf_ble_scan.c.o
LOAD _build/nrf52832_xxaa/utf.c.o
LOAD _build/nrf52832_xxaa/ble_lbs_c.c.o
LOAD _build/nrf52832_xxaa/nrf_sdh.c.o
LOAD _build/nrf52832_xxaa/nrf_sdh_ble.c.o
LOAD _build/nrf52832_xxaa/nrf_sdh_soc.c.o
LOAD _build/nrf52832_xxaa/app_uart.c.o
LOAD _build/nrf52832_xxaa/ble_nus_c.c.o
LOAD /usr/local/Cellar/arm-none-eabi-gcc/9-2019-q4-major/gcc/bin/../lib/gcc/arm-none-eabi/9.2.1/../../../../arm-none-eabi/lib/thumb/v7e-m+fp/hard/libc_nano.a
LOAD /usr/local/Cellar/arm-none-eabi-gcc/9-2019-q4-major/gcc/bin/../lib/gcc/arm-none-eabi/9.2.1/../../../../arm-none-eabi/lib/thumb/v7e-m+fp/hard/libnosys.a
LOAD /usr/local/Cellar/arm-none-eabi-gcc/9-2019-q4-major/gcc/bin/../lib/gcc/arm-none-eabi/9.2.1/../../../../arm-none-eabi/lib/thumb/v7e-m+fp/hard/libm.a
START GROUP
LOAD /usr/local/Cellar/arm-none-eabi-gcc/9-2019-q4-major/gcc/bin/../lib/gcc/arm-none-eabi/9.2.1/thumb/v7e-m+fp/hard/libgcc.a
LOAD /usr/local/Cellar/arm-none-eabi-gcc/9-2019-q4-major/gcc/bin/../lib/gcc/arm-none-eabi/9.2.1/../../../../arm-none-eabi/lib/thumb/v7e-m+fp/hard/libg_nano.a
LOAD /usr/local/Cellar/arm-none-eabi-gcc/9-2019-q4-major/gcc/bin/../lib/gcc/arm-none-eabi/9.2.1/../../../../arm-none-eabi/lib/thumb/v7e-m+fp/hard/libc_nano.a
END GROUP
START GROUP
LOAD /usr/local/Cellar/arm-none-eabi-gcc/9-2019-q4-major/gcc/bin/../lib/gcc/arm-none-eabi/9.2.1/thumb/v7e-m+fp/hard/libgcc.a
LOAD /usr/local/Cellar/arm-none-eabi-gcc/9-2019-q4-major/gcc/bin/../lib/gcc/arm-none-eabi/9.2.1/../../../../arm-none-eabi/lib/thumb/v7e-m+fp/hard/libc_nano.a
END GROUP
LOAD /usr/local/Cellar/arm-none-eabi-gcc/9-2019-q4-major/gcc/bin/../lib/gcc/arm-none-eabi/9.2.1/thumb/v7e-m+fp/hard/crtend.o
LOAD /usr/local/Cellar/arm-none-eabi-gcc/9-2019-q4-major/gcc/bin/../lib/gcc/arm-none-eabi/9.2.1/thumb/v7e-m+fp/hard/crtn.o
START GROUP
LOAD /usr/local/Cellar/arm-none-eabi-gcc/9-2019-q4-major/gcc/bin/../lib/gcc/arm-none-eabi/9.2.1/thumb/v7e-m+fp/hard/libgcc.a
LOAD /usr/local/Cellar/arm-none-eabi-gcc/9-2019-q4-major/gcc/bin/../lib/gcc/arm-none-eabi/9.2.1/../../../../arm-none-eabi/lib/thumb/v7e-m+fp/hard/libc.a
LOAD /usr/local/Cellar/arm-none-eabi-gcc/9-2019-q4-major/gcc/bin/../lib/gcc/arm-none-eabi/9.2.1/../../../../arm-none-eabi/lib/thumb/v7e-m+fp/hard/libnosys.a
END GROUP

.igot.plt       0x00000000200072e8        0x0 load address 0x0000000000031864
 .igot.plt      0x00000000200072e8        0x0 /usr/local/Cellar/arm-none-eabi-gcc/9-2019-q4-major/gcc/bin/../lib/gcc/arm-none-eabi/9.2.1/thumb/v7e-m+fp/hard/crtbegin.o
                0x00000000200072e8                . = ALIGN (0x4)

.mem_section_dummy_ram

.log_dynamic_data
                0x00000000200072e8        0x0
                0x00000000200072e8                PROVIDE (__start_log_dynamic_data = .)
 *(SORT_BY_NAME(.log_dynamic_data*))
                [!provide]                        PROVIDE (__stop_log_dynamic_data = .)

.log_filter_data
                0x00000000200072e8        0x0
                [!provide]                        PROVIDE (__start_log_filter_data = .)
 *(SORT_BY_NAME(.log_filter_data*))
                [!provide]                        PROVIDE (__stop_log_filter_data = .)

.cli_sorted_cmd_ptrs
                0x00000000200072e8        0x0
                [!provide]                        PROVIDE (__start_cli_sorted_cmd_ptrs = .)
 *(.cli_sorted_cmd_ptrs)
                [!provide]                        PROVIDE (__stop_cli_sorted_cmd_ptrs = .)

.fs_data        0x00000000200072e8        0x0
                [!provide]                        PROVIDE (__start_fs_data = .)
 *(.fs_data)
                [!provide]                        PROVIDE (__stop_fs_data = .)

.bss            0x00000000200072e8     0x1270 load address 0x0000000000031868
                0x00000000200072e8                . = ALIGN (0x4)
                0x00000000200072e8                __bss_start__ = .
 *(.bss*)
 .bss           0x00000000200072e8       0x1c /usr/local/Cellar/arm-none-eabi-gcc/9-2019-q4-major/gcc/bin/../lib/gcc/arm-none-eabi/9.2.1/thumb/v7e-m+fp/hard/crtbegin.o
 .bss.m_async_mode
                0x0000000020007304        0x1 _build/nrf52832_xxaa/nrf_log_backend_uart.c.o
 *fill*         0x0000000020007305        0x3 
 .bss.m_string_buff
                0x0000000020007308       0x40 _build/nrf52832_xxaa/nrf_log_backend_uart.c.o
 .bss.m_xfer_done
                0x0000000020007348        0x1 _build/nrf52832_xxaa/nrf_log_backend_uart.c.o
 *fill*         0x0000000020007349        0x3 
 .bss.log_mempool_nrf_balloc_cb
                0x000000002000734c        0x8 _build/nrf52832_xxaa/nrf_log_frontend.c.o
 .bss.log_mempool_nrf_balloc_pool_mem
                0x0000000020007354       0xc0 _build/nrf52832_xxaa/nrf_log_frontend.c.o
 .bss.log_mempool_nrf_balloc_pool_stack
                0x0000000020007414        0x8 _build/nrf52832_xxaa/nrf_log_frontend.c.o
 .bss.m_log_data
                0x000000002000741c      0x420 _build/nrf52832_xxaa/nrf_log_frontend.c.o
 .bss.m_log_push_ringbuf_buf
                0x000000002000783c       0x80 _build/nrf52832_xxaa/nrf_log_frontend.c.o
 .bss.m_log_push_ringbuf_cb
                0x00000000200078bc       0x18 _build/nrf52832_xxaa/nrf_log_frontend.c.o
 .bss.m_button_count
                0x00000000200078d4        0x1 _build/nrf52832_xxaa/app_button.c.o
 *fill*         0x00000000200078d5        0x3 
 .bss.m_detection_delay
                0x00000000200078d8        0x4 _build/nrf52832_xxaa/app_button.c.o
 *fill*         0x00000000200078dc        0x4 
 .bss.m_detection_delay_timer_id_data
                0x00000000200078e0       0x20 _build/nrf52832_xxaa/app_button.c.o
 .bss.m_pin_active
                0x0000000020007900        0x8 _build/nrf52832_xxaa/app_button.c.o
 .bss.m_pin_states
                0x0000000020007908       0x10 _build/nrf52832_xxaa/app_button.c.o
 .bss.mp_buttons
                0x0000000020007918        0x4 _build/nrf52832_xxaa/app_button.c.o
 .bss.m_app_timer_sortlist_sortlist_cb
                0x000000002000791c        0x4 _build/nrf52832_xxaa/app_timer2.c.o
 .bss.m_base_counter
                0x0000000020007920        0x8 _build/nrf52832_xxaa/app_timer2.c.o
 .bss.m_global_active
                0x0000000020007928        0x1 _build/nrf52832_xxaa/app_timer2.c.o
 *fill*         0x0000000020007929        0x3 
 .bss.m_req_fifo_data
                0x000000002000792c       0x58 _build/nrf52832_xxaa/app_timer2.c.o
 .bss.m_req_fifo_inst
                0x0000000020007984       0x10 _build/nrf52832_xxaa/app_timer2.c.o
 *fill*         0x0000000020007994        0x4 
 .bss.m_stamp64
                0x0000000020007998        0x8 _build/nrf52832_xxaa/app_timer2.c.o
 .bss.mp_active_timer
                0x00000000200079a0        0x4 _build/nrf52832_xxaa/app_timer2.c.o
 .bss.m_cb      0x00000000200079a4        0x8 _build/nrf52832_xxaa/drv_rtc.c.o
 .bss.m_handlers
                0x00000000200079ac        0x4 _build/nrf52832_xxaa/drv_rtc.c.o
 .bss.m_handlers_iter
                0x00000000200079b0        0x8 _build/nrf52832_xxaa/nrf_pwr_mgmt.c.o
 .bss.m_shutdown_started
                0x00000000200079b8        0x1 _build/nrf52832_xxaa/nrf_pwr_mgmt.c.o
 *fill*         0x00000000200079b9        0x3 
 .bss.m_sysoff_mtx
                0x00000000200079bc        0x4 _build/nrf52832_xxaa/nrf_pwr_mgmt.c.o
 .bss.m_clock_cb
                0x00000000200079c0       0x14 _build/nrf52832_xxaa/nrf_drv_clock.c.o
 .bss.m_contexts
                0x00000000200079d4        0x4 _build/nrf52832_xxaa/nrf_drv_uart.c.o
 .bss.m_handlers
                0x00000000200079d8        0x4 _build/nrf52832_xxaa/nrf_drv_uart.c.o
 .bss.m_clock_cb
                0x00000000200079dc        0x8 _build/nrf52832_xxaa/nrfx_clock.c.o
 *fill*         0x00000000200079e4        0x4 
 .bss.m_cb      0x00000000200079e8       0x5c _build/nrf52832_xxaa/nrfx_gpiote.c.o
 .bss.m_prs_box_4
                0x0000000020007a44        0x8 _build/nrf52832_xxaa/nrfx_prs.c.o
 *fill*         0x0000000020007a4c        0x4 
 .bss.m_cb      0x0000000020007a50       0x2c _build/nrf52832_xxaa/nrfx_uart.c.o
 *fill*         0x0000000020007a7c        0x4 
 .bss.m_cb      0x0000000020007a80       0x24 _build/nrf52832_xxaa/nrfx_uarte.c.o
 .bss.m_events_list
                0x0000000020007aa4        0xc _build/nrf52832_xxaa/bsp.c.o
 .bss.m_error_handler
                0x0000000020007ab0        0x4 _build/nrf52832_xxaa/bsp_btn_ble.c.o
 .bss.m_num_connections
                0x0000000020007ab4        0x4 _build/nrf52832_xxaa/bsp_btn_ble.c.o
 .bss.data_array.12172
                0x0000000020007ab8       0x14 _build/nrf52832_xxaa/main.c.o
 .bss.index.12173
                0x0000000020007acc        0x2 _build/nrf52832_xxaa/main.c.o
 *fill*         0x0000000020007ace        0x2 
 .bss.m_ble_gatt_queuepool_nrf_balloc_cb
                0x0000000020007ad0        0x8 _build/nrf52832_xxaa/main.c.o
 .bss.m_ble_gatt_queuepool_nrf_balloc_pool_mem
                0x0000000020007ad8       0xc0 _build/nrf52832_xxaa/main.c.o
 .bss.m_ble_gatt_queuepool_nrf_balloc_pool_stack
                0x0000000020007b98        0x8 _build/nrf52832_xxaa/main.c.o
 .bss.m_ble_gatt_queuepurge_queue_nrf_queue_buffer
                0x0000000020007ba0       0x12 _build/nrf52832_xxaa/main.c.o
 *fill*         0x0000000020007bb2        0x2 
 .bss.m_ble_gatt_queuepurge_queue_nrf_queue_cb
                0x0000000020007bb4        0xc _build/nrf52832_xxaa/main.c.o
 .bss.m_ble_gatt_queuereq_queue0_nrf_queue_buffer
                0x0000000020007bc0       0xa0 _build/nrf52832_xxaa/main.c.o
 .bss.m_ble_gatt_queuereq_queue0_nrf_queue_cb
                0x0000000020007c60        0xc _build/nrf52832_xxaa/main.c.o
 .bss.m_ble_gatt_queuereq_queue1_nrf_queue_buffer
                0x0000000020007c6c       0xa0 _build/nrf52832_xxaa/main.c.o
 .bss.m_ble_gatt_queuereq_queue1_nrf_queue_cb
                0x0000000020007d0c        0xc _build/nrf52832_xxaa/main.c.o
 .bss.m_ble_gatt_queuereq_queue2_nrf_queue_buffer
                0x0000000020007d18       0xa0 _build/nrf52832_xxaa/main.c.o
 .bss.m_ble_gatt_queuereq_queue2_nrf_queue_cb
                0x0000000020007db8        0xc _build/nrf52832_xxaa/main.c.o
 .bss.m_ble_gatt_queuereq_queue3_nrf_queue_buffer
                0x0000000020007dc4       0xa0 _build/nrf52832_xxaa/main.c.o
 .bss.m_ble_gatt_queuereq_queue3_nrf_queue_cb
                0x0000000020007e64        0xc _build/nrf52832_xxaa/main.c.o
 .bss.m_ble_gatt_queuereq_queue4_nrf_queue_buffer
                0x0000000020007e70       0xa0 _build/nrf52832_xxaa/main.c.o
 .bss.m_ble_gatt_queuereq_queue4_nrf_queue_cb
                0x0000000020007f10        0xc _build/nrf52832_xxaa/main.c.o
 .bss.m_ble_gatt_queuereq_queue5_nrf_queue_buffer
                0x0000000020007f1c       0xa0 _build/nrf52832_xxaa/main.c.o
 .bss.m_ble_gatt_queuereq_queue5_nrf_queue_cb
                0x0000000020007fbc        0xc _build/nrf52832_xxaa/main.c.o
 .bss.m_ble_gatt_queuereq_queue6_nrf_queue_buffer
                0x0000000020007fc8       0xa0 _build/nrf52832_xxaa/main.c.o
 .bss.m_ble_gatt_queuereq_queue6_nrf_queue_cb
                0x0000000020008068        0xc _build/nrf52832_xxaa/main.c.o
 .bss.m_ble_gatt_queuereq_queue7_nrf_queue_buffer
                0x0000000020008074       0xa0 _build/nrf52832_xxaa/main.c.o
 .bss.m_ble_gatt_queuereq_queue7_nrf_queue_cb
                0x0000000020008114        0xc _build/nrf52832_xxaa/main.c.o
 .bss.m_gatt    0x0000000020008120       0x4c _build/nrf52832_xxaa/main.c.o
 .bss.m_nus_c   0x000000002000816c       0xc0 _build/nrf52832_xxaa/main.c.o
 .bss.m_scan    0x000000002000822c       0x68 _build/nrf52832_xxaa/main.c.o
 .bss.rx_buf.12166
                0x0000000020008294      0x100 _build/nrf52832_xxaa/main.c.o
 .bss.tx_buf.12167
                0x0000000020008394      0x100 _build/nrf52832_xxaa/main.c.o
 .bss.m_bcs     0x0000000020008494       0x7c _build/nrf52832_xxaa/ble_conn_state.c.o
 .bss.m_evt_handler
                0x0000000020008510        0x4 _build/nrf52832_xxaa/ble_db_discovery.c.o
 .bss.m_initialized
                0x0000000020008514        0x1 _build/nrf52832_xxaa/ble_db_discovery.c.o
 *fill*         0x0000000020008515        0x3 
 .bss.m_num_of_handlers_reg
                0x0000000020008518        0x4 _build/nrf52832_xxaa/ble_db_discovery.c.o
 .bss.m_registered_handlers
                0x000000002000851c       0x18 _build/nrf52832_xxaa/ble_db_discovery.c.o
 .bss.mp_gatt_queue
                0x0000000020008534        0x4 _build/nrf52832_xxaa/ble_db_discovery.c.o
 .bss.m_nrf_sdh_continue
                0x0000000020008538        0x1 _build/nrf52832_xxaa/nrf_sdh.c.o
 .bss.m_nrf_sdh_enabled
                0x0000000020008539        0x1 _build/nrf52832_xxaa/nrf_sdh.c.o
 .bss.m_nrf_sdh_suspended
                0x000000002000853a        0x1 _build/nrf52832_xxaa/nrf_sdh.c.o
 .bss.m_stack_is_enabled
                0x000000002000853b        0x1 _build/nrf52832_xxaa/nrf_sdh_ble.c.o
 .bss.m_event_handler
                0x000000002000853c        0x4 _build/nrf52832_xxaa/app_uart.c.o
 .bss.rx_buffer
                0x0000000020008540        0x1 _build/nrf52832_xxaa/app_uart.c.o
 .bss.rx_done   0x0000000020008541        0x1 _build/nrf52832_xxaa/app_uart.c.o
 *fill*         0x0000000020008542        0x2 
 .bss.tx_buffer
                0x0000000020008544        0x1 _build/nrf52832_xxaa/app_uart.c.o
 *(COMMON)
 *fill*         0x0000000020008545        0x3 
 COMMON         0x0000000020008548        0xc _build/nrf52832_xxaa/app_util_platform.c.o
                0x0000000020008548                nrf_nvic_state
 COMMON         0x0000000020008554        0x1 _build/nrf52832_xxaa/nrf_drv_uart.c.o
                0x0000000020008554                nrf_drv_uart_use_easy_dma
                0x0000000020008558                . = ALIGN (0x4)
 *fill*         0x0000000020008555        0x3 
                0x0000000020008558                __bss_end__ = .

.heap           0x0000000020008558        0x0
                0x0000000020008558                __HeapBase = .
                0x0000000020008558                __end__ = .
                [!provide]                        PROVIDE (end = .)
 *(.heap*)
 .heap          0x0000000020008558        0x0 _build/nrf52832_xxaa/gcc_startup_nrf52.S.o
                0x0000000020008558                __HeapLimit = .

.stack_dummy    0x0000000020008558     0x2000
 *(.stack*)
 .stack         0x0000000020008558     0x2000 _build/nrf52832_xxaa/gcc_startup_nrf52.S.o
                0x0000000020010000                __StackTop = (ORIGIN (RAM) + LENGTH (RAM))
                0x000000002000e000                __StackLimit = (__StackTop - SIZEOF (.stack_dummy))
                0x0000000020010000                PROVIDE (__stack = __StackTop)
                0x0000000000000001                ASSERT ((__StackLimit >= __HeapLimit), region RAM overflowed with stack)
                0x0000000000002f50                DataInitFlashUsed = (__bss_start__ - __data_start__)
                0x0000000000008914                CodeFlashUsed = (__etext - ORIGIN (FLASH))
                0x000000000000b864                TotalFlashUsed = (CodeFlashUsed + DataInitFlashUsed)
                0x0000000000000001                ASSERT ((TotalFlashUsed <= LENGTH (FLASH)), region FLASH overflowed with .data and user data)
OUTPUT(_build/nrf52832_xxaa.out elf32-littlearm)

.ARM.attributes
                0x0000000000000000       0x30
 .ARM.attributes
                0x0000000000000000       0x1e /usr/local/Cellar/arm-none-eabi-gcc/9-2019-q4-major/gcc/bin/../lib/gcc/arm-none-eabi/9.2.1/thumb/v7e-m+fp/hard/crti.o
 .ARM.attributes
                0x000000000000001e       0x34 /usr/local/Cellar/arm-none-eabi-gcc/9-2019-q4-major/gcc/bin/../lib/gcc/arm-none-eabi/9.2.1/thumb/v7e-m+fp/hard/crtbegin.o
 .ARM.attributes
                0x0000000000000052       0x1c /usr/local/Cellar/arm-none-eabi-gcc/9-2019-q4-major/gcc/bin/../lib/gcc/arm-none-eabi/9.2.1/../../../../arm-none-eabi/lib/thumb/v7e-m+fp/hard/crt0.o
 .ARM.attributes
                0x000000000000006e       0x20 _build/nrf52832_xxaa/gcc_startup_nrf52.S.o
 .ARM.attributes
                0x000000000000008e       0x34 _build/nrf52832_xxaa/nrf_log_backend_serial.c.o
 .ARM.attributes
                0x00000000000000c2       0x34 _build/nrf52832_xxaa/nrf_log_backend_uart.c.o
 .ARM.attributes
                0x00000000000000f6       0x34 _build/nrf52832_xxaa/nrf_log_default_backends.c.o
 .ARM.attributes
                0x000000000000012a       0x34 _build/nrf52832_xxaa/nrf_log_frontend.c.o
 .ARM.attributes
                0x000000000000015e       0x34 _build/nrf52832_xxaa/nrf_log_str_formatter.c.o
 .ARM.attributes
                0x0000000000000192       0x34 _build/nrf52832_xxaa/app_button.c.o
 .ARM.attributes
                0x00000000000001c6       0x34 _build/nrf52832_xxaa/app_error.c.o
 .ARM.attributes
                0x00000000000001fa       0x34 _build/nrf52832_xxaa/app_error_weak.c.o
 .ARM.attributes
                0x000000000000022e       0x34 _build/nrf52832_xxaa/app_timer2.c.o
 .ARM.attributes
                0x0000000000000262       0x34 _build/nrf52832_xxaa/app_util_platform.c.o
 .ARM.attributes
                0x0000000000000296       0x34 _build/nrf52832_xxaa/drv_rtc.c.o
 .ARM.attributes
                0x00000000000002ca       0x34 _build/nrf52832_xxaa/nrf_atfifo.c.o
 .ARM.attributes
                0x00000000000002fe       0x34 _build/nrf52832_xxaa/nrf_atflags.c.o
 .ARM.attributes
                0x0000000000000332       0x34 _build/nrf52832_xxaa/nrf_atomic.c.o
 .ARM.attributes
                0x0000000000000366       0x34 _build/nrf52832_xxaa/nrf_balloc.c.o
 .ARM.attributes
                0x000000000000039a       0x34 _build/nrf52832_xxaa/nrf_fprintf.c.o
 .ARM.attributes
                0x00000000000003ce       0x34 _build/nrf52832_xxaa/nrf_fprintf_format.c.o
 .ARM.attributes
                0x0000000000000402       0x34 _build/nrf52832_xxaa/nrf_memobj.c.o
 .ARM.attributes
                0x0000000000000436       0x34 _build/nrf52832_xxaa/nrf_pwr_mgmt.c.o
 .ARM.attributes
                0x000000000000046a       0x34 _build/nrf52832_xxaa/nrf_queue.c.o
 .ARM.attributes
                0x000000000000049e       0x34 _build/nrf52832_xxaa/nrf_ringbuf.c.o
 .ARM.attributes
                0x00000000000004d2       0x34 _build/nrf52832_xxaa/nrf_section_iter.c.o
 .ARM.attributes
                0x0000000000000506       0x34 _build/nrf52832_xxaa/nrf_sortlist.c.o
 .ARM.attributes
                0x000000000000053a       0x34 _build/nrf52832_xxaa/nrf_strerror.c.o
 .ARM.attributes
                0x000000000000056e       0x34 _build/nrf52832_xxaa/system_nrf52.c.o
 .ARM.attributes
                0x00000000000005a2       0x34 _build/nrf52832_xxaa/nrf_drv_clock.c.o
 .ARM.attributes
                0x00000000000005d6       0x34 _build/nrf52832_xxaa/nrf_drv_uart.c.o
 .ARM.attributes
                0x000000000000060a       0x34 _build/nrf52832_xxaa/nrfx_clock.c.o
 .ARM.attributes
                0x000000000000063e       0x34 _build/nrf52832_xxaa/nrfx_gpiote.c.o
 .ARM.attributes
                0x0000000000000672       0x34 _build/nrf52832_xxaa/nrfx_prs.c.o
 .ARM.attributes
                0x00000000000006a6       0x34 _build/nrf52832_xxaa/nrfx_uart.c.o
 .ARM.attributes
                0x00000000000006da       0x34 _build/nrf52832_xxaa/nrfx_uarte.c.o
 .ARM.attributes
                0x000000000000070e       0x34 _build/nrf52832_xxaa/bsp.c.o
 .ARM.attributes
                0x0000000000000742       0x34 _build/nrf52832_xxaa/bsp_btn_ble.c.o
 .ARM.attributes
                0x0000000000000776       0x34 _build/nrf52832_xxaa/main.c.o
 .ARM.attributes
                0x00000000000007aa       0x34 _build/nrf52832_xxaa/ble_advdata.c.o
 .ARM.attributes
                0x00000000000007de       0x34 _build/nrf52832_xxaa/ble_conn_state.c.o
 .ARM.attributes
                0x0000000000000812       0x34 _build/nrf52832_xxaa/ble_db_discovery.c.o
 .ARM.attributes
                0x0000000000000846       0x34 _build/nrf52832_xxaa/nrf_ble_gatt.c.o
 .ARM.attributes
                0x000000000000087a       0x34 _build/nrf52832_xxaa/nrf_ble_gq.c.o
 .ARM.attributes
                0x00000000000008ae       0x34 _build/nrf52832_xxaa/nrf_ble_scan.c.o
 .ARM.attributes
                0x00000000000008e2       0x34 _build/nrf52832_xxaa/nrf_sdh.c.o
 .ARM.attributes
                0x0000000000000916       0x34 _build/nrf52832_xxaa/nrf_sdh_ble.c.o
 .ARM.attributes
                0x000000000000094a       0x34 _build/nrf52832_xxaa/nrf_sdh_soc.c.o
 .ARM.attributes
                0x000000000000097e       0x34 _build/nrf52832_xxaa/app_uart.c.o
 .ARM.attributes
                0x00000000000009b2       0x34 _build/nrf52832_xxaa/ble_nus_c.c.o
 .ARM.attributes
                0x00000000000009e6       0x32 /usr/local/Cellar/arm-none-eabi-gcc/9-2019-q4-major/gcc/bin/../lib/gcc/arm-none-eabi/9.2.1/../../../../arm-none-eabi/lib/thumb/v7e-m+fp/hard/libc_nano.a(lib_a-ctype_.o)
 .ARM.attributes
                0x0000000000000a18       0x34 /usr/local/Cellar/arm-none-eabi-gcc/9-2019-q4-major/gcc/bin/../lib/gcc/arm-none-eabi/9.2.1/../../../../arm-none-eabi/lib/thumb/v7e-m+fp/hard/libc_nano.a(lib_a-exit.o)
 .ARM.attributes
                0x0000000000000a4c       0x32 /usr/local/Cellar/arm-none-eabi-gcc/9-2019-q4-major/gcc/bin/../lib/gcc/arm-none-eabi/9.2.1/../../../../arm-none-eabi/lib/thumb/v7e-m+fp/hard/libc_nano.a(lib_a-impure.o)
 .ARM.attributes
                0x0000000000000a7e       0x34 /usr/local/Cellar/arm-none-eabi-gcc/9-2019-q4-major/gcc/bin/../lib/gcc/arm-none-eabi/9.2.1/../../../../arm-none-eabi/lib/thumb/v7e-m+fp/hard/libc_nano.a(lib_a-init.o)
 .ARM.attributes
                0x0000000000000ab2       0x34 /usr/local/Cellar/arm-none-eabi-gcc/9-2019-q4-major/gcc/bin/../lib/gcc/arm-none-eabi/9.2.1/../../../../arm-none-eabi/lib/thumb/v7e-m+fp/hard/libc_nano.a(lib_a-memcmp.o)
 .ARM.attributes
                0x0000000000000ae6       0x34 /usr/local/Cellar/arm-none-eabi-gcc/9-2019-q4-major/gcc/bin/../lib/gcc/arm-none-eabi/9.2.1/../../../../arm-none-eabi/lib/thumb/v7e-m+fp/hard/libc_nano.a(lib_a-memcpy-stub.o)
 .ARM.attributes
                0x0000000000000b1a       0x34 /usr/local/Cellar/arm-none-eabi-gcc/9-2019-q4-major/gcc/bin/../lib/gcc/arm-none-eabi/9.2.1/../../../../arm-none-eabi/lib/thumb/v7e-m+fp/hard/libc_nano.a(lib_a-memset.o)
 .ARM.attributes
                0x0000000000000b4e       0x1c /usr/local/Cellar/arm-none-eabi-gcc/9-2019-q4-major/gcc/bin/../lib/gcc/arm-none-eabi/9.2.1/../../../../arm-none-eabi/lib/thumb/v7e-m+fp/hard/libc_nano.a(lib_a-strcmp.o)
 .ARM.attributes
                0x0000000000000b6a       0x17 /usr/local/Cellar/arm-none-eabi-gcc/9-2019-q4-major/gcc/bin/../lib/gcc/arm-none-eabi/9.2.1/../../../../arm-none-eabi/lib/thumb/v7e-m+fp/hard/libc_nano.a(lib_a-strlen.o)
 .ARM.attributes
                0x0000000000000b81       0x34 /usr/local/Cellar/arm-none-eabi-gcc/9-2019-q4-major/gcc/bin/../lib/gcc/arm-none-eabi/9.2.1/../../../../arm-none-eabi/lib/thumb/v7e-m+fp/hard/libnosys.a(_exit.o)
 .ARM.attributes
                0x0000000000000bb5       0x32 /usr/local/Cellar/arm-none-eabi-gcc/9-2019-q4-major/gcc/bin/../lib/gcc/arm-none-eabi/9.2.1/thumb/v7e-m+fp/hard/crtend.o
 .ARM.attributes
                0x0000000000000be7       0x1e /usr/local/Cellar/arm-none-eabi-gcc/9-2019-q4-major/gcc/bin/../lib/gcc/arm-none-eabi/9.2.1/thumb/v7e-m+fp/hard/crtn.o

.comment        0x0000000000000000       0x79
 .comment       0x0000000000000000       0x79 _build/nrf52832_xxaa/nrf_log_backend_serial.c.o
                                         0x7a (size before relaxing)
 .comment       0x0000000000000079       0x7a _build/nrf52832_xxaa/nrf_log_backend_uart.c.o
 .comment       0x0000000000000079       0x7a _build/nrf52832_xxaa/nrf_log_default_backends.c.o
 .comment       0x0000000000000079       0x7a _build/nrf52832_xxaa/nrf_log_frontend.c.o
 .comment       0x0000000000000079       0x7a _build/nrf52832_xxaa/nrf_log_str_formatter.c.o
 .comment       0x0000000000000079       0x7a _build/nrf52832_xxaa/app_button.c.o
 .comment       0x0000000000000079       0x7a _build/nrf52832_xxaa/app_error.c.o
 .comment       0x0000000000000079       0x7a _build/nrf52832_xxaa/app_error_weak.c.o
 .comment       0x0000000000000079       0x7a _build/nrf52832_xxaa/app_timer2.c.o
 .comment       0x0000000000000079       0x7a _build/nrf52832_xxaa/app_util_platform.c.o
 .comment       0x0000000000000079       0x7a _build/nrf52832_xxaa/drv_rtc.c.o
 .comment       0x0000000000000079       0x7a _build/nrf52832_xxaa/nrf_atfifo.c.o
 .comment       0x0000000000000079       0x7a _build/nrf52832_xxaa/nrf_atflags.c.o
 .comment       0x0000000000000079       0x7a _build/nrf52832_xxaa/nrf_atomic.c.o
 .comment       0x0000000000000079       0x7a _build/nrf52832_xxaa/nrf_balloc.c.o
 .comment       0x0000000000000079       0x7a _build/nrf52832_xxaa/nrf_fprintf.c.o
 .comment       0x0000000000000079       0x7a _build/nrf52832_xxaa/nrf_fprintf_format.c.o
 .comment       0x0000000000000079       0x7a _build/nrf52832_xxaa/nrf_memobj.c.o
 .comment       0x0000000000000079       0x7a _build/nrf52832_xxaa/nrf_pwr_mgmt.c.o
 .comment       0x0000000000000079       0x7a _build/nrf52832_xxaa/nrf_queue.c.o
 .comment       0x0000000000000079       0x7a _build/nrf52832_xxaa/nrf_ringbuf.c.o
 .comment       0x0000000000000079       0x7a _build/nrf52832_xxaa/nrf_section_iter.c.o
 .comment       0x0000000000000079       0x7a _build/nrf52832_xxaa/nrf_sortlist.c.o
 .comment       0x0000000000000079       0x7a _build/nrf52832_xxaa/nrf_strerror.c.o
 .comment       0x0000000000000079       0x7a _build/nrf52832_xxaa/system_nrf52.c.o
 .comment       0x0000000000000079       0x7a _build/nrf52832_xxaa/nrf_drv_clock.c.o
 .comment       0x0000000000000079       0x7a _build/nrf52832_xxaa/nrf_drv_uart.c.o
 .comment       0x0000000000000079       0x7a _build/nrf52832_xxaa/nrfx_clock.c.o
 .comment       0x0000000000000079       0x7a _build/nrf52832_xxaa/nrfx_gpiote.c.o
 .comment       0x0000000000000079       0x7a _build/nrf52832_xxaa/nrfx_prs.c.o
 .comment       0x0000000000000079       0x7a _build/nrf52832_xxaa/nrfx_uart.c.o
 .comment       0x0000000000000079       0x7a _build/nrf52832_xxaa/nrfx_uarte.c.o
 .comment       0x0000000000000079       0x7a _build/nrf52832_xxaa/bsp.c.o
 .comment       0x0000000000000079       0x7a _build/nrf52832_xxaa/bsp_btn_ble.c.o
 .comment       0x0000000000000079       0x7a _build/nrf52832_xxaa/main.c.o
 .comment       0x0000000000000079       0x7a _build/nrf52832_xxaa/ble_advdata.c.o
 .comment       0x0000000000000079       0x7a _build/nrf52832_xxaa/ble_conn_state.c.o
 .comment       0x0000000000000079       0x7a _build/nrf52832_xxaa/ble_db_discovery.c.o
 .comment       0x0000000000000079       0x7a _build/nrf52832_xxaa/nrf_ble_gatt.c.o
 .comment       0x0000000000000079       0x7a _build/nrf52832_xxaa/nrf_ble_gq.c.o
 .comment       0x0000000000000079       0x7a _build/nrf52832_xxaa/nrf_ble_scan.c.o
 .comment       0x0000000000000079       0x7a _build/nrf52832_xxaa/nrf_sdh.c.o
 .comment       0x0000000000000079       0x7a _build/nrf52832_xxaa/nrf_sdh_ble.c.o
 .comment       0x0000000000000079       0x7a _build/nrf52832_xxaa/nrf_sdh_soc.c.o
 .comment       0x0000000000000079       0x7a _build/nrf52832_xxaa/app_uart.c.o
 .comment       0x0000000000000079       0x7a _build/nrf52832_xxaa/ble_nus_c.c.o

.debug_line     0x0000000000000000    0x2c9d7
 .debug_line    0x0000000000000000       0x86 _build/nrf52832_xxaa/gcc_startup_nrf52.S.o
 .debug_line    0x0000000000000086      0x92a _build/nrf52832_xxaa/nrf_log_backend_serial.c.o
 .debug_line    0x00000000000009b0      0xc57 _build/nrf52832_xxaa/nrf_log_backend_uart.c.o
 .debug_line    0x0000000000001607      0x805 _build/nrf52832_xxaa/nrf_log_default_backends.c.o
 .debug_line    0x0000000000001e0c     0x2ca6 _build/nrf52832_xxaa/nrf_log_frontend.c.o
 .debug_line    0x0000000000004ab2      0xa61 _build/nrf52832_xxaa/nrf_log_str_formatter.c.o
 .debug_line    0x0000000000005513     0x130c _build/nrf52832_xxaa/app_button.c.o
 .debug_line    0x000000000000681f      0x5b7 _build/nrf52832_xxaa/app_error.c.o
 .debug_line    0x0000000000006dd6      0x90a _build/nrf52832_xxaa/app_error_weak.c.o
 .debug_line    0x00000000000076e0     0x121d _build/nrf52832_xxaa/app_timer2.c.o
 .debug_line    0x00000000000088fd      0x7fb _build/nrf52832_xxaa/app_util_platform.c.o
 .debug_line    0x00000000000090f8     0x157f _build/nrf52832_xxaa/drv_rtc.c.o
 .debug_line    0x000000000000a677      0xad9 _build/nrf52832_xxaa/nrf_atfifo.c.o
 .debug_line    0x000000000000b150      0x8ee _build/nrf52832_xxaa/nrf_atflags.c.o
 .debug_line    0x000000000000ba3e      0x921 _build/nrf52832_xxaa/nrf_atomic.c.o
 .debug_line    0x000000000000c35f      0x952 _build/nrf52832_xxaa/nrf_balloc.c.o
 .debug_line    0x000000000000ccb1      0x5dd _build/nrf52832_xxaa/nrf_fprintf.c.o
 .debug_line    0x000000000000d28e      0xfb7 _build/nrf52832_xxaa/nrf_fprintf_format.c.o
 .debug_line    0x000000000000e245      0xbec _build/nrf52832_xxaa/nrf_memobj.c.o
 .debug_line    0x000000000000ee31      0xf08 _build/nrf52832_xxaa/nrf_pwr_mgmt.c.o
 .debug_line    0x000000000000fd39     0x13ee _build/nrf52832_xxaa/nrf_queue.c.o
 .debug_line    0x0000000000011127      0xa4c _build/nrf52832_xxaa/nrf_ringbuf.c.o
 .debug_line    0x0000000000011b73      0x5f3 _build/nrf52832_xxaa/nrf_section_iter.c.o
 .debug_line    0x0000000000012166      0x7df _build/nrf52832_xxaa/nrf_sortlist.c.o
 .debug_line    0x0000000000012945      0x644 _build/nrf52832_xxaa/nrf_strerror.c.o
 .debug_line    0x0000000000012f89      0x9e7 _build/nrf52832_xxaa/system_nrf52.c.o
 .debug_line    0x0000000000013970     0x12b4 _build/nrf52832_xxaa/nrf_drv_clock.c.o
 .debug_line    0x0000000000014c24      0x8e7 _build/nrf52832_xxaa/nrf_drv_uart.c.o
 .debug_line    0x000000000001550b     0x11b7 _build/nrf52832_xxaa/nrfx_clock.c.o
 .debug_line    0x00000000000166c2     0x2e27 _build/nrf52832_xxaa/nrfx_gpiote.c.o
 .debug_line    0x00000000000194e9      0x9d7 _build/nrf52832_xxaa/nrfx_prs.c.o
 .debug_line    0x0000000000019ec0     0x1ee0 _build/nrf52832_xxaa/nrfx_uart.c.o
 .debug_line    0x000000000001bda0     0x1e88 _build/nrf52832_xxaa/nrfx_uarte.c.o
 .debug_line    0x000000000001dc28     0x12e1 _build/nrf52832_xxaa/bsp.c.o
 .debug_line    0x000000000001ef09      0xb82 _build/nrf52832_xxaa/bsp_btn_ble.c.o
 .debug_line    0x000000000001fa8b     0x1b7f _build/nrf52832_xxaa/main.c.o
 .debug_line    0x000000000002160a     0x140b _build/nrf52832_xxaa/ble_advdata.c.o
 .debug_line    0x0000000000022a15     0x1227 _build/nrf52832_xxaa/ble_conn_state.c.o
 .debug_line    0x0000000000023c3c     0x1b84 _build/nrf52832_xxaa/ble_db_discovery.c.o
 .debug_line    0x00000000000257c0     0x1055 _build/nrf52832_xxaa/nrf_ble_gatt.c.o
 .debug_line    0x0000000000026815     0x117f _build/nrf52832_xxaa/nrf_ble_gq.c.o
 .debug_line    0x0000000000027994     0x110f _build/nrf52832_xxaa/nrf_ble_scan.c.o
 .debug_line    0x0000000000028aa3     0x109e _build/nrf52832_xxaa/nrf_sdh.c.o